04-28 16:55:32.042  1795  1795 I SystemServer: StartSearchManagerService
04-28 16:55:32.042  1795  1795 I SystemServiceManager: Starting com.android.server.search.SearchManagerService$Lifecycle
04-28 16:55:32.044  1795  1795 I SystemServiceManager: Starting com.android.server.DropBoxManagerService
04-28 16:55:32.045  1795  1795 I SystemServer: StartWallpaperManagerService
04-28 16:55:32.045  1795  1795 I SystemServiceManager: Starting com.android.server.wallpaper.WallpaperManagerService$Lifecycle
04-28 16:55:32.047  1795  1795 E WallpaperManagerService: Invalid wallpaper data
04-28 16:55:32.047  1795  1795 E WallpaperManagerService: Unable to apply new wallpaper
04-28 16:55:32.048  1795  1795 I SystemServer: StartAudioService
04-28 16:55:32.048  1795  1795 I SystemServiceManager: Starting com.android.server.audio.AudioService$Lifecycle
04-28 16:55:32.075  1795  1795 I SystemServiceManager: Starting com.android.server.DockObserver
04-28 16:55:32.076  1795  1795 W DockObserver: This kernel does not have dock station support
04-28 16:55:32.076  1795  1795 I SystemServer: StartWiredAccessoryManager
04-28 16:55:32.077  1795  1795 W WiredAccessoryManager: This kernel does not have usb audio support
04-28 16:55:32.077  1795  1795 W WiredAccessoryManager: This kernel does not have HDMI audio support
04-28 16:55:32.077  1795  1795 I SystemServiceManager: Starting com.android.server.midi.MidiService$Lifecycle
04-28 16:55:32.079  1795  1795 I SystemServiceManager: Starting com.android.server.usb.UsbService$Lifecycle
04-28 16:55:32.090  1795  1795 I SystemServer: StartSerialService
04-28 16:55:32.092  1795  1795 I SystemServiceManager: Starting com.android.server.twilight.TwilightService
04-28 16:55:32.092  1795  1795 I SystemServiceManager: Starting com.android.server.display.NightDisplayService
04-28 16:55:32.093  1795  1795 I SystemServiceManager: Starting com.android.server.job.JobSchedulerService
04-28 16:55:32.095  1795  1795 D JobStore: Start tag: job-info
04-28 16:55:32.103  1795  1795 I SystemServiceManager: Starting com.android.server.soundtrigger.SoundTriggerService
04-28 16:55:32.103  1795  1795 I SystemServiceManager: Starting com.android.server.backup.BackupManagerService$Lifecycle
04-28 16:55:32.105  1795  1795 I SystemServiceManager: Starting com.android.server.appwidget.AppWidgetService
04-28 16:55:32.112  1795  1795 I SystemServiceManager: Starting com.android.server.voiceinteraction.VoiceInteractionManagerService
04-28 16:55:32.113  1795  1795 I SystemServer: Gesture Launcher Service
04-28 16:55:32.113  1795  1795 I SystemServiceManager: Starting com.android.server.GestureLauncherService
04-28 16:55:32.113  1795  1795 I SystemServiceManager: Starting com.android.server.SensorNotificationService
04-28 16:55:32.114  1795  1795 I SystemServiceManager: Starting com.android.server.ContextHubSystemService
04-28 16:55:32.114  1795  1795 I SystemServer: StartDiskStatsService
04-28 16:55:32.116  1795  1795 I SystemServer: StartSamplingProfilerService
04-28 16:55:32.120  1795  1795 I SystemServer: StartNetworkTimeUpdateService
04-28 16:55:32.121  1795  1795 I SystemServer: StartCommonTimeManagementService
04-28 16:55:32.122  1795  1795 I SystemServer: CertBlacklister
04-28 16:55:32.122  1795  1795 I SystemServiceManager: Starting com.android.server.emergency.EmergencyAffordanceService
04-28 16:55:32.123  1795  1795 I SystemServiceManager: Starting com.android.server.dreams.DreamManagerService
04-28 16:55:32.125  1795  1795 I SystemServiceManager: Starting com.android.server.print.PrintManagerService
04-28 16:55:32.127  1795  1795 I SystemServiceManager: Starting com.android.server.restrictions.RestrictionsManagerService
04-28 16:55:32.128  1795  1795 I SystemServiceManager: Starting com.android.server.media.MediaSessionService
04-28 16:55:32.130  1795  1795 I SystemServer: StartMediaRouterService
04-28 16:55:32.131  1795  1795 I SystemServiceManager: Starting com.android.server.trust.TrustManagerService
04-28 16:55:32.132  1795  1795 I SystemServiceManager: Starting com.android.server.fingerprint.FingerprintService
04-28 16:55:32.134  1795  1795 W FingerprintService: fingerprint service not available
04-28 16:55:32.134  1795  1795 V FingerprintService: Fingerprint HAL id: 0
04-28 16:55:32.134  1795  1795 I SystemServer: StartBackgroundDexOptService
04-28 16:55:32.135  1795  1795 I SystemServiceManager: Starting com.android.server.pm.ShortcutService$Lifecycle
04-28 16:55:32.138  1795  1795 I SystemServiceManager: Starting com.android.server.pm.LauncherAppsService
04-28 16:55:32.139  1795  1795 I SystemServiceManager: Starting com.android.server.media.projection.MediaProjectionManagerService
04-28 16:55:32.145  1795  1795 I SystemServiceManager: Starting com.android.server.MmsServiceBroker
04-28 16:55:32.169  1795  1795 E LockSettingsStorage: Cannot read file java.io.FileNotFoundException: /data/system/gatekeeper.password.key: open failed: ENOENT (No such file or directory)
04-28 16:55:32.169  1795  1795 E LockSettingsStorage: Cannot read file java.io.FileNotFoundException: /data/system/password.key: open failed: ENOENT (No such file or directory)
04-28 16:55:32.169  1795  1795 E LockSettingsStorage: Cannot read file java.io.FileNotFoundException: /data/system/gatekeeper.pattern.key: open failed: ENOENT (No such file or directory)
04-28 16:55:32.170  1795  1795 E LockSettingsStorage: Cannot read file java.io.FileNotFoundException: /data/system/gatekeeper.gesture.key: open failed: ENOENT (No such file or directory)
04-28 16:55:32.170  1795  1795 E LockSettingsStorage: Cannot read file java.io.FileNotFoundException: /data/system/gesture.key: open failed: ENOENT (No such file or directory)
04-28 16:55:32.170  1795  1795 I SystemServiceManager: Starting phase 480
04-28 16:55:32.180  1795  1795 I DevicePolicyManagerService: Set ro.device_owner property to false
04-28 16:55:32.182  1795  1795 I SystemServiceManager: Starting phase 500
04-28 16:55:32.190  1795  1795 I WifiService: WifiService starting up with Wi-Fi enabled
04-28 16:55:32.191  1795  1795 D WifiService: setWifiEnabled: true pid=1795, uid=1000
04-28 16:55:32.195  1795  2104 D ConnectivityService: Got NetworkFactory Messenger for Ethernet
04-28 16:55:32.232  1795  1795 V UserManagerService: Found /data/user_de/0 with serial number 0
04-28 16:55:32.233  1795  1795 V UserManagerService: Found /data/user/0 with serial number 0
04-28 16:55:32.233  1795  1795 V UserManagerService: Found /data/system_de/0 with serial number 0
04-28 16:55:32.233  1795  1795 V UserManagerService: Found /data/system_ce/0 with serial number 0
04-28 16:55:32.233  1795  1878 W KeyguardServiceDelegate: onScreenTurningOn(): no keyguard service!
04-28 16:55:32.313  1795  1795 I ActivityManager: System now ready
04-28 16:55:32.314  1795  1795 I ActivityManager: Config changes=4 {1.0 ?mcc?mnc [ru_RU,en_US] ldltr sw360dp w360dp h616dp 480dpi nrml long port finger -keyb/v/h -nav/h s.6}
04-28 16:55:32.330  1795  1795 I SystemServer: Making services ready
04-28 16:55:32.330  1795  1795 I SystemServiceManager: Starting phase 550
04-28 16:55:32.353  1795  1795 D BluetoothManagerService: Bluetooth boot completed
04-28 16:55:32.354  1795  1795 E InputMethodManagerService: Ignoring updateSystemUiLocked due to an invalid token. uid:1000 token:null
04-28 16:55:32.395  1795  1795 I ActivityManager: Start proc 2124:com.android.inputmethod.latin/u0a48 for service com.android.inputmethod.latin/.LatinIME
04-28 16:55:32.395  1795  1795 V InputMethodManagerService: Adding window token: android.os.Binder@b2c2cb
04-28 16:55:32.395  1795  2087 D MountService: Thinking about init, mSystemReady=true, mDaemonConnected=true
04-28 16:55:32.395  1795  2087 D MountService: Setting up emulation state, initlocked=false
04-28 16:55:32.395  1795  2087 D CryptdConnector: SND -> {2 cryptfs unlock_user_key 0 0 ! !}
04-28 16:55:32.396   471   478 D vold    : e4crypt_unlock_user_key 0 serial=0 token_present=0
04-28 16:55:32.396  1795  1795 E WallpaperManagerService: Invalid wallpaper data
04-28 16:55:32.396  1795  1795 E WallpaperManagerService: Unable to apply new wallpaper
04-28 16:55:32.396  1795  2089 D CryptdConnector: RCV <- {200 2 Command succeeded}
04-28 16:55:32.397  1795  2087 D MountService: Thinking about reset, mSystemReady=true, mDaemonConnected=true
04-28 16:55:32.397  1795  2087 D VoldConnector: SND -> {3 volume reset}
04-28 16:55:32.397  1795  1836 I ActivityManager: Force stopping com.android.providers.media appid=10010 user=-1: vold reset
04-28 16:55:32.398  1795  2088 D VoldConnector: RCV <- {651 emulated 7}
04-28 16:55:32.398  1795  2088 D VoldConnector: RCV <- {659 emulated}
04-28 16:55:32.398   471   477 V vold    : /system/bin/sgdisk
04-28 16:55:32.398   471   477 V vold    :     --android-dump
04-28 16:55:32.398   471   477 V vold    :     /dev/block/vold/disk:179_64
04-28 16:55:32.399  1795  2088 D VoldConnector: RCV <- {650 emulated 2 "" ""}
04-28 16:55:32.399  1795  2088 D VoldConnector: RCV <- {651 emulated 0}
04-28 16:55:32.399  1795  2088 D VoldConnector: RCV <- {651 public:179_65 7}
04-28 16:55:32.400  1795  2088 D VoldConnector: RCV <- {659 public:179_65}
04-28 16:55:32.400  1795  1873 V MountService: Found primary storage at VolumeInfo{emulated}:
04-28 16:55:32.400  1795  1873 V MountService:     type=EMULATED diskId=null partGuid=null mountFlags=0 mountUserId=-1 
04-28 16:55:32.400  1795  1873 V MountService:     state=UNMOUNTED 
04-28 16:55:32.400  1795  1873 V MountService:     fsType=null fsUuid=null fsLabel=null 
04-28 16:55:32.400  1795  1873 V MountService:     path=null internalPath=null 
04-28 16:55:32.400  1795  2088 D VoldConnector: RCV <- {649 disk:179_64}
04-28 16:55:32.400  1795  2088 D VoldConnector: RCV <- {640 disk:179_64 7}
04-28 16:55:32.401  1795  2088 D VoldConnector: RCV <- {641 disk:179_64 64021856256}
04-28 16:55:32.401  1795  2088 D VoldConnector: RCV <- {642 disk:179_64 Samsung}
04-28 16:55:32.402  1795  2088 D VoldConnector: RCV <- {644 disk:179_64 /sys//devices/soc/7864900.sdhci/mmc_host/mmc1/mmc1:0001/block/mmcblk1}
04-28 16:55:32.409  1795  1795 I ActivityManager: Start proc 2130:com.android.systemui/u0a27 for service com.android.systemui/.ImageWallpaper
04-28 16:55:32.413  1795  1795 D UsbAlsaManager: Adding ALSA device AlsaDevice: [card: 0, device: 39, type: 2]
04-28 16:55:32.413  1795  1795 D UsbAlsaManager: Adding ALSA device AlsaDevice: [card: 0, device: 38, type: 1]
04-28 16:55:32.413  1795  1795 D UsbAlsaManager: Adding ALSA device AlsaDevice: [card: 0, device: 37, type: 2]
04-28 16:55:32.413  1795  1795 D UsbAlsaManager: Adding ALSA device AlsaDevice: [card: 0, device: 37, type: 1]
04-28 16:55:32.413  1795  1795 D UsbAlsaManager: Adding ALSA device AlsaDevice: [card: 0, device: 36, type: 2]
04-28 16:55:32.413  1795  1795 D UsbAlsaManager: Adding ALSA device AlsaDevice: [card: 0, device: 36, type: 1]
04-28 16:55:32.413  1795  1795 D UsbAlsaManager: Adding ALSA device AlsaDevice: [card: 0, device: 35, type: 2]
04-28 16:55:32.413  1795  1795 D UsbAlsaManager: Adding ALSA device AlsaDevice: [card: 0, device: 35, type: 1]
04-28 16:55:32.413  1795  1795 D UsbAlsaManager: Adding ALSA device AlsaDevice: [card: 0, device: 34, type: 2]
04-28 16:55:32.413  1795  1795 D UsbAlsaManager: Adding ALSA device AlsaDevice: [card: 0, device: 34, type: 1]
04-28 16:55:32.413  1795  1795 D UsbAlsaManager: Adding ALSA device AlsaDevice: [card: 0, device: 26, type: 2]
04-28 16:55:32.413  1795  1795 D UsbAlsaManager: Adding ALSA device AlsaDevice: [card: 0, device: 25, type: 1]
04-28 16:55:32.413  1795  1795 D UsbAlsaManager: Adding ALSA device AlsaDevice: [card: 0, device: 23, type: 2]
04-28 16:55:32.413  1795  1795 D UsbAlsaManager: Adding ALSA device AlsaDevice: [card: 0, device: 22, type: 2]
04-28 16:55:32.413  1795  1795 D UsbAlsaManager: Adding ALSA device AlsaDevice: [card: 0, device: 21, type: 2]
04-28 16:55:32.413  1795  1795 D UsbAlsaManager: Adding ALSA device AlsaDevice: [card: 0, device: 20, type: 2]
04-28 16:55:32.413  1795  1795 D UsbAlsaManager: Adding ALSA device AlsaDevice: [card: 0, device: 19, type: 2]
04-28 16:55:32.413  1795  1795 D UsbAlsaManager: Adding ALSA device AlsaDevice: [card: 0, device: 18, type: 2]
04-28 16:55:32.414  1795  1795 D UsbAlsaManager: Adding ALSA device AlsaDevice: [card: 0, device: 18, type: 1]
04-28 16:55:32.414  1795  1795 D UsbAlsaManager: Adding ALSA device AlsaDevice: [card: 0, device: 17, type: 2]
04-28 16:55:32.414  1795  1795 D UsbAlsaManager: Adding ALSA device AlsaDevice: [card: 0, device: 17, type: 1]
04-28 16:55:32.414  1795  1795 D UsbAlsaManager: Adding ALSA device AlsaDevice: [card: 0, device: 16, type: 2]
04-28 16:55:32.414  1795  1795 D UsbAlsaManager: Adding ALSA device AlsaDevice: [card: 0, device: 16, type: 1]
04-28 16:55:32.414  1795  1795 D UsbAlsaManager: Adding ALSA device AlsaDevice: [card: 0, device: 15, type: 2]
04-28 16:55:32.414  1795  1795 D UsbAlsaManager: Adding ALSA device AlsaDevice: [card: 0, device: 15, type: 1]
04-28 16:55:32.414  1795  1795 D UsbAlsaManager: Adding ALSA device AlsaDevice: [card: 0, device: 14, type: 2]
04-28 16:55:32.414  1795  1795 D UsbAlsaManager: Adding ALSA device AlsaDevice: [card: 0, device: 14, type: 1]
04-28 16:55:32.414  1795  1795 D UsbAlsaManager: Adding ALSA device AlsaDevice: [card: 0, device: 13, type: 2]
04-28 16:55:32.414  1795  1795 D UsbAlsaManager: Adding ALSA device AlsaDevice: [card: 0, device: 13, type: 1]
04-28 16:55:32.414  1795  1795 D UsbAlsaManager: Adding ALSA device AlsaDevice: [card: 0, device: 12, type: 2]
04-28 16:55:32.414  1795  1795 D UsbAlsaManager: Adding ALSA device AlsaDevice: [card: 0, device: 12, type: 1]
04-28 16:55:32.414  1795  1795 D UsbAlsaManager: Adding ALSA device AlsaDevice: [card: 0, device: 11, type: 2]
04-28 16:55:32.414  1795  1795 D UsbAlsaManager: Adding ALSA device AlsaDevice: [card: 0, device: 10, type: 2]
04-28 16:55:32.414  1795  1795 D UsbAlsaManager: Adding ALSA device AlsaDevice: [card: 0, device: 10, type: 1]
04-28 16:55:32.414  1795  1795 D UsbAlsaManager: Adding ALSA device AlsaDevice: [card: 0, device: 8, type: 2]
04-28 16:55:32.414  1795  1795 D UsbAlsaManager: Adding ALSA device AlsaDevice: [card: 0, device: 7, type: 1]
04-28 16:55:32.414  1795  1795 D UsbAlsaManager: Adding ALSA device AlsaDevice: [card: 0, device: 6, type: 2]
04-28 16:55:32.414  1795  1795 D UsbAlsaManager: Adding ALSA device AlsaDevice: [card: 0, device: 5, type: 1]
04-28 16:55:32.414  1795  1795 D UsbAlsaManager: Adding ALSA device AlsaDevice: [card: 0, device: 4, type: 1]
04-28 16:55:32.414  1795  1795 D UsbAlsaManager: Adding ALSA device AlsaDevice: [card: 0, device: 3, type: 2]
04-28 16:55:32.414  1795  1795 D UsbAlsaManager: Adding ALSA device AlsaDevice: [card: 0, device: 3, type: 1]
04-28 16:55:32.414  1795  1795 D UsbAlsaManager: Adding ALSA device AlsaDevice: [card: 0, device: 2, type: 2]
04-28 16:55:32.414  1795  1795 D UsbAlsaManager: Adding ALSA device AlsaDevice: [card: 0, device: 2, type: 1]
04-28 16:55:32.414  1795  1795 D UsbAlsaManager: Adding ALSA device AlsaDevice: [card: 0, device: 1, type: 2]
04-28 16:55:32.414  1795  1795 D UsbAlsaManager: Adding ALSA device AlsaDevice: [card: 0, device: 1, type: 1]
04-28 16:55:32.414  1795  1795 D UsbAlsaManager: Adding ALSA device AlsaDevice: [card: 0, device: 0, type: 2]
04-28 16:55:32.414  1795  1795 D UsbAlsaManager: Adding ALSA device AlsaDevice: [card: 0, device: 0, type: 1]
04-28 16:55:32.417  1795  2111 D BluetoothManagerService: Trying to bind to profile: 1, while Bluetooth was disabled
04-28 16:55:32.417  1795  1795 I SystemServer: WebViewFactory preparation
04-28 16:55:32.481  1795  1795 W ActivityManager: Slow operation: 52ms so far, now at startProcess: returned from zygote!
04-28 16:55:32.482  1795  1795 W ActivityManager: Slow operation: 52ms so far, now at startProcess: done updating battery stats
04-28 16:55:32.482  1795  1795 W ActivityManager: Slow operation: 52ms so far, now at startProcess: building log message
04-28 16:55:32.482  1795  1795 I ActivityManager: Start proc 2159:WebViewLoader-armeabi-v7a/1037 [android.webkit.WebViewFactory$RelroFileCreator] for 
04-28 16:55:32.482  1795  1795 W ActivityManager: Slow operation: 53ms so far, now at startProcess: starting to update pids map
04-28 16:55:32.482  1795  1795 W ActivityManager: Slow operation: 53ms so far, now at startProcess: done updating pids map
04-28 16:55:32.482  1795  1795 W ActivityManager: Slow operation: 53ms so far, now at startProcess: done starting proc!
04-28 16:55:32.493  1795  1795 I ActivityManager: Start proc 2173:WebViewLoader-arm64-v8a/1037 [android.webkit.WebViewFactory$RelroFileCreator] for 
04-28 16:55:32.495  1795  1795 D NetworkManagement: enabling bandwidth control
04-28 16:55:32.689  1795  1795 D NetworkPolicy: setRestrictBackgroundUL(): false
04-28 16:55:32.722   471   477 V vold    : DISK mbr
04-28 16:55:32.722   471   477 V vold    : 
04-28 16:55:32.722   471   477 V vold    : PART 1 7
04-28 16:55:32.722   471   477 V vold    : 
04-28 16:55:32.723  1795  2088 D VoldConnector: RCV <- {650 public:179_65 0 "disk:179_64" ""}
04-28 16:55:32.724  1795  2088 D VoldConnector: RCV <- {651 public:179_65 0}
04-28 16:55:32.724  1795  2088 D VoldConnector: RCV <- {643 disk:179_64}
04-28 16:55:32.724  1795  2088 D VoldConnector: RCV <- {200 3 Command succeeded}
04-28 16:55:32.725  1795  2087 D VoldConnector: SND -> {4 volume user_added 0 0}
04-28 16:55:32.726  1795  2088 D VoldConnector: RCV <- {200 4 Command succeeded}
04-28 16:55:32.728  1795  2087 D VoldConnector: SND -> {5 volume mount emulated 3 -1}
04-28 16:55:32.728  2124  2226 E ActivityThread: Failed to find provider info for user_dictionary
04-28 16:55:32.730   471   477 V vold    : Waiting for FUSE to spin up...
04-28 16:55:32.730  1795  2088 D VoldConnector: RCV <- {651 emulated 1}
04-28 16:55:32.731  1795  2088 D VoldConnector: RCV <- {656 emulated /data/media}
04-28 16:55:32.731  1795  2088 D VoldConnector: RCV <- {655 emulated /storage/emulated}
04-28 16:55:32.780  1795  2088 D VoldConnector: RCV <- {651 emulated 2}
04-28 16:55:32.781  1795  2088 D VoldConnector: RCV <- {200 5 Command succeeded}
04-28 16:55:32.782  1795  2087 D VoldConnector: SND -> {6 volume mount public:179_65 2 0}
04-28 16:55:32.782   471   477 V vold    : /system/bin/blkid
04-28 16:55:32.782  1795  2088 D VoldConnector: RCV <- {651 public:179_65 1}
04-28 16:55:32.782   471   477 V vold    :     -c
04-28 16:55:32.782   471   477 V vold    :     /dev/null
04-28 16:55:32.782   471   477 V vold    :     -s
04-28 16:55:32.782   471   477 V vold    :     TYPE
04-28 16:55:32.782   471   477 V vold    :     -s
04-28 16:55:32.783   471   477 V vold    :     UUID
04-28 16:55:32.783   471   477 V vold    :     -s
04-28 16:55:32.783   471   477 V vold    :     LABEL
04-28 16:55:32.783   471   477 V vold    :     /dev/block/vold/public:179_65
04-28 16:55:32.806   471   477 V vold    : /dev/block/vold/public:179_65: UUID="0000-0000" TYPE="exfat" 
04-28 16:55:32.806   471   477 V vold    : 
04-28 16:55:32.807  1795  2088 D VoldConnector: RCV <- {652 public:179_65 exfat}
04-28 16:55:32.807   471   477 V vold    : /system/bin/fsck.exfat
04-28 16:55:32.807   471   477 V vold    :     /dev/block/vold/public:179_65
04-28 16:55:32.807  1795  2088 D VoldConnector: RCV <- {653 public:179_65 0000-0000}
04-28 16:55:32.807  1795  2088 D VoldConnector: RCV <- {654 public:179_65 }
04-28 16:55:32.808  1795  2088 D VoldConnector: RCV <- {656 public:179_65 /mnt/media_rw/0000-0000}
04-28 16:55:32.808  1795  2088 D VoldConnector: RCV <- {655 public:179_65 /storage/0000-0000}
04-28 16:55:32.956  1795  1811 I StatusBarManagerService: registerStatusBar bar=com.android.internal.statusbar.IStatusBar$Stub$Proxy@9e4a446
04-28 16:55:33.234  1795  1837 W WindowManager: Keyguard drawn timeout. Setting mKeyguardDrawComplete
04-28 16:55:33.300  2130  2130 I StatusBar: isKeyguardShowing() called before startKeyguard(), returning true
04-28 16:55:33.304  2130  2130 W StatusBar: isKeyguardSecure() called before startKeyguard(), returning false
04-28 16:55:33.304  2130  2130 W StatusBar: java.lang.Throwable
04-28 16:55:33.304  2130  2130 W StatusBar: 	at com.android.systemui.statusbar.BaseStatusBar.isKeyguardSecure(BaseStatusBar.java:2675)
04-28 16:55:33.304  2130  2130 W StatusBar: 	at com.android.systemui.statusbar.BaseStatusBar.isCameraAllowedByAdmin(BaseStatusBar.java:2698)
04-28 16:55:33.304  2130  2130 W StatusBar: 	at com.android.systemui.statusbar.phone.KeyguardBottomAreaView.updateCameraVisibility(KeyguardBottomAreaView.java:317)
04-28 16:55:33.304  2130  2130 W StatusBar: 	at com.android.systemui.statusbar.phone.KeyguardBottomAreaView.setPhoneStatusBar(KeyguardBottomAreaView.java:280)
04-28 16:55:33.304  2130  2130 W StatusBar: 	at com.android.systemui.statusbar.phone.PhoneStatusBar.makeStatusBarView(PhoneStatusBar.java:1110)
04-28 16:55:33.304  2130  2130 W StatusBar: 	at com.android.systemui.statusbar.phone.PhoneStatusBar.addStatusBarWindow(PhoneStatusBar.java:3800)
04-28 16:55:33.304  2130  2130 W StatusBar: 	at com.android.systemui.statusbar.phone.PhoneStatusBar.createAndAddWindows(PhoneStatusBar.java:3796)
04-28 16:55:33.304  2130  2130 W StatusBar: 	at com.android.systemui.statusbar.BaseStatusBar.start(BaseStatusBar.java:774)
04-28 16:55:33.304  2130  2130 W StatusBar: 	at com.android.systemui.statusbar.phone.PhoneStatusBar.start(PhoneStatusBar.java:869)
04-28 16:55:33.304  2130  2130 W StatusBar: 	at com.android.systemui.statusbar.SystemBars.createStatusBarFromConfig(SystemBars.java:106)
04-28 16:55:33.304  2130  2130 W StatusBar: 	at com.android.systemui.statusbar.SystemBars.onNoService(SystemBars.java:58)
04-28 16:55:33.304  2130  2130 W StatusBar: 	at com.android.systemui.statusbar.ServiceMonitor.startService(ServiceMonitor.java:230)
04-28 16:55:33.304  2130  2130 W StatusBar: 	at com.android.systemui.statusbar.ServiceMonitor.-wrap5(ServiceMonitor.java)
04-28 16:55:33.304  2130  2130 W StatusBar: 	at com.android.systemui.statusbar.ServiceMonitor$1.handleMessage(ServiceMonitor.java:73)
04-28 16:55:33.304  2130  2130 W StatusBar: 	at android.os.Handler.dispatchMessage(Handler.java:102)
04-28 16:55:33.304  2130  2130 W StatusBar: 	at android.os.Looper.loop(Looper.java:154)
04-28 16:55:33.304  2130  2130 W StatusBar: 	at android.app.ActivityThread.main(ActivityThread.java:6171)
04-28 16:55:33.304  2130  2130 W StatusBar: 	at java.lang.reflect.Method.invoke(Native Method)
04-28 16:55:33.304  2130  2130 W StatusBar: 	at com.android.internal.os.ZygoteInit$MethodAndArgsCaller.run(ZygoteInit.java:891)
04-28 16:55:33.304  2130  2130 W StatusBar: 	at com.android.internal.os.ZygoteInit.main(ZygoteInit.java:781)
04-28 16:55:33.305  2130  2130 I StatusBar: isKeyguardShowing() called before startKeyguard(), returning true
04-28 16:55:33.305  2130  2130 W StatusBar: isKeyguardSecure() called before startKeyguard(), returning false
04-28 16:55:33.305  2130  2130 W StatusBar: java.lang.Throwable
04-28 16:55:33.305  2130  2130 W StatusBar: 	at com.android.systemui.statusbar.BaseStatusBar.isKeyguardSecure(BaseStatusBar.java:2675)
04-28 16:55:33.305  2130  2130 W StatusBar: 	at com.android.systemui.statusbar.BaseStatusBar.isCameraAllowedByAdmin(BaseStatusBar.java:2698)
04-28 16:55:33.305  2130  2130 W StatusBar: 	at com.android.systemui.statusbar.phone.KeyguardBottomAreaView.updateCameraVisibility(KeyguardBottomAreaView.java:317)
04-28 16:55:33.305  2130  2130 W StatusBar: 	at com.android.systemui.statusbar.phone.KeyguardBottomAreaView.setUserSetupComplete(KeyguardBottomAreaView.java:289)
04-28 16:55:33.305  2130  2130 W StatusBar: 	at com.android.systemui.statusbar.phone.PhoneStatusBar.makeStatusBarView(PhoneStatusBar.java:1111)
04-28 16:55:33.305  2130  2130 W StatusBar: 	at com.android.systemui.statusbar.phone.PhoneStatusBar.addStatusBarWindow(PhoneStatusBar.java:3800)
04-28 16:55:33.305  2130  2130 W StatusBar: 	at com.android.systemui.statusbar.phone.PhoneStatusBar.createAndAddWindows(PhoneStatusBar.java:3796)
04-28 16:55:33.305  2130  2130 W StatusBar: 	at com.android.systemui.statusbar.BaseStatusBar.start(BaseStatusBar.java:774)
04-28 16:55:33.305  2130  2130 W StatusBar: 	at com.android.systemui.statusbar.phone.PhoneStatusBar.start(PhoneStatusBar.java:869)
04-28 16:55:33.305  2130  2130 W StatusBar: 	at com.android.systemui.statusbar.SystemBars.createStatusBarFromConfig(SystemBars.java:106)
04-28 16:55:33.305  2130  2130 W StatusBar: 	at com.android.systemui.statusbar.SystemBars.onNoService(SystemBars.java:58)
04-28 16:55:33.305  2130  2130 W StatusBar: 	at com.android.systemui.statusbar.ServiceMonitor.startService(ServiceMonitor.java:230)
04-28 16:55:33.305  2130  2130 W StatusBar: 	at com.android.systemui.statusbar.ServiceMonitor.-wrap5(ServiceMonitor.java)
04-28 16:55:33.305  2130  2130 W StatusBar: 	at com.android.systemui.statusbar.ServiceMonitor$1.handleMessage(ServiceMonitor.java:73)
04-28 16:55:33.305  2130  2130 W StatusBar: 	at android.os.Handler.dispatchMessage(Handler.java:102)
04-28 16:55:33.305  2130  2130 W StatusBar: 	at android.os.Looper.loop(Looper.java:154)
04-28 16:55:33.305  2130  2130 W StatusBar: 	at android.app.ActivityThread.main(ActivityThread.java:6171)
04-28 16:55:33.305  2130  2130 W StatusBar: 	at java.lang.reflect.Method.invoke(Native Method)
04-28 16:55:33.305  2130  2130 W StatusBar: 	at com.android.internal.os.ZygoteInit$MethodAndArgsCaller.run(ZygoteInit.java:891)
04-28 16:55:33.305  2130  2130 W StatusBar: 	at com.android.internal.os.ZygoteInit.main(ZygoteInit.java:781)
04-28 16:55:33.684   471   477 V vold    : /system/bin/mount.exfat
04-28 16:55:33.684   471   477 V vold    :     -o
04-28 16:55:33.684   471   477 V vold    :     noatime,nodev,nosuid,dirsync,uid=1023,gid=1023,fmask=7,dmask=7,noexec,rw
04-28 16:55:33.684   471   477 V vold    :     /dev/block/vold/public:179_65
04-28 16:55:33.684   471   477 V vold    :     /mnt/media_rw/0000-0000
04-28 16:55:33.720   471   477 V vold    : Waiting for FUSE to spin up...
04-28 16:55:33.771  1795  2088 D VoldConnector: RCV <- {651 public:179_65 2}
04-28 16:55:33.771  1795  2088 D VoldConnector: RCV <- {200 6 Command succeeded}
04-28 16:55:33.772  1795  2087 E VoldConnector: NDC Command {6 volume mount public:179_65 2 0} took too long (990ms)
04-28 16:55:34.017  1795  2095 E NetdConnector: NDC Command {9 softap fwreload wlan0 STA} took too long (1319ms)
04-28 16:55:34.054  1795  1795 E NetdConnector: NDC Command {10 firewall enable_chain standby} took too long (1331ms)
04-28 16:55:34.182  1795  1795 I SystemServiceManager: Starting phase 600
04-28 16:55:34.193  1795  1795 D GestureLauncherService: Gesture launcher mEmergencyNumber = 112 hits = 3
04-28 16:55:34.193  2130  2130 I StatusBar: isKeyguardShowing() called before startKeyguard(), returning true
04-28 16:55:34.194  2130  2372 E ActivityThread: Failed to find provider info for com.android.contacts
04-28 16:55:34.194  1795  1795 D SensorNotificationService: Cannot obtain dynamic meta sensor, not supported.
04-28 16:55:34.194  2130  2130 W StatusBar: isKeyguardSecure() called before startKeyguard(), returning false
04-28 16:55:34.194  2130  2130 W StatusBar: java.lang.Throwable
04-28 16:55:34.194  2130  2130 W StatusBar: 	at com.android.systemui.statusbar.BaseStatusBar.isKeyguardSecure(BaseStatusBar.java:2675)
04-28 16:55:34.194  2130  2130 W StatusBar: 	at com.android.systemui.statusbar.BaseStatusBar.isCameraAllowedByAdmin(BaseStatusBar.java:2698)
04-28 16:55:34.194  2130  2130 W StatusBar: 	at com.android.systemui.statusbar.phone.KeyguardBottomAreaView.updateCameraVisibility(KeyguardBottomAreaView.java:317)
04-28 16:55:34.194  2130  2130 W StatusBar: 	at com.android.systemui.statusbar.phone.KeyguardBottomAreaView.setUserSetupComplete(KeyguardBottomAreaView.java:289)
04-28 16:55:34.194  2130  2130 W StatusBar: 	at com.android.systemui.statusbar.phone.PhoneStatusBar$2.onChange(PhoneStatusBar.java:490)
04-28 16:55:34.194  2130  2130 W StatusBar: 	at com.android.systemui.statusbar.phone.PhoneStatusBar.resetUserSetupObserver(PhoneStatusBar.java:4058)
04-28 16:55:34.194  2130  2130 W StatusBar: 	at com.android.systemui.statusbar.phone.PhoneStatusBar.makeStatusBarView(PhoneStatusBar.java:1229)
04-28 16:55:34.194  2130  2130 W StatusBar: 	at com.android.systemui.statusbar.phone.PhoneStatusBar.addStatusBarWindow(PhoneStatusBar.java:3800)
04-28 16:55:34.194  2130  2130 W StatusBar: 	at com.android.systemui.statusbar.phone.PhoneStatusBar.createAndAddWindows(PhoneStatusBar.java:3796)
04-28 16:55:34.194  2130  2130 W StatusBar: 	at com.android.systemui.statusbar.BaseStatusBar.start(BaseStatusBar.java:774)
04-28 16:55:34.194  2130  2130 W StatusBar: 	at com.android.systemui.statusbar.phone.PhoneStatusBar.start(PhoneStatusBar.java:869)
04-28 16:55:34.194  2130  2130 W StatusBar: 	at com.android.systemui.statusbar.SystemBars.createStatusBarFromConfig(SystemBars.java:106)
04-28 16:55:34.194  2130  2130 W StatusBar: 	at com.android.systemui.statusbar.SystemBars.onNoService(SystemBars.java:58)
04-28 16:55:34.194  2130  2130 W StatusBar: 	at com.android.systemui.statusbar.ServiceMonitor.startService(ServiceMonitor.java:230)
04-28 16:55:34.194  2130  2130 W StatusBar: 	at com.android.systemui.statusbar.ServiceMonitor.-wrap5(ServiceMonitor.java)
04-28 16:55:34.194  2130  2130 W StatusBar: 	at com.android.systemui.statusbar.ServiceMonitor$1.handleMessage(ServiceMonitor.java:73)
04-28 16:55:34.194  2130  2130 W StatusBar: 	at android.os.Handler.dispatchMessage(Handler.java:102)
04-28 16:55:34.194  2130  2130 W StatusBar: 	at android.os.Looper.loop(Looper.java:154)
04-28 16:55:34.194  2130  2130 W StatusBar: 	at android.app.ActivityThread.main(ActivityThread.java:6171)
04-28 16:55:34.194  2130  2130 W StatusBar: 	at java.lang.reflect.Method.invoke(Native Method)
04-28 16:55:34.194  2130  2130 W StatusBar: 	at com.android.internal.os.ZygoteInit$MethodAndArgsCaller.run(ZygoteInit.java:891)
04-28 16:55:34.194  2130  2130 W StatusBar: 	at com.android.internal.os.ZygoteInit.main(ZygoteInit.java:781)
04-28 16:55:34.234  1795  1795 W LocationProviderProxy-network: Odd, no component found for service com.android.location.service.v3.NetworkLocationProvider
04-28 16:55:34.238  1795  1795 W GeocoderProxy: Odd, no component found for service com.android.location.service.GeocodeProvider
04-28 16:55:34.260  1795  1795 W FusedProxy: Odd, no component found for service com.android.location.service.FusedProvider
04-28 16:55:34.263  1795  1795 W GeofenceProxy: Odd, no component found for service com.android.location.service.GeofenceProvider
04-28 16:55:34.270  1795  1795 W ActivityRecognitionProxy: Odd, no component found for service com.android.location.service.ActivityRecognitionProvider
04-28 16:55:34.283  1795  1836 I ActivityManager: Start proc 2380:com.google.android.gms.persistent/u0a79 for broadcast com.google.android.gms/.chimera.GmsIntentOperationService$PersistentTrustedReceiver
04-28 16:55:34.292  1795  1795 I MmsServiceBroker: Delay connecting to MmsService until an API is called
04-28 16:55:34.297  1795  1795 W VoiceInteractionManagerService: no available voice interaction services found for user 0
04-28 16:55:34.297  1795  1795 W VoiceInteractionManagerService: no available voice recognition services found for user 0
04-28 16:55:34.309  1795  1795 I ActivityManager: Start proc 2397:.dataservices/1000 for added application .dataservices
04-28 16:55:34.320  1795  1795 I ActivityManager: Start proc 2410:com.qualcomm.qcrilmsgtunnel/1001 for added application com.qualcomm.qcrilmsgtunnel
04-28 16:55:34.331  1795  1795 I ActivityManager: Start proc 2423:com.android.phone/1001 for added application com.android.phone
04-28 16:55:34.332  1795  1795 I ActivityManager: START u0 {act=android.intent.action.MAIN cat=[android.intent.category.HOME] flg=0x10000100 cmp=com.android.settings/.FallbackHome} from uid 0 on display 0
04-28 16:55:34.345  1795  1795 I ActivityManager: Loaded persisted task ids for user 0
04-28 16:55:34.359  1795  1795 I ActivityManager: Start proc 2438:com.android.settings/1000 for activity com.android.settings/.FallbackHome
04-28 16:55:34.369  1795  1795 D ConditionProviders.SCP: onConnected
04-28 16:55:34.392  1795  1795 D ConditionProviders: Subscribing to condition://android/schedule?days=6.7&start=23.30&end=10.0&exitAtAlarm=false with ComponentInfo{android/com.android.server.notification.ScheduleConditionProvider}
04-28 16:55:34.392  1795  1795 D ConditionProviders: Subscribing to condition://android/event?userId=-10000&calendar=&reply=1 with ComponentInfo{android/com.android.server.notification.EventConditionProvider}
04-28 16:55:34.392  1795  1795 D ConditionProviders: Subscribing to condition://android/schedule?days=1.2.3.4.5&start=22.0&end=7.0&exitAtAlarm=false with ComponentInfo{android/com.android.server.notification.ScheduleConditionProvider}
04-28 16:55:34.393  1795  1835 W LocationProviderProxy-network: Odd, no component found for service com.android.location.service.v3.NetworkLocationProvider
04-28 16:55:34.394  1795  1835 W GeocoderProxy: Odd, no component found for service com.android.location.service.GeocodeProvider
04-28 16:55:34.394  1795  1835 W FusedProxy: Odd, no component found for service com.android.location.service.FusedProvider
04-28 16:55:34.394  1795  1835 W GeofenceProxy: Odd, no component found for service com.android.location.service.GeofenceProvider
04-28 16:55:34.394  1795  1835 W ActivityRecognitionProxy: Odd, no component found for service com.android.location.service.ActivityRecognitionProvider
04-28 16:55:34.458  2397  2397 W ContextImpl: Calling a method in the system process without a qualified user: android.app.ContextImpl.sendBroadcast:877 android.content.ContextWrapper.sendBroadcast:421 com.quicinc.cne.CNEService.CNEServiceApp.broadcastCNEStarted:103 com.quicinc.cne.CNEService.CNEServiceApp.startCne:123 com.quicinc.cne.CNEService.CNEServiceApp.onCreate:94 
04-28 16:55:34.465  1795  2094 D WifiService: New client listening to asynchronous messages
04-28 16:55:34.527  2130  2476 E ActivityThread: Failed to find provider info for com.android.contacts
04-28 16:55:34.546  1795  1795 D BluetoothManagerService: Trying to bind to profile: 1, while Bluetooth was disabled
04-28 16:55:34.552  1795  1795 I Telecom : SystemStateProvider: Registering car mode receiver: android.content.IntentFilter@5f51f5f: TS.init@AAA
04-28 16:55:34.559  1795  2481 I Telecom : Telecom: Non-call EVENT: AUDIO_ROUTE, Entering state QuiescentEarpieceRoute
04-28 16:55:34.567  1795  2482 I Telecom : CallAudioModeStateMachine: Message received: null.: TS.init->CAMSM.pM_1@AAA_0
04-28 16:55:34.585  1795  1795 I Telecom : ViceNotificationImpl: ViceNotificationImpl: TS.init@AAA
04-28 16:55:34.588  1795  2484 E ActivityThread: Failed to find provider info for call_log
04-28 16:55:34.589  1795  1795 D BluetoothManagerService: Trying to bind to profile: 1, while Bluetooth was disabled
04-28 16:55:34.590  1795  1795 I Telecom : BluetoothPhoneService: Ignoring IBluetoothDsdaService class not found exception : TS.init@AAA
04-28 16:55:34.593  1795  1795 I Telecom : Class: TelecomSystem.INSTANCE being set
04-28 16:55:34.594  1795  1795 W ContextImpl: Calling a method in the system process without a qualified user: android.app.ContextImpl.startService:1357 android.content.ContextWrapper.startService:613 com.android.server.telecom.components.TelecomService.initializeTelecomSystem:196 com.android.server.telecom.components.TelecomService.onBind:64 android.app.ActivityThread.handleBindService:3234 
04-28 16:55:34.595  1795  1795 W ContextImpl: Calling a method in the system process without a qualified user: android.app.ContextImpl.startService:1357 com.android.server.content.SyncManager$13.run:658 android.os.Handler.handleCallback:751 android.os.Handler.dispatchMessage:95 android.os.Looper.loop:154 
04-28 16:55:34.612  1795  1836 W KeyguardServiceDelegate: onScreenTurningOn(): no keyguard service!
04-28 16:55:34.615  1795  1875 I WindowManager: Screen frozen for +244ms due to AppWindowToken{c7c0291 token=Token{ffa2b1b ActivityRecord{3f712a u0 com.android.settings/.FallbackHome t1}}}
04-28 16:55:34.641  1795  1795 V WiredAccessoryManager: notifyWiredAccessoryChanged: when=0 bits= mask=54
04-28 16:55:34.642  1795  1795 V WiredAccessoryManager: newName=h2w newState=0 headsetState=0 prev headsetState=0
04-28 16:55:34.642  1795  1795 V WiredAccessoryManager: init()
04-28 16:55:34.660  1795  1839 E BatteryStatsService: no controller energy info supplied
04-28 16:55:34.689  2380  2380 E ActivityThread: Failed to find provider info for com.google.android.gsf.gservices
04-28 16:55:34.699  1795  1839 E BatteryStatsService: no controller energy info supplied
04-28 16:55:34.707  1795  1795 D AccessibilityManagerService: Ignoring non-encryption-aware service ComponentInfo{com.teslacoilsw.launcher/com.teslacoilsw.launcher.NovaAccessibilityService}
04-28 16:55:34.712  2380  2380 E ActivityThread: Failed to find provider info for com.google.android.gsf.gservices
04-28 16:55:34.713  2380  2380 E ActivityThread: Failed to find provider info for com.google.android.gsf.gservices
04-28 16:55:34.716  2380  2380 E ActivityThread: Failed to find provider info for com.google.android.gsf.gservices
04-28 16:55:34.717  2380  2380 E ActivityThread: Failed to find provider info for com.google.android.gsf.gservices
04-28 16:55:34.734  2380  2380 E ActivityThread: Failed to find provider info for com.google.android.gsf.gservices
04-28 16:55:34.734  2380  2380 E ActivityThread: Failed to find provider info for com.google.android.gsf.gservices
04-28 16:55:34.743  1795  1810 I ActivityManager: Setting hasTopUi=true for pid=2130
04-28 16:55:34.745  1795  2153 I ActivityManager: Setting hasTopUi=false for pid=2130
04-28 16:55:34.756  1795  1795 D ConditionProviders.SCP: onSubscribe condition://android/schedule?days=6.7&start=23.30&end=10.0&exitAtAlarm=false
04-28 16:55:34.756  1795  1795 D ConditionProviders.SCP: setRegistered true
04-28 16:55:34.756  1795  1795 D ConditionProviders.SCP: notifyCondition condition://android/schedule?days=6.7&start=23.30&end=10.0&exitAtAlarm=false STATE_FALSE reason=!meetsSchedule
04-28 16:55:34.757  1795  1795 D ConditionProviders.SCP: Scheduling evaluate for Sun Apr 28 23:30:00 GMT+03:00 2019 (1556483400000), in +6h34m25s244ms, now=Sun Apr 28 16:55:34 GMT+03:00 2019 (1556459734756)
04-28 16:55:34.758  1795  1795 D ConditionProviders.SCP: onSubscribe condition://android/schedule?days=1.2.3.4.5&start=22.0&end=7.0&exitAtAlarm=false
04-28 16:55:34.758  1795  1795 D ConditionProviders.SCP: notifyCondition condition://android/schedule?days=6.7&start=23.30&end=10.0&exitAtAlarm=false STATE_FALSE reason=!meetsSchedule
04-28 16:55:34.758  1795  1795 D ConditionProviders.SCP: notifyCondition condition://android/schedule?days=1.2.3.4.5&start=22.0&end=7.0&exitAtAlarm=false STATE_FALSE reason=!meetsSchedule
04-28 16:55:34.759  1795  1795 D ConditionProviders.SCP: Scheduling evaluate for Sun Apr 28 22:00:00 GMT+03:00 2019 (1556478000000), in +5h4m25s242ms, now=Sun Apr 28 16:55:34 GMT+03:00 2019 (1556459734758)
04-28 16:55:34.760  1795  2110 E ActivityThread: Failed to find provider info for com.android.calendar
04-28 16:55:34.762  1795  2110 E ActivityThread: Failed to find provider info for com.android.calendar
04-28 16:55:34.762  1795  1795 I Telecom : WiredHeadsetManager: ACTION_HEADSET_PLUG event, plugged in: false, : WHC.oADA@AAE
04-28 16:55:34.766  1795  1795 I ActivityManager: user 0 is still locked. Cannot load recents
04-28 16:55:34.784  1795  2427 I ActivityManager: user 0 is still locked. Cannot load recents
04-28 16:55:34.791  2380  2380 E ActivityThread: Failed to find provider info for com.google.android.gsf.gservices
04-28 16:55:34.810  1795  1835 I SyncManager: Got SyncJobService instance.
04-28 16:55:34.811  2380  2380 E ActivityThread: Failed to find provider info for com.google.android.gsf.gservices
04-28 16:55:34.812  2380  2380 E ActivityThread: Failed to find provider info for com.google.android.gsf.gservices
04-28 16:55:34.821  1795  1837 W InputMethodManagerService: Starting input on non-focused client android.view.inputmethod.InputMethodManager$1@c41ed7d (uid=1000 pid=1795)
04-28 16:55:34.838  1795  2154 I ActivityManager: user 0 is still locked. Cannot load recents
04-28 16:55:34.863  2380  2380 E ActivityThread: Failed to find provider info for com.google.android.gsf.gservices
04-28 16:55:34.864  2380  2380 E ActivityThread: Failed to find provider info for com.google.android.gsf.gservices
04-28 16:55:34.866  2380  2380 E ActivityThread: Failed to find provider info for com.google.android.gsf.gservices
04-28 16:55:34.867  2380  2380 E ActivityThread: Failed to find provider info for com.google.android.gsf.gservices
04-28 16:55:34.875  2380  2380 E ActivityThread: Failed to find provider info for com.google.android.gsf.gservices
04-28 16:55:34.878  2380  2380 E ActivityThread: Failed to find provider info for com.google.android.gsf.gservices
04-28 16:55:34.880  2380  2380 E ActivityThread: Failed to find provider info for com.google.android.gsf.gservices
04-28 16:55:34.888  2380  2380 E ActivityThread: Failed to find provider info for com.google.android.gsf.gservices
04-28 16:55:34.889  2380  2380 E ActivityThread: Failed to find provider info for com.google.android.gsf.gservices
04-28 16:55:34.890  2380  2380 E ActivityThread: Failed to find provider info for com.google.android.gsf.gservices
04-28 16:55:34.891  2380  2380 E ActivityThread: Failed to find provider info for com.google.android.gsf.gservices
04-28 16:55:34.892  2380  2380 E ActivityThread: Failed to find provider info for com.google.android.gsf.gservices
04-28 16:55:34.892  2380  2380 E ActivityThread: Failed to find provider info for com.google.android.gsf.gservices
04-28 16:55:34.895  2380  2380 E ActivityThread: Failed to find provider info for com.google.android.gsf.gservices
04-28 16:55:34.895  2380  2380 E ActivityThread: Failed to find provider info for com.google.android.gsf.gservices
04-28 16:55:34.898  2380  2380 E ActivityThread: Failed to find provider info for com.google.android.gsf.gservices
04-28 16:55:34.908  2380  2380 E ActivityThread: Failed to find provider info for com.google.android.gsf.gservices
04-28 16:55:34.909  2380  2380 E ActivityThread: Failed to find provider info for com.google.android.gsf.gservices
04-28 16:55:34.910  2380  2380 E ActivityThread: Failed to find provider info for com.google.android.gsf.gservices
04-28 16:55:34.912  2380  2380 E ActivityThread: Failed to find provider info for com.google.android.gsf.gservices
04-28 16:55:34.913  2380  2380 E ActivityThread: Failed to find provider info for com.google.android.gsf.gservices
04-28 16:55:34.919  2380  2380 E ActivityThread: Failed to find provider info for com.google.android.gsf.gservices
04-28 16:55:34.921  2380  2380 E ActivityThread: Failed to find provider info for com.google.android.gsf.gservices
04-28 16:55:34.922  2380  2380 E ActivityThread: Failed to find provider info for com.google.android.gsf.gservices
04-28 16:55:34.929  1795  2104 D ConnectivityService: Got NetworkFactory Messenger for PhoneSwitcherNetworkRequstListener
04-28 16:55:34.936  2380  2380 E ActivityThread: Failed to find provider info for com.google.android.gsf.gservices
04-28 16:55:34.937  1795  2104 D ConnectivityService: Got NetworkFactory Messenger for TelephonyNetworkFactory[0]
04-28 16:55:34.938  1795  2104 D ConnectivityService: Got NetworkFactory Messenger for TelephonyNetworkFactory[1]
04-28 16:55:34.938  2380  2380 E ActivityThread: Failed to find provider info for com.google.android.gsf.gservices
04-28 16:55:34.939  2380  2380 E ActivityThread: Failed to find provider info for com.google.android.gsf.gservices
04-28 16:55:34.940  2380  2380 E ActivityThread: Failed to find provider info for com.google.android.gsf.gservices
04-28 16:55:34.941  2380  2380 E ActivityThread: Failed to find provider info for com.google.android.gsf.gservices
04-28 16:55:34.942  2380  2380 E ActivityThread: Failed to find provider info for com.google.android.gsf.gservices
04-28 16:55:34.943  2380  2380 E ActivityThread: Failed to find provider info for com.google.android.gsf.gservices
04-28 16:55:34.944  2380  2380 E ActivityThread: Failed to find provider info for com.google.android.gsf.gservices
04-28 16:55:34.945  2380  2380 E ActivityThread: Failed to find provider info for com.google.android.gsf.gservices
04-28 16:55:34.946  2380  2380 E ActivityThread: Failed to find provider info for com.google.android.gsf.gservices
04-28 16:55:34.947  2380  2380 E ActivityThread: Failed to find provider info for com.google.android.gsf.gservices
04-28 16:55:34.948  2380  2380 E ActivityThread: Failed to find provider info for com.google.android.gsf.gservices
04-28 16:55:34.949  2380  2380 E ActivityThread: Failed to find provider info for com.google.android.gsf.gservices
04-28 16:55:34.950  2380  2380 E ActivityThread: Failed to find provider info for com.google.android.gsf.gservices
04-28 16:55:34.951  2380  2380 E ActivityThread: Failed to find provider info for com.google.android.gsf.gservices
04-28 16:55:34.953  2380  2380 E ActivityThread: Failed to find provider info for com.google.android.gsf.gservices
04-28 16:55:34.959  2423  2544 E ActivityThread: Failed to find provider info for com.android.contacts
04-28 16:55:34.959  2380  2543 E ActivityThread: Failed to find provider info for com.google.android.gsf.gservices
04-28 16:55:34.960  2380  2543 E ActivityThread: Failed to find provider info for com.google.android.gsf.gservices
04-28 16:55:34.961  2380  2543 E ActivityThread: Failed to find provider info for com.google.android.gsf.gservices
04-28 16:55:34.962  2380  2543 E ActivityThread: Failed to find provider info for com.google.android.gsf.gservices
04-28 16:55:34.965  2380  2380 E ActivityThread: Failed to find provider info for com.google.android.gsf.gservices
04-28 16:55:34.967  1795  1810 D BluetoothManagerService: Trying to bind to profile: 1, while Bluetooth was disabled
04-28 16:55:34.982  2380  2380 E ActivityThread: Failed to find provider info for com.google.android.gsf.gservices
04-28 16:55:34.984  2380  2380 E ActivityThread: Failed to find provider info for com.google.android.gsf.gservices
04-28 16:55:35.028  1795  1836 I ActivityManager: Start proc 2558:com.android.cellbroadcastreceiver/u0a4 for broadcast com.android.cellbroadcastreceiver/.CellBroadcastReceiver
04-28 16:55:35.378  1795  2153 I ActivityManager: Start proc 2619:org.codeaurora.ims/1001 for broadcast org.codeaurora.ims/.ImsServiceAutoboot
04-28 16:55:35.408  1795  2153 I Telecom : PhoneAccountRegistrar: [ComponentInfo{com.android.phone/com.android.services.telephony.TelephonyConnectionService}, [e0184adedf913b076626646d3f52c3b49c39ad6d], UserHandle{0}(icon: Icon(typ=BITMAP size=57x72) -> Icon(typ=BITMAP size=57x72))]: TSI.rPA@AAQ
04-28 16:55:35.411  1795  2153 I Telecom : : Sending phone-account registered intent as user: TSI.rPA@AAQ
04-28 16:55:35.430  1795  2153 I Telecom : PhoneAccountRegistrar: [ComponentInfo{com.android.phone/com.android.services.telephony.TelephonyConnectionService}, [e0184adedf913b076626646d3f52c3b49c39ad6d], UserHandle{0}(icon: Icon(typ=BITMAP size=57x72) -> Icon(typ=BITMAP size=57x72))]: TSI.rPA@AAc
04-28 16:55:35.432  1795  2153 I Telecom : : Sending phone-account registered intent as user: TSI.rPA@AAc
04-28 16:55:35.491  1795  2427 I Telecom : PhoneAccountRegistrar: [ComponentInfo{com.android.phone/com.android.services.telephony.TelephonyConnectionService}, [e0184adedf913b076626646d3f52c3b49c39ad6d], UserHandle{0}(icon: Icon(typ=BITMAP size=57x72) -> Icon(typ=BITMAP size=57x72))]: TSI.rPA@AAo
04-28 16:55:35.493  1795  2427 I Telecom : : Sending phone-account registered intent as user: TSI.rPA@AAo
04-28 16:55:35.585  1795  1810 I Telecom : PhoneAccountRegistrar: [ComponentInfo{com.android.phone/com.android.services.telephony.TelephonyConnectionService}, [e0184adedf913b076626646d3f52c3b49c39ad6d], UserHandle{0}(icon: Icon(typ=BITMAP size=57x72) -> Icon(typ=BITMAP size=57x72))]: TSI.rPA@AAs
04-28 16:55:35.587  1795  1810 I Telecom : : Sending phone-account registered intent as user: TSI.rPA@AAs
04-28 16:55:35.604  1795  2153 I Telecom : PhoneAccountRegistrar: [ComponentInfo{com.android.phone/com.android.services.telephony.TelephonyConnectionService}, [e0184adedf913b076626646d3f52c3b49c39ad6d], UserHandle{0}(icon: Icon(typ=BITMAP size=57x72) -> Icon(typ=BITMAP size=57x72))]: TSI.rPA@AA4
04-28 16:55:35.606  1795  2153 I Telecom : : Sending phone-account registered intent as user: TSI.rPA@AA4
04-28 16:55:35.634  1795  1795 I Telecom : ViceNotificationImpl: mImsIntentReceiver: action com.android.ims.IMS_SERVICE_UP
04-28 16:55:35.724  2423  2423 D MccTable: updateMccMncConfiguration mccmnc='00000' fromServiceState=true
04-28 16:55:35.725  2423  2423 D MccTable: updateMccMncConfiguration defaultMccMnc=
04-28 16:55:35.725  2423  2423 D MccTable: updateMccMncConfiguration: mcc=0, mnc=0
04-28 16:55:35.725  2423  2423 D MccTable: WIFI_COUNTRY_CODE set to 
04-28 16:55:35.726  1795  2427 I WifiService: WifiService trying to set country code to  with persist set to false
04-28 16:55:35.750  1795  2427 I Telecom : PhoneAccountRegistrar: [ComponentInfo{com.android.phone/com.android.services.telephony.TelephonyConnectionService}, [e0184adedf913b076626646d3f52c3b49c39ad6d], UserHandle{0}(icon: Icon(typ=BITMAP size=57x72) -> Icon(typ=BITMAP size=57x72))]: TSI.rPA@ABE
04-28 16:55:35.752  1795  2427 I Telecom : : Sending phone-account registered intent as user: TSI.rPA@ABE
04-28 16:55:35.839  2423  2423 D MccTable: updateMccMncConfiguration mccmnc='' fromServiceState=false
04-28 16:55:35.865  1795  1811 I Telecom : PhoneAccountRegistrar: [ComponentInfo{com.android.phone/com.android.services.telephony.TelephonyConnectionService}, [e0184adedf913b076626646d3f52c3b49c39ad6d], UserHandle{0}(icon: Icon(typ=BITMAP size=57x72) -> Icon(typ=BITMAP size=57x72))]: TSI.rPA@ABQ
