04-28 16:55:35.868  1795  1811 I Telecom : : Sending phone-account registered intent as user: TSI.rPA@ABQ
04-28 16:55:35.905  1795  1795 I Telecom : ViceNotificationImpl: mImsIntentReceiver: action com.android.ims.IMS_SERVICE_UP
04-28 16:55:35.983  1795  2153 I Telecom : PhoneAccountRegistrar: New phone account registered: [[ ] PhoneAccount: ComponentInfo{com.android.phone/com.android.services.telephony.TelephonyConnectionService}, [356a192b7913b04c54574d18c28d46e6395428ab], UserHandle{0} Capabilities: CallProvider MultiUser PlaceEmerg SimSub  Audio Routes: BESW Schemes: tel voicemail  Extras: null GroupId: [da39a3ee5e6b4b0d3255bfef95601890afd80709]]: TSI.rPA@ABU
04-28 16:55:35.988  1795  2153 I Telecom : : Sending phone-account registered intent as user: TSI.rPA@ABU
04-28 16:55:35.997  1795  2427 I Telecom : : Sending phone-account unregistered intent as user: TSI.uPA@ABc
04-28 16:55:36.022  1795  1810 I Telecom : PhoneAccountRegistrar: [ComponentInfo{com.android.phone/com.android.services.telephony.TelephonyConnectionService}, [356a192b7913b04c54574d18c28d46e6395428ab], UserHandle{0}(icon: Icon(typ=BITMAP size=72x72) -> Icon(typ=BITMAP size=72x72))]: TSI.rPA@ABk
04-28 16:55:36.025  1795  1810 I Telecom : : Sending phone-account registered intent as user: TSI.rPA@ABk
04-28 16:55:36.090  1795  2154 I Telecom : PhoneAccountRegistrar: [ComponentInfo{com.android.phone/com.android.services.telephony.TelephonyConnectionService}, [356a192b7913b04c54574d18c28d46e6395428ab], UserHandle{0}(icon: Icon(typ=BITMAP size=72x72) -> Icon(typ=BITMAP size=72x72))]: TSI.rPA@ABw
04-28 16:55:36.093  1795  2154 I Telecom : : Sending phone-account registered intent as user: TSI.rPA@ABw
04-28 16:55:36.122  2423  2423 D MccTable: updateMccMncConfiguration mccmnc='25099' fromServiceState=false
04-28 16:55:36.122  2423  2423 D MccTable: updateMccMncConfiguration defaultMccMnc=
04-28 16:55:36.122  2423  2423 D MccTable: updateMccMncConfiguration: mcc=250, mnc=99
04-28 16:55:36.122  2423  2423 D MccTable: updateMccMncConfiguration updateConfig config={1.0 250mcc99mnc ?localeList ?layoutDir ?swdp ?wdp ?hdp ?density ?lsize ?long ?orien ?uimode ?night ?touch ?keyb/?/? ?nav/?}
04-28 16:55:36.123  1795  1811 I ActivityManager: Config changes=3 {1.0 250mcc99mnc [ru_RU,en_US] ldltr sw360dp w360dp h616dp 480dpi nrml long port finger -keyb/v/h -nav/h s.7}
04-28 16:55:36.205  1795  2427 I Telecom : PhoneAccountRegistrar: [ComponentInfo{com.android.phone/com.android.services.telephony.TelephonyConnectionService}, [356a192b7913b04c54574d18c28d46e6395428ab], UserHandle{0}(icon: Icon(typ=BITMAP size=72x72) -> Icon(typ=BITMAP size=72x72))]: TSI.rPA@AB8
04-28 16:55:36.209  1795  2427 I Telecom : : Sending phone-account registered intent as user: TSI.rPA@AB8
04-28 16:55:36.218  1795  1875 I WindowManager: Screen frozen for +86ms due to Window{990b9e9 u0 com.android.settings/com.android.settings.FallbackHome}
04-28 16:55:36.299  1795  2153 I Telecom : PhoneAccountRegistrar: [ComponentInfo{com.android.phone/com.android.services.telephony.TelephonyConnectionService}, [356a192b7913b04c54574d18c28d46e6395428ab], UserHandle{0}(icon: Icon(typ=BITMAP size=72x72) -> Icon(typ=BITMAP size=72x72))]: TSI.rPA@ACA
04-28 16:55:36.302  1795  2153 I Telecom : : Sending phone-account registered intent as user: TSI.rPA@ACA
04-28 16:55:36.321  1795  2154 I Telecom : PhoneAccountRegistrar: [ComponentInfo{com.android.phone/com.android.services.telephony.TelephonyConnectionService}, [356a192b7913b04c54574d18c28d46e6395428ab], UserHandle{0}(icon: Icon(typ=BITMAP size=72x72) -> Icon(typ=BITMAP size=72x72))]: TSI.rPA@ACM
04-28 16:55:36.324  1795  2154 I Telecom : : Sending phone-account registered intent as user: TSI.rPA@ACM
04-28 16:55:36.371  1795  2429 I Telecom : PhoneAccountRegistrar: [ComponentInfo{com.android.phone/com.android.services.telephony.TelephonyConnectionService}, [356a192b7913b04c54574d18c28d46e6395428ab], UserHandle{0}(icon: Icon(typ=BITMAP size=72x72) -> Icon(typ=BITMAP size=72x72))]: TSI.rPA@ACQ
04-28 16:55:36.374  1795  2429 I Telecom : : Sending phone-account registered intent as user: TSI.rPA@ACQ
04-28 16:55:36.456  1795  1811 I Telecom : PhoneAccountRegistrar: [ComponentInfo{com.android.phone/com.android.services.telephony.TelephonyConnectionService}, [356a192b7913b04c54574d18c28d46e6395428ab], UserHandle{0}(icon: Icon(typ=BITMAP size=72x72) -> Icon(typ=BITMAP size=72x72))]: TSI.rPA@ACc
04-28 16:55:36.459  1795  1811 I Telecom : : Sending phone-account registered intent as user: TSI.rPA@ACc
04-28 16:55:36.467  2423  2423 D MccTable: updateMccMncConfiguration mccmnc='25099' fromServiceState=false
04-28 16:55:36.467  2423  2423 D MccTable: updateMccMncConfiguration defaultMccMnc=25099
04-28 16:55:36.467  2423  2423 D MccTable: updateMccMncConfiguration: mcc=250, mnc=99
04-28 16:55:36.467  2423  2423 D MccTable: updateMccMncConfiguration updateConfig config={1.0 250mcc99mnc ?localeList ?layoutDir ?swdp ?wdp ?hdp ?density ?lsize ?long ?orien ?uimode ?night ?touch ?keyb/?/? ?nav/?}
04-28 16:55:36.537  1795  1811 I Telecom : PhoneAccountRegistrar: [ComponentInfo{com.android.phone/com.android.services.telephony.TelephonyConnectionService}, [356a192b7913b04c54574d18c28d46e6395428ab], UserHandle{0}(icon: Icon(typ=BITMAP size=72x72) -> Icon(typ=BITMAP size=72x72))(lbl: Beeline -> CARD 2)]: TSI.rPA@ACg
04-28 16:55:36.540  1795  1811 I Telecom : : Sending phone-account registered intent as user: TSI.rPA@ACg
04-28 16:55:36.575  1795  1811 I Telecom : PhoneAccountRegistrar: [ComponentInfo{com.android.phone/com.android.services.telephony.TelephonyConnectionService}, [356a192b7913b04c54574d18c28d46e6395428ab], UserHandle{0}(icon: Icon(typ=BITMAP size=72x72) -> Icon(typ=BITMAP size=72x72))]: TSI.rPA@ACs
04-28 16:55:36.578  1795  1811 I Telecom : : Sending phone-account registered intent as user: TSI.rPA@ACs
04-28 16:55:36.607  1795  2429 I Telecom : PhoneAccountRegistrar: [ComponentInfo{com.android.phone/com.android.services.telephony.TelephonyConnectionService}, [356a192b7913b04c54574d18c28d46e6395428ab], UserHandle{0}(icon: Icon(typ=BITMAP size=72x72) -> Icon(typ=BITMAP size=72x72))]: TSI.rPA@AC4
04-28 16:55:36.611  1795  2429 I Telecom : : Sending phone-account registered intent as user: TSI.rPA@AC4
04-28 16:55:36.624  1795  1795 I Telecom : PhoneAccountRegistrar: SimCallManager queried, returning: null: TSI.gSCMFU@AC8
04-28 16:55:40.117  2423  2423 D MccTable: updateMccMncConfiguration mccmnc='25099' fromServiceState=true
04-28 16:55:40.118  2423  2423 D MccTable: updateMccMncConfiguration defaultMccMnc=25099
04-28 16:55:40.118  2423  2423 D MccTable: updateMccMncConfiguration: mcc=250, mnc=99
04-28 16:55:40.118  2423  2423 D MccTable: WIFI_COUNTRY_CODE set to ru
04-28 16:55:40.121  1795  2154 I WifiService: WifiService trying to set country code to ru with persist set to false
04-28 16:55:40.198  1795  1875 I SystemServiceManager: Starting phase 1000
04-28 16:55:40.202  1795  1875 D NightDisplayService: setUp: currentUser=0
04-28 16:55:40.203  1795  1875 D NightDisplayService: onAutoModeChanged: autoMode=0
04-28 16:55:40.203  1795  1875 I NightDisplayService: Turning off night display
04-28 16:55:40.215  1795  1875 I ActivityManager: Start proc 2710:android.ext.services/u0a12 for on-hold
04-28 16:55:40.216  1795  1875 D ActivityManager: Finishing user boot 0
04-28 16:55:40.218  1795  1875 D CryptdConnector: SND -> {3 cryptfs prepare_user_storage ! 0 0 2}
04-28 16:55:40.219   471   478 D vold    : e4crypt_prepare_user_storage for volume null, user 0, serial 0, flags 2
04-28 16:55:40.219   471   478 D vold    : Preparing: /data/system_ce/0
04-28 16:55:40.219   471   478 D vold    : Preparing: /data/misc_ce/0
04-28 16:55:40.219   471   478 D vold    : Preparing: /data/media/0
04-28 16:55:40.219   471   478 D vold    : Preparing: /data/data
04-28 16:55:40.219  1795  2089 D CryptdConnector: RCV <- {200 3 Command succeeded}
04-28 16:55:40.220  1795  1875 V UserManagerService: Found /data/user/0 with serial number 0
04-28 16:55:40.220  1795  1875 V UserManagerService: Found /data/system_ce/0 with serial number 0
04-28 16:55:40.221  1795  1875 V PackageManager: reconcileAppsData for null u0 0x2
04-28 16:55:40.636  1795  1875 V PackageManager: reconcileAppsData finished 125 packages
04-28 16:55:40.637  1795  1836 D BluetoothManagerService: User 0 unlocked
04-28 16:55:40.637  1795  1836 D MountService: onUnlockUser 0
04-28 16:55:40.637  1795  1874 D BluetoothManagerService: MESSAGE_USER_UNLOCKED
04-28 16:55:40.637  1795  1836 D VoldConnector: SND -> {7 volume user_started 0}
04-28 16:55:40.643   471   477 D vold    : Linking /storage/emulated/0 to /mnt/user/0/primary
04-28 16:55:40.648  1795  2088 D VoldConnector: RCV <- {200 7 Command succeeded}
04-28 16:55:40.650  1795  2087 D MountService: Volume public:179_65 broadcasting mounted to UserHandle{0}
04-28 16:55:40.650  1795  2104 D ConnectivityService: Got NetworkFactory Messenger for WIFI
04-28 16:55:40.650  1795  2104 D ConnectivityService: Got NetworkFactory Messenger for WIFI_UT
04-28 16:55:40.665  1795  2153 I ActivityManager: Start proc 2759:com.google.android.gms/u0a79 for service com.google.android.gms/.chimera.GmsIntentOperationService
04-28 16:55:40.666  1795  2087 D MountService: Volume emulated broadcasting mounted to UserHandle{0}
04-28 16:55:40.694  1795  2153 I ActivityManager: Start proc 2767:android.process.media/u0a10 for broadcast com.android.providers.downloads/.DownloadReceiver
04-28 16:55:40.727  1795  1836 V BackupManagerService: Starting with transport com.google.android.gms/.backup.BackupTransportService
04-28 16:55:40.727  1795  1836 V BackupManagerService: Found transports: 2
04-28 16:55:40.735  1795  1795 V BackupManagerService: Connected to transport ComponentInfo{android/com.android.internal.backup.LocalTransportService}
04-28 16:55:40.736  1795  1795 V BackupManagerService: Registering transport android/com.android.internal.backup.LocalTransportService::android/com.android.internal.backup.LocalTransport = android.app.backup.BackupTransport$TransportImpl@6c62518
04-28 16:55:40.736  1795  1836 I BackupManagerService: Backup enabled => false
04-28 16:55:40.741  1795  2764 V KeyValueBackupJob: Scheduling k/v pass in 243 minutes
04-28 16:55:40.752  1795  2153 I ActivityManager: Start proc 2794:com.google.process.gapps/u0a79 for content provider com.google.android.gsf/.gservices.GservicesProvider
04-28 16:55:40.761  1795  2764 V KeyValueBackupJob: Scheduling k/v pass in 243 minutes
04-28 16:55:40.824  1795  1811 I Telecom : PhoneAccountRegistrar: [ComponentInfo{com.android.phone/com.android.services.telephony.TelephonyConnectionService}, [356a192b7913b04c54574d18c28d46e6395428ab], UserHandle{0}(icon: Icon(typ=BITMAP size=72x72) -> Icon(typ=BITMAP size=72x72))]: TSI.rPA@ADA
04-28 16:55:40.828  1795  1811 I Telecom : : Sending phone-account registered intent as user: TSI.rPA@ADA
04-28 16:55:40.850  1795  1836 W VoiceInteractionManagerService: no available voice interaction services found for user 0
04-28 16:55:40.850  1795  1836 W VoiceInteractionManagerService: no available voice recognition services found for user 0
04-28 16:55:40.850  1795  1836 I ActivityManager: Loading recents for user 0 into memory.
04-28 16:55:40.858  1795  2764 I BackupManagerService: Found stale backup journal, scheduling
04-28 16:55:40.889  1795  1836 I ActivityManager: Start proc 2815:org.omnirom.omniswitch/u0a18 for added application org.omnirom.omniswitch
04-28 16:55:40.896  1795  1836 D ActivityManager: Sending BOOT_COMPLETE user #0
04-28 16:55:40.920  1795  2480 I ActivityManager: Start proc 2829:com.android.keychain/1000 for service com.android.keychain/.KeyChainService
04-28 16:55:40.929  1795  2828 I ActivityManager: START u0 {act=android.intent.action.MAIN cat=[android.intent.category.HOME] flg=0x10000100 cmp=com.teslacoilsw.launcher/.NovaLauncher} from uid 0 on display 0
04-28 16:55:40.977  1795  2828 I ActivityManager: Start proc 2845:com.teslacoilsw.launcher/u0a76 for activity com.teslacoilsw.launcher/.NovaLauncher
04-28 16:55:41.035  1795  2831 I Telecom : PhoneAccountRegistrar: [ComponentInfo{com.android.phone/com.android.services.telephony.TelephonyConnectionService}, [356a192b7913b04c54574d18c28d46e6395428ab], UserHandle{0}(icon: Icon(typ=BITMAP size=72x72) -> Icon(typ=BITMAP size=72x72))]: TSI.rPA@ADQ
04-28 16:55:41.039  1795  2831 I Telecom : : Sending phone-account registered intent as user: TSI.rPA@ADQ
04-28 16:55:41.080  1795  1835 I ActivityManager: Start proc 2880:com.android.printspooler/u0a61 for service com.android.printspooler/.model.PrintSpoolerService
04-28 16:55:41.097  1795  2427 I ActivityManager: Start proc 2892:com.android.smspush/u0a64 for service com.android.smspush/.WapPushManager
04-28 16:55:41.141  1795  2429 I Telecom : PhoneAccountRegistrar: [ComponentInfo{com.android.phone/com.android.services.telephony.TelephonyConnectionService}, [356a192b7913b04c54574d18c28d46e6395428ab], UserHandle{0}(icon: Icon(typ=BITMAP size=72x72) -> Icon(typ=BITMAP size=72x72))]: TSI.rPA@ADc
04-28 16:55:41.145  1795  2429 I Telecom : : Sending phone-account registered intent as user: TSI.rPA@ADc
04-28 16:55:41.173  1795  2828 I ActivityManager: Start proc 2916:com.estrongs.android.pop.pro/u0a68 for broadcast com.estrongs.android.pop.pro/com.estrongs.android.pop.EnableOEMConfig
04-28 16:55:41.300  1795  1795 W ActivityManager: Unable to start service Intent { act=android.intent.action.BOOT_COMPLETED cmp=com.qualcomm.location.XT/.XTSrv } U=0: not found
04-28 16:55:41.322  1795  1795 V BackupManagerService: Connected to transport ComponentInfo{com.google.android.gms/com.google.android.gms.backup.BackupTransportService}
04-28 16:55:41.322  1795  1795 V BackupManagerService: Registering transport com.google.android.gms/.backup.BackupTransportService::com.google.android.gms/.backup.BackupTransportService = com.android.internal.backup.IBackupTransport$Stub$Proxy@d217957
04-28 16:55:41.410  1795  2947 W ActivityManager: Unable to start service Intent { act=com.qti.izat.xt.srv pkg=com.qualcomm.location.XT (has extras) } U=0: not found
04-28 16:55:42.143  1795  1810 I ActivityManager: Start proc 3042:ru.UWqkxknu.lmHZgpWUY/u0a87 for broadcast ru.UWqkxknu.lmHZgpWUY/com.lp.BinderLuckyPatcher
04-28 16:55:42.420  1795  2095 D ConnectivityService: registerNetworkAgent NetworkAgentInfo{ ni{[type: WIFI[], state: CONNECTING/CONNECTING, reason: (unspecified), extra: "Onlime213-5G", failover: false, available: true, roaming: false, metered: false]}  network{100}  nethandle{429513165534}  lp{{LinkAddresses: []  Routes: [] DnsAddresses: [] Domains: null MTU: 0}}  nc{[ Transports: WIFI Capabilities: NOT_METERED&INTERNET&NOT_RESTRICTED&TRUSTED&NOT_VPN LinkUpBandwidth>=1048576Kbps LinkDnBandwidth>=1048576Kbps]}  Score{20}  everValidated{false}  lastValidated{false}  created{false} lingering{false} explicitlySelected{false} acceptUnvalidated{false} everCaptivePortalDetected{false} lastCaptivePortalDetected{false} }
04-28 16:55:42.421  1795  2104 D ConnectivityService: NetworkAgentInfo [WIFI () - 100] EVENT_NETWORK_INFO_CHANGED, going from null to CONNECTING
04-28 16:55:42.535  1795  2827 I ActivityManager: Start proc 3087:android.process.acore/u0a1 for broadcast com.android.providers.contacts/.PhoneAccountRegistrationReceiver
04-28 16:55:42.671  1795  2104 D ConnectivityService: NetworkAgentInfo [WIFI () - 100] EVENT_NETWORK_INFO_CHANGED, going from CONNECTING to CONNECTED
04-28 16:55:42.674  1795  2104 D ConnectivityService: Adding iface wlan0 to network 100
04-28 16:55:42.729  1795  2104 D ConnectivityService: Setting DNS servers for network 100 to [/192.168.0.1]
04-28 16:55:42.755  1795  2104 D ConnectivityService: Switching to new default network: NetworkAgentInfo{ ni{[type: WIFI[], state: CONNECTED/CONNECTED, reason: (unspecified), extra: "Onlime213-5G", failover: false, available: true, roaming: false, metered: false]}  network{100}  nethandle{429513165534}  lp{{InterfaceName: wlan0 LinkAddresses: [fe80::eed0:9fff:fe11:1aaa/64,192.168.0.70/24,]  Routes: [fe80::/64 -> :: wlan0,192.168.0.0/24 -> 0.0.0.0 wlan0,0.0.0.0/0 -> 192.168.0.1 wlan0,] DnsAddresses: [192.168.0.1,] Domains: Dlink MTU: 0 TcpBufferSizes: 524288,1048576,2097152,262144,524288,1048576}}  nc{[ Transports: WIFI Capabilities: NOT_METERED&INTERNET&NOT_RESTRICTED&TRUSTED&NOT_VPN&FOREGROUND LinkUpBandwidth>=1048576Kbps LinkDnBandwidth>=1048576Kbps SignalStrength: -55]}  Score{20}  everValidated{false}  lastValidated{false}  created{true} lingering{false} explicitlySelected{false} acceptUnvalidated{false} everCaptivePortalDetected{false} lastCaptivePortalDetected{false} }
04-28 16:55:42.862  1795  2104 D ConnectivityService: Sending CONNECTED broadcast for type 1 NetworkAgentInfo [WIFI () - 100] isDefaultNetwork=true
04-28 16:55:42.923  1795  1835 I ActivityManager: Start proc 3143:com.google.android.syncadapters.calendar/u0a83 for service com.google.android.syncadapters.calendar/.CalendarSyncAdapterService
04-28 16:55:42.969  1795  1835 I ActivityManager: Start proc 3156:com.google.process.gapps/u0a84 for service com.google.android.syncadapters.contacts/.ContactsSyncAdapterService
04-28 16:55:42.990  1795  2104 D ConnectivityService: NetworkAgentInfo [WIFI () - 100] validation passed
04-28 16:55:43.140  1795  1811 I ActivityManager: Start proc 3184:com.google.android.play.games.ui/u0a79 for content provider com.google.android.gms/.games.provider.NotificationStubContentProvider
04-28 16:55:43.164  1795  3190 I BootReceiver: Copying /proc/last_kmsg to DropBox (SYSTEM_LAST_KMSG)
04-28 16:55:43.175  1795  1795 I ActivityManager: Start proc 3196:com.android.dialer/u0a8 for broadcast com.android.dialer/.calllog.CallLogReceiver
04-28 16:55:43.189  1795  3190 I BootReceiver: Copying /sys/fs/pstore/console-ramoops to DropBox (SYSTEM_LAST_KMSG)
04-28 16:55:43.194  1795  2427 W ActivityManager: Permission Denial: opening provider com.android.providers.contacts.ContactsProvider2 from ProcessRecord{97148d 3156:com.google.process.gapps/u0a84} (pid=3156, uid=10084) requires android.permission.READ_CONTACTS or android.permission.WRITE_CONTACTS
04-28 16:55:43.209  1795  3190 I BootReceiver: Copying audit failures to DropBox
04-28 16:55:43.218  1795  3190 I BootReceiver: Copied 7144 worth of audits to DropBox
04-28 16:55:43.228  1795  3190 I BootReceiver: Checking for fsck errors
04-28 16:55:43.229  1795  3190 I BootReceiver: Copying /data/tombstones/tombstone_01 to DropBox (SYSTEM_TOMBSTONE)
04-28 16:55:43.314  1795  2828 W ActivityManager: Unable to start service Intent { act=com.google.android.gms.playlog.service.START pkg=com.google.android.gms } U=0: not found
04-28 16:55:43.315  1795  2154 W ActivityManager: Unbind failed: could not find connection for android.os.BinderProxy@cddeca8
04-28 16:55:43.327  1795  2153 W ActivityManager: Permission Denial: opening provider com.android.providers.calendar.CalendarProvider2 from ProcessRecord{a8923c1 3143:com.google.android.syncadapters.calendar/u0a83} (pid=3143, uid=10083) requires android.permission.READ_CALENDAR or android.permission.WRITE_CALENDAR
04-28 16:55:43.501  1795  3183 I ActivityManager: Start proc 3237:com.android.musicfx/u0a51 for broadcast com.android.musicfx/.BootCompletedReceiver
04-28 16:55:43.513  1795  2429 I ActivityManager: Start proc 3242:com.android.carrierconfig/u0a3 for service com.android.carrierconfig/.DefaultCarrierConfigService
04-28 16:55:43.532  1795  2104 D ConnectivityService: Setting DNS servers for network 100 to [/2a02:2168:208:2::1, /2a02:2168:208:1::1, /192.168.0.1]
04-28 16:55:43.544  1795  1795 I Telecom : PhoneAccountRegistrar: SimCallManager queried, returning: null: TSI.gSCMFU@ADo
04-28 16:55:43.632  1795  2429 I ActivityManager: Start proc 3274:com.grarak.kerneladiutor/u0a74 for broadcast com.grarak.kerneladiutor/.services.boot.OnBootReceiver
04-28 16:55:43.649  1795  1795 I Telecom : PhoneAccountRegistrar: SimCallManager queried, returning: null: TSI.gSCMFU@ADs
04-28 16:55:43.585  1795  3182 I ActivityManager: Start proc 3322:com.android.calendar/u0a34 for broadcast com.android.calendar/.alerts.AlertReceiver
04-28 16:55:43.588  1795  1795 D ConditionProviders.SCP: onReceive android.intent.action.TIME_SET
04-28 16:55:43.588  1795  1795 D ConditionProviders.SCP: notifyCondition condition://android/schedule?days=6.7&start=23.30&end=10.0&exitAtAlarm=false STATE_FALSE reason=!meetsSchedule
04-28 16:55:43.589  1795  1795 D ConditionProviders.SCP: notifyCondition condition://android/schedule?days=1.2.3.4.5&start=22.0&end=7.0&exitAtAlarm=false STATE_FALSE reason=!meetsSchedule
04-28 16:55:43.589  1795  1795 D ConditionProviders.SCP: Scheduling evaluate for Sun Apr 28 22:00:00 GMT+03:00 2019 (1556478000000), in +5h4m16s412ms, now=Sun Apr 28 16:55:43 GMT+03:00 2019 (1556459743588)
04-28 16:55:43.603  1795  2110 I ActivityManager: Start proc 3335:com.android.providers.calendar/u0a2 for content provider com.android.providers.calendar/.CalendarProvider2
04-28 16:55:43.730  1795  1810 I ActivityManager: Start proc 3360:com.android.managedprovisioning/u0a15 for broadcast com.android.managedprovisioning/.BootReminder
04-28 16:55:43.821  1795  2827 I ActivityManager: Start proc 3379:com.android.onetimeinitializer/u0a19 for broadcast com.android.onetimeinitializer/.OneTimeInitializerReceiver
04-28 16:55:43.989  1795  2153 I ActivityManager: Start proc 3399:com.android.vending/u0a82 for broadcast com.android.vending/com.google.android.finsky.boothandler.BootCompletedReceiver
04-28 16:55:46.840  1795  1795 W ContextImpl: Calling a method in the system process without a qualified user: android.app.ContextImpl.startService:1357 android.content.ContextWrapper.startService:613 android.content.ContextWrapper.startService:613 com.dsi.ant.server.AntService.startService:129 com.dsi.ant.server.startup.BootCompletedReceiver.onReceive:41 
04-28 16:55:46.870  1795  2153 I ActivityManager: Start proc 3498:com.google.android.onetimeinitializer/u0a81 for broadcast com.google.android.onetimeinitializer/.OneTimeInitializerReceiver
04-28 16:55:47.041  1795  1811 I ActivityManager: Start proc 3528:com.qualcomm.embms/u0a65 for broadcast com.qualcomm.embms/.EmbmsBootReceiver
04-28 16:55:47.201  1795  3183 I ActivityManager: Start proc 3562:com.qualcomm.embms:remote/u0a65 for service com.qualcomm.embms/.EmbmsService
04-28 16:55:47.220  1795  2427 I ActivityManager: Start proc 3575:com.qualcomm.telephony/1000 for broadcast com.qualcomm.fastdormancy/.FastDormancyReceiver
04-28 16:55:47.337  1795  2427 I ActivityManager: Killing 2619:org.codeaurora.ims/1001 (adj 906): empty #17
04-28 16:55:47.364  1795  2827 D ActivityManager: cleanUpApplicationRecord -- 2619
04-28 16:55:47.385  2397  2397 W ContextImpl: Calling a method in the system process without a qualified user: android.app.ContextImpl.startService:1357 android.content.ContextWrapper.startService:613 android.content.ContextWrapper.startService:613 com.qualcomm.qti.tetherservice.TetherReceiver.onReceive:32 android.app.ActivityThread.handleReceiver:3056 
04-28 16:55:47.410  1795  3182 I ActivityManager: Start proc 3609:eu.chainfire.opendelta/u0a20 for broadcast eu.chainfire.opendelta/.BootCompleteReceiver
04-28 16:55:47.548  1795  2828 I ActivityManager: Start proc 3636:org.codeaurora.ims/1001 for broadcast org.codeaurora.ims/.ImsServiceAutoboot
04-28 16:55:47.558  1795  1836 W BroadcastQueue: Permission Denial: broadcasting Intent { act=android.net.conn.TETHER_STATE_CHANGED flg=0x24000010 (has extras) } from null (pid=-1, uid=-1) requires android.permission.CONNECTIVITY_INTERNAL due to registered receiver BroadcastFilter{d288f7 u0 ReceiverList{fc16cf6 2397 .dataservices/1000/u0 remote:4937591}}
04-28 16:55:47.663  1795  3183 I ActivityManager: Start proc 3663:org.omnirom.deskclock/u0a52 for broadcast org.omnirom.deskclock/.AlarmInitReceiver
04-28 16:55:47.665  1795  3183 I ActivityManager: Killing 2829:com.android.keychain/1000 (adj 906): empty #17
04-28 16:55:47.680  1795  2429 D ActivityManager: cleanUpApplicationRecord -- 2829
04-28 16:55:47.721  1795  2831 I ActivityManager: Start proc 3676:com.google.android.gms.unstable/u0a79 for service com.google.android.gms/.droidguard.DroidGuardService
04-28 16:55:48.027  1795  2831 I ActivityManager: Start proc 3720:org.omnirom.gramophone/u0a57 for broadcast org.omnirom.gramophone/com.kabouzeid.gramophone.appwidgets.BootReceiver
04-28 16:55:48.033  1795  1795 D ConditionProviders.SCP: onReceive android.app.action.NEXT_ALARM_CLOCK_CHANGED
04-28 16:55:48.034  1795  1795 D ConditionProviders.SCP: notifyCondition condition://android/schedule?days=6.7&start=23.30&end=10.0&exitAtAlarm=false STATE_FALSE reason=!meetsSchedule
04-28 16:55:48.034  1795  1795 D ConditionProviders.SCP: notifyCondition condition://android/schedule?days=1.2.3.4.5&start=22.0&end=7.0&exitAtAlarm=false STATE_FALSE reason=!meetsSchedule
04-28 16:55:48.036  1795  1795 D ConditionProviders.SCP: Scheduling evaluate for Sun Apr 28 22:00:00 GMT+03:00 2019 (1556478000000), in +5h4m11s967ms, now=Sun Apr 28 16:55:48 GMT+03:00 2019 (1556459748033)
04-28 16:55:48.174  1795  1810 I ActivityManager: Start proc 3752:org.omnirom.omnijaws/u0a53 for broadcast org.omnirom.omnijaws/.SystemReceiver
04-28 16:55:48.177  1795  1810 I ActivityManager: Killing 2558:com.android.cellbroadcastreceiver/u0a4 (adj 906): empty #17
04-28 16:55:48.202  1795  2154 D ActivityManager: cleanUpApplicationRecord -- 2558
04-28 16:55:48.315  1795  2153 I ActivityManager: Killing 2916:com.estrongs.android.pop.pro/u0a68 (adj 906): empty #17
04-28 16:55:48.316  1795  1838 I libprocessgroup: Killing pid 3048 in uid 10068 as part of process group 2916
04-28 16:55:48.338  1795  2153 E WifiService: Multicaster binderDied
04-28 16:55:48.344  1795  3182 I ActivityManager: Start proc 3776:com.google.android.instantapps.supervisor/u0a77 for broadcast com.google.android.instantapps.supervisor/.BootReceiver
04-28 16:55:48.346  1795  2427 D ActivityManager: cleanUpApplicationRecord -- 2916
04-28 16:55:48.611  1795  1810 I ActivityManager: Killing 3042:ru.UWqkxknu.lmHZgpWUY/u0a87 (adj 906): empty #17
04-28 16:55:48.631  1795  1811 D ActivityManager: cleanUpApplicationRecord -- 3042
04-28 16:55:48.786  1795  1810 I ActivityManager: Start proc 3833:com.keramidas.TitaniumBackup/u0a75 for broadcast com.keramidas.TitaniumBackup/.schedules.BootReceiver
04-28 16:55:48.856  1795  2828 I ActivityManager: Start proc 3855:com.google.android.gms.ui/u0a79 for service com.google.android.gms/.chimera.UiIntentOperationService
04-28 16:55:49.151  1795  2429 I ActivityManager: Killing 3143:com.google.android.syncadapters.calendar/u0a83 (adj 906): empty #17
04-28 16:55:49.165  1795  2827 D ActivityManager: cleanUpApplicationRecord -- 3143
04-28 16:55:49.212  1795  2827 I ActivityManager: Start proc 3899:com.splendapps.vox/u0a88 for broadcast com.splendapps.vox/.BootReceiver
04-28 16:55:49.214  1795  2827 I ActivityManager: Killing 3196:com.android.dialer/u0a8 (adj 906): empty #17
04-28 16:55:49.239  1795  2154 D ActivityManager: cleanUpApplicationRecord -- 3196
04-28 16:55:50.661  1795  2154 I ActivityManager: Start proc 4002:com.topjohnwu.magisk/u0a72 for broadcast com.topjohnwu.magisk/a.h
04-28 16:55:50.664  1795  3182 I ActivityManager: Killing 2438:com.android.settings/1000 (adj 906): empty #17
04-28 16:55:50.684  1795  2427 D ActivityManager: cleanUpApplicationRecord -- 2438
04-28 16:55:51.441  1795  1810 I ActivityManager: Start proc 4083:ru.UWqkxknu.lmHZgpWUY/u0a87 for broadcast ru.UWqkxknu.lmHZgpWUY/com.lp.OnBootLuckyPatcher
04-28 16:55:51.662  1795  2828 I ActivityManager: Start proc 4186:ru.fourpda.client/u0a73 for broadcast ru.fourpda.client/.BootReceiver
04-28 16:55:51.665  1795  2828 I ActivityManager: Killing 3242:com.android.carrierconfig/u0a3 (adj 906): empty #17
04-28 16:55:51.677  1795  1811 D ActivityManager: cleanUpApplicationRecord -- 3242
04-28 16:55:51.894  1795  1811 I ActivityManager: Killing 3360:com.android.managedprovisioning/u0a15 (adj 906): empty #17
04-28 16:55:51.905  1795  3183 D ActivityManager: cleanUpApplicationRecord -- 3360
04-28 16:55:51.919  1795  2831 I ActivityManager: Start proc 4306:com.android.cellbroadcastreceiver/u0a4 for broadcast com.android.cellbroadcastreceiver/.CellBroadcastReceiver
04-28 16:55:51.990  1795  3182 I ActivityManager: Killing 3379:com.android.onetimeinitializer/u0a19 (adj 906): empty #17
04-28 16:55:52.019  1795  2153 I ActivityManager: Start proc 4361:com.android.settings/1000 for broadcast com.android.settings/.sim.SimSelectNotification
04-28 16:55:52.019  1795  2827 D ActivityManager: cleanUpApplicationRecord -- 3379
04-28 16:55:52.154  1795  1811 I ActivityManager: Killing 2880:com.android.printspooler/u0a61 (adj 906): empty #17
04-28 16:55:52.167  1795  2154 D ActivityManager: cleanUpApplicationRecord -- 2880
04-28 16:55:52.294  1795  2828 I BroadcastQueue: Delay finish: ru.UWqkxknu.lmHZgpWUY/com.lp.BinderLuckyPatcher
04-28 16:55:52.569  1795  2427 I BroadcastQueue: Resuming delayed broadcast
04-28 16:55:52.669  1795  3182 I ActivityManager: Start proc 4587:com.estrongs.android.pop.pro/u0a68 for broadcast com.estrongs.android.pop.pro/com.estrongs.android.pop.app.StartServiceReceiver
04-28 16:55:53.296  1795  2153 I ActivityManager: Killing 3498:com.google.android.onetimeinitializer/u0a81 (adj 906): empty #17
04-28 16:55:53.309  1795  1810 D ActivityManager: cleanUpApplicationRecord -- 3498
04-28 16:55:53.436  1795  1811 I ActivityManager: Start proc 4844:com.qualcomm.timeservice/1000 for broadcast com.qualcomm.timeservice/.TimeServiceBroadcastReceiver
04-28 16:55:53.648  1795  1795 D ConditionProviders.SCP: onReceive android.app.action.NEXT_ALARM_CLOCK_CHANGED
04-28 16:55:53.648  1795  1795 D ConditionProviders.SCP: notifyCondition condition://android/schedule?days=6.7&start=23.30&end=10.0&exitAtAlarm=false STATE_FALSE reason=!meetsSchedule
04-28 16:55:53.650  1795  1795 D ConditionProviders.SCP: notifyCondition condition://android/schedule?days=1.2.3.4.5&start=22.0&end=7.0&exitAtAlarm=false STATE_FALSE reason=!meetsSchedule
04-28 16:55:53.651  1795  1795 D ConditionProviders.SCP: Scheduling evaluate for Sun Apr 28 22:00:00 GMT+03:00 2019 (1556478000000), in +5h4m6s352ms, now=Sun Apr 28 16:55:53 GMT+03:00 2019 (1556459753648)
04-28 16:55:53.662  1795  2429 I ActivityManager: Killing 3156:com.google.process.gapps/u0a84 (adj 906): empty #17
04-28 16:55:53.679  1795  2828 D ActivityManager: cleanUpApplicationRecord -- 3156
04-28 16:55:53.699  1795  2154 I BroadcastQueue: Delay finish: com.android.calendar/.alerts.AlertReceiver
04-28 16:55:53.954  1795  2831 E BatteryStatsService: no controller energy info supplied
04-28 16:55:53.954  1795  2831 E BatteryStatsService: no controller energy info supplied
04-28 16:55:54.087  1795  1835 I ActivityManager: Start proc 4996:com.android.printspooler/u0a61 for service com.android.printspooler/.model.PrintSpoolerService
04-28 16:55:55.258  1795  3183 I BroadcastQueue: Resuming delayed broadcast
04-28 16:55:55.334  3399  3465 E ActivityThread: Failed to find provider info for com.teslacoilsw.notifier
04-28 16:55:55.346  3399  3465 E ActivityThread: Failed to find provider info for com.teslacoilsw.notifier
04-28 16:55:55.358  3399  3465 E ActivityThread: Failed to find provider info for com.teslacoilsw.notifier
04-28 16:55:55.506  1795  3860 I BroadcastQueue: Delay finish: com.android.providers.calendar/.CalendarProviderBroadcastReceiver
04-28 16:55:55.525  1795  2828 I BroadcastQueue: Resuming delayed broadcast
04-28 16:55:55.710  1795  1795 W WindowManager: Attempted to remove non-existing token: android.os.Binder@54a76c6
04-28 16:55:55.820  1795  2154 I ActivityManager: Killing 3528:com.qualcomm.embms/u0a65 (adj 906): empty #17
04-28 16:55:55.834  1795  3860 D ActivityManager: cleanUpApplicationRecord -- 3528
04-28 16:55:55.876  1795  1836 I ActivityManager: Waited long enough for: ServiceRecord{3cb2120 u0 com.android.providers.media/.MediaScannerService}
--------- beginning of main
04-28 16:55:56.350  2759  2765 I art     : Compiler allocated 8MB to compile void brdn.a(java.lang.Object, brfv)
04-28 16:55:56.354  2759  5467 I IcingInternalCorpora: Clearing calendar data because permission was denied.
04-28 16:55:56.424  2380  3047 W art     : Long monitor contention with owner lowpool[2] (3075) at void aaat.a(zyk, boolean)(:com.google.android.gms@16091021@16.0.91 (040408-244116403):4) waiters=0 in void aaat.a(aaaq, zxr) for 474ms
04-28 16:55:56.427  2759  5467 I IcingInternalCorpora: EventIndexer: starting incremental update
04-28 16:55:56.430  2759  5467 I IcingInternalCorpora: EventIndexer: 0 added, 0 removed, 0 changed, 0 unchanged, 0 errors.
04-28 16:55:56.443  2759  5467 I IcingInternalCorpora: EventIndexer: finished after 15 ms.
04-28 16:55:56.504  1795  3182 I ActivityManager: Killing 3575:com.qualcomm.telephony/1000 (adj 906): empty #17
04-28 16:55:56.515  1795  1810 D ActivityManager: cleanUpApplicationRecord -- 3575
04-28 16:55:56.534  2759  3112 I Icing   : updateResources: need to parse abpu{com.google.android.gms}
04-28 16:55:56.618  3399  3512 I Finsky  : [72] njo.b(134): Already at the latest configurations for experiment package com.google.android.finsky.stable.
04-28 16:55:56.619  3399  3525 W art     : Long monitor contention with owner AsyncTask #2 (3512) at aajd aajd.a(android.content.Context)(SourceFile:1) waiters=0 in int njo.b() for 1.290s
04-28 16:55:56.620  3399  3525 I Finsky  : [74] njo.b(1): Triggered update for experiment package com.google.android.finsky.regular.
04-28 16:55:56.732  2759  2765 I art     : Do full code cache collection, code=231KB, data=241KB
04-28 16:55:56.723   565   565 I logcat  : type=1400 audit(0.0:368): avc: denied { write } for name="logd" dev="mmcblk0p66" ino=2507646 scontext=u:r:logd:s0 tcontext=u:object_r:system_data_file:s0 tclass=dir permissive=1
04-28 16:55:56.723   565   565 I logcat  : type=1400 audit(0.0:369): avc: denied { remove_name } for name="logcat.3" dev="mmcblk0p66" ino=2507148 scontext=u:r:logd:s0 tcontext=u:object_r:system_data_file:s0 tclass=dir permissive=1
04-28 16:55:56.723   565   565 I logcat  : type=1400 audit(0.0:370): avc: denied { rename } for name="logcat.3" dev="mmcblk0p66" ino=2507148 scontext=u:r:logd:s0 tcontext=u:object_r:system_data_file:s0 tclass=file permissive=1
04-28 16:55:56.723   565   565 I logcat  : type=1400 audit(0.0:371): avc: denied { add_name } for name="logcat.4" dev="mmcblk0p66" ino=2506899 scontext=u:r:logd:s0 tcontext=u:object_r:system_data_file:s0 tclass=dir permissive=1
04-28 16:55:56.723   565   565 I logcat  : type=1400 audit(0.0:372): avc: denied { unlink } for name="logcat.4" dev="mmcblk0p66" ino=2506899 scontext=u:r:logd:s0 tcontext=u:object_r:system_data_file:s0 tclass=file permissive=1
04-28 16:55:56.723   565   565 I logcat  : type=1400 audit(0.0:373): avc: denied { create } for name="logcat" scontext=u:r:logd:s0 tcontext=u:object_r:system_data_file:s0 tclass=file permissive=1
04-28 16:55:56.723   565   565 I logcat  : type=1400 audit(0.0:374): avc: denied { append } for path="/data/misc/logd/logcat" dev="mmcblk0p66" ino=2506899 scontext=u:r:logd:s0 tcontext=u:object_r:system_data_file:s0 tclass=file permissive=1
04-28 16:55:56.733  2759  2765 I art     : Starting a blocking GC JitCodeCache
04-28 16:55:56.733  2759  2765 I art     : After code cache collection, code=215KB, data=203KB
04-28 16:55:56.792  3399  3525 I Finsky  : [74] njh.a(3): Started writing experiment flags into file [-yR6rqPH2HwVrFtwctb7fUtliHI].
04-28 16:55:56.798  3399  3525 I Finsky  : [74] njh.a(22): Finished writing experiment flags into file [-yR6rqPH2HwVrFtwctb7fUtliHI].
04-28 16:55:56.798  2380  2380 W ChimeraUtils: Non Chimera context
04-28 16:55:56.803  3399  3525 I Finsky  : [74] njo.b(361): Successfully applied new configurations for package com.google.android.finsky.regular.
04-28 16:55:56.807  3399  3526 W art     : Long monitor contention with owner AsyncTask #2 (3512) at aajd aajd.a(android.content.Context)(SourceFile:1) waiters=1 in int njo.b() for 1.479s
04-28 16:55:56.808  3399  3526 I Finsky  : [75] njo.b(1): Triggered update for experiment package com.google.android.finsky.regular.
04-28 16:55:56.835  3399  3404 I art     : Do partial code cache collection, code=21KB, data=28KB
04-28 16:55:56.835  3399  3404 I art     : After code cache collection, code=21KB, data=28KB
04-28 16:55:56.835  3399  3404 I art     : Increasing code cache capacity to 128KB
04-28 16:55:56.839  3399  3404 I art     : Compiler allocated 5MB to compile int njo.b()
04-28 16:55:56.856  3399  3526 I Finsky  : [75] njh.a(37): Started reading experiment flags from file [v6B-2IolLQRBwrwPhscSaeg04As].
04-28 16:55:56.862  3399  3526 I Finsky  : [75] njh.a(38): Finished reading experiment flags from file [v6B-2IolLQRBwrwPhscSaeg04As].
04-28 16:55:56.892  3399  3526 I Finsky  : [75] njh.a(3): Started writing experiment flags into file [3iTZK60-XSU6ycLHV1Pe7j2ByDQ].
04-28 16:55:56.896  3399  3526 I Finsky  : [75] njh.a(22): Finished writing experiment flags into file [3iTZK60-XSU6ycLHV1Pe7j2ByDQ].
04-28 16:55:56.899  3399  3526 I Finsky  : [75] njo.b(361): Successfully applied new configurations for package com.google.android.finsky.regular.
04-28 16:55:56.934  2759  3112 I Icing   : Internal init done: storage state 0
04-28 16:55:56.943  2380  3075 I VacuumService: Vacuum at: now=1556459756943 tag=VacuumService
04-28 16:55:56.975  2759  3112 I Icing   : Post-init done
04-28 16:55:57.101  2380  2386 I art     : Do full code cache collection, code=503KB, data=465KB
04-28 16:55:57.102  2380  2386 I art     : Starting a blocking GC JitCodeCache
04-28 16:55:57.102  2380  2386 I art     : After code cache collection, code=437KB, data=377KB
04-28 16:55:57.143  3676  3693 I Adreno  : QUALCOMM build                   : a9083cf, Iaf618d42e3
04-28 16:55:57.143  3676  3693 I Adreno  : Build Date                       : 03/14/17
04-28 16:55:57.143  3676  3693 I Adreno  : OpenGL ES Shader Compiler Version: XE031.09.00.04
04-28 16:55:57.143  3676  3693 I Adreno  : Local Branch                     : 
04-28 16:55:57.143  3676  3693 I Adreno  : Remote Branch                    : 
04-28 16:55:57.143  3676  3693 I Adreno  : Remote Branch                    : 
04-28 16:55:57.143  3676  3693 I Adreno  : Reconstruct Branch               : 
04-28 16:55:57.146  2380  3314 I Auth    : [ReflectiveChannelBinder] Successfully bound channel!
04-28 16:55:57.147  3676  3693 I HAL     : loaded HAL id=gralloc path=/system/lib64/hw/gralloc.msm8953.so hmi=0x0 handle=0x6728c763debde1ab
04-28 16:55:57.183  3676  3693 I Adreno  : QUALCOMM build                   : a9083cf, Iaf618d42e3
04-28 16:55:57.183  3676  3693 I Adreno  : Build Date                       : 03/14/17
04-28 16:55:57.183  3676  3693 I Adreno  : OpenGL ES Shader Compiler Version: XE031.09.00.04
04-28 16:55:57.183  3676  3693 I Adreno  : Local Branch                     : 
04-28 16:55:57.183  3676  3693 I Adreno  : Remote Branch                    : 
04-28 16:55:57.183  3676  3693 I Adreno  : Remote Branch                    : 
04-28 16:55:57.183  3676  3693 I Adreno  : Reconstruct Branch               : 
04-28 16:55:57.185  3676  3693 I HAL     : loaded HAL id=gralloc path=/system/lib64/hw/gralloc.msm8953.so hmi=0x0 handle=0x6728c763debde1ab
04-28 16:55:57.186  2380  3314 W Conscrypt: Could not set socket write timeout: java.net.SocketException: Socket closed
04-28 16:55:57.186  2380  3314 W Conscrypt: 	at com.google.android.gms.org.conscrypt.Platform.setSocketWriteTimeout(:com.google.android.gms@16091021@16.0.91 (040408-244116403):2)
04-28 16:55:57.186  2380  3314 W Conscrypt: 	at com.google.android.gms.org.conscrypt.ConscryptFileDescriptorSocket.setSoWriteTimeout(:com.google.android.gms@16091021@16.0.91 (040408-244116403):2)
04-28 16:55:57.208  2380  3314 W Conscrypt: Could not set socket write timeout: java.net.SocketException: Socket closed
04-28 16:55:57.208  2380  3314 W Conscrypt: 	at com.google.android.gms.org.conscrypt.Platform.setSocketWriteTimeout(:com.google.android.gms@16091021@16.0.91 (040408-244116403):2)
04-28 16:55:57.208  2380  3314 W Conscrypt: 	at com.google.android.gms.org.conscrypt.ConscryptFileDescriptorSocket.setSoWriteTimeout(:com.google.android.gms@16091021@16.0.91 (040408-244116403):2)
04-28 16:55:57.221  3399  3399 I Finsky  : [1] psq.run(4): Detected restoreservicev2://recovery not needed, will not run
04-28 16:55:57.303  3693  3693 I Binder:3676_1: type=1400 audit(0.0:375): avc: denied { read } for name="/" dev="tmpfs" ino=6394 scontext=u:r:priv_app:s0:c512,c768 tcontext=u:object_r:device:s0 tclass=dir permissive=1
04-28 16:55:57.303  3693  3693 I Binder:3676_1: type=1400 audit(0.0:376): avc: denied { open } for path="/dev" dev="tmpfs" ino=6394 scontext=u:r:priv_app:s0:c512,c768 tcontext=u:object_r:device:s0 tclass=dir permissive=1
04-28 16:55:57.422  2759  3305 W Conscrypt: Could not set socket write timeout: java.net.SocketException: Socket closed
04-28 16:55:57.422  2759  3305 W Conscrypt: 	at com.google.android.gms.org.conscrypt.Platform.setSocketWriteTimeout(:com.google.android.gms@16091021@16.0.91 (040408-244116403):2)
04-28 16:55:57.422  2759  3305 W Conscrypt: 	at com.google.android.gms.org.conscrypt.ConscryptFileDescriptorSocket.setSoWriteTimeout(:com.google.android.gms@16091021@16.0.91 (040408-244116403):2)
04-28 16:55:57.442  2759  3591 W Conscrypt: Could not set socket write timeout: java.net.SocketException: Socket closed
04-28 16:55:57.443  2759  3591 W Conscrypt: 	at com.google.android.gms.org.conscrypt.Platform.setSocketWriteTimeout(:com.google.android.gms@16091021@16.0.91 (040408-244116403):2)
04-28 16:55:57.443  2759  3591 W Conscrypt: 	at com.google.android.gms.org.conscrypt.ConscryptFileDescriptorSocket.setSoWriteTimeout(:com.google.android.gms@16091021@16.0.91 (040408-244116403):2)
04-28 16:55:57.481  2759  3305 W Conscrypt: Could not set socket write timeout: java.net.SocketException: Socket closed
04-28 16:55:57.481  2759  3305 W Conscrypt: 	at com.google.android.gms.org.conscrypt.Platform.setSocketWriteTimeout(:com.google.android.gms@16091021@16.0.91 (040408-244116403):2)
04-28 16:55:57.481  2759  3305 W Conscrypt: 	at com.google.android.gms.org.conscrypt.ConscryptFileDescriptorSocket.setSoWriteTimeout(:com.google.android.gms@16091021@16.0.91 (040408-244116403):2)
04-28 16:55:57.495  2759  3591 W Conscrypt: Could not set socket write timeout: java.net.SocketException: Socket closed
04-28 16:55:57.495  2759  3591 W Conscrypt: 	at com.google.android.gms.org.conscrypt.Platform.setSocketWriteTimeout(:com.google.android.gms@16091021@16.0.91 (040408-244116403):2)
04-28 16:55:57.495  2759  3591 W Conscrypt: 	at com.google.android.gms.org.conscrypt.ConscryptFileDescriptorSocket.setSoWriteTimeout(:com.google.android.gms@16091021@16.0.91 (040408-244116403):2)
04-28 16:55:57.838  1795  1795 W WindowManager: Attempted to remove non-existing token: android.os.Binder@3ef4a2f
04-28 16:55:57.842  1795  1795 I ActivityManager: Killing 3720:org.omnirom.gramophone/u0a57 (adj 906): empty #17
04-28 16:55:57.855  1795  2827 D ActivityManager: cleanUpApplicationRecord -- 3720
04-28 16:55:58.334  1795  1836 I ActivityManager: Waited long enough for: ServiceRecord{596c1f0 u0 com.android.musicfx/.SystemService}
04-28 16:55:58.571  1795  1836 I ActivityManager: Waited long enough for: ServiceRecord{59dfbdd u0 com.grarak.kerneladiutor/.services.monitor.Monitor}
04-28 16:55:58.723  3322  4911 I GlobalDismissManager: no sender configured
04-28 16:55:58.735  1795  1836 I ActivityManager: Waited long enough for: ServiceRecord{5da1a38 u0 com.android.calendar/.alerts.InitAlarmsService}
04-28 16:55:58.767  3322  4911 D AlertService: Scheduling next alarm with AlarmScheduler. sEventReminderReceived: null
04-28 16:55:59.195  1795  2427 I ActivityManager: Killing 3752:org.omnirom.omnijaws/u0a53 (adj 906): empty #17
04-28 16:55:59.217  1795  1810 D ActivityManager: cleanUpApplicationRecord -- 3752
04-28 16:56:01.946   649   649 I chatty  : uid=9999(nobody) /system/bin/msm_irqbalance expire 25 lines
04-28 16:56:02.204  1795  1836 I ActivityManager: Waited long enough for: ServiceRecord{11c0172 u0 com.qualcomm.embms/.EmbmsService}
04-28 16:56:02.503  2806  2806 I android.process.media: type=1400 audit(0.0:377): avc: denied { write } for comm=50726F66696C65205361766572 name="primary.prof" dev="mmcblk0p66" ino=2507486 scontext=u:r:priv_app:s0:c512,c768 tcontext=u:object_r:system_data_file:s0 tclass=file permissive=1
04-28 16:56:02.503  2806  2806 I android.process.media: type=1400 audit(0.0:378): avc: denied { lock } for comm=50726F66696C65205361766572 path="/data/misc/profiles/cur/0/com.android.providers.downloads/primary.prof" dev="mmcblk0p66" ino=2507486 scontext=u:r:priv_app:s0:c512,c768 tcontext=u:object_r:system_data_file:s0 tclass=file permissive=1
04-28 16:56:02.517  1795  1836 I ActivityManager: Waited long enough for: ServiceRecord{cb766cc u0 eu.chainfire.opendelta/.UpdateService}
04-28 16:56:07.522  2759  3292 I CheckinCompat: Done disabling old GoogleServicesFramework version
04-28 16:56:07.689  1795  2083 I ActivityManager: Killing 3184:com.google.android.play.games.ui/u0a79 (adj 906): empty #17
04-28 16:56:07.690  2371  2371 I chatty  : uid=1010(wifi) /system/bin/wpa_supplicant expire 61 lines
04-28 16:56:07.719  1795  1811 D ActivityManager: cleanUpApplicationRecord -- 3184
04-28 16:56:07.719  2759  5498 I Authzen : [DeviceStateSyncManager] The server is in sync with current state. Nothing to do
04-28 16:56:07.792  1795  2374 E IzatSvc_Wiper: W/Num of elements returned by LOWI 15
04-28 16:56:07.792  1795  2374 E LocSvc_api_v02: I/---> locClientSendReq line 2069 QMI_LOC_INJECT_WIFI_POSITION_REQ_V02
04-28 16:56:07.797  1795  2381 E LocSvc_ApiV02: I/<--- void globalRespCb(locClientHandleType, uint32_t, const locClientRespIndUnionType, uint32_t, void *) line 140 QMI_LOC_INJECT_WIFI_POSITION_REQ_V02
04-28 16:56:09.639  2767  2772 I art     : Do partial code cache collection, code=22KB, data=26KB
04-28 16:56:09.640  2767  2772 I art     : After code cache collection, code=22KB, data=26KB
04-28 16:56:09.640  2767  2772 I art     : Increasing code cache capacity to 128KB
04-28 16:56:13.741  3322  3369 D InitAlarmsService: Clearing and rescheduling alarms.
04-28 16:56:13.755  1795  2828 I ActivityManager: Killing 3833:com.keramidas.TitaniumBackup/u0a75 (adj 906): empty #17
04-28 16:56:13.759  1795  2831 I ActivityManager: Killing 3855:com.google.android.gms.ui/u0a79 (adj 906): empty #17
04-28 16:56:13.790  1795  3860 D ActivityManager: cleanUpApplicationRecord -- 3855
04-28 16:56:13.859  1795  2828 D ActivityManager: cleanUpApplicationRecord -- 3833
04-28 16:56:16.946   649   649 I chatty  : uid=9999(nobody) /system/bin/msm_irqbalance expire 29 lines
04-28 16:56:19.796  4083  4083 I System.out: LuckyPatcher Intent: Intent { act=android.intent.action.MEDIA_SCANNER_FINISHED dat=file:///storage/emulated/0 flg=0x10 cmp=ru.UWqkxknu.lmHZgpWUY/com.lp.BinderLuckyPatcher }
04-28 16:56:19.806  4083  4083 I System.out: LuckyPatcher Intent: Intent { act=android.intent.action.MEDIA_SCANNER_STARTED dat=file:///storage/emulated/0 flg=0x10 cmp=ru.UWqkxknu.lmHZgpWUY/com.lp.BinderLuckyPatcher }
04-28 16:56:21.355  2371  2371 I chatty  : uid=1010(wifi) /system/bin/wpa_supplicant expire 28 lines
04-28 16:56:22.088   530   582 E Sensors : sns_debug_main.c(160):Debug Timer Callback called
04-28 16:56:22.600  1795  3183 D qdlights: set_speaker_light_locked mode 0, onMS=0, offMS=0
04-28 16:56:22.606  2397  2460 W QCNEJ   : |CORE| CNE received unexpected action: android.intent.action.BATTERY_CHANGED
04-28 16:56:31.883  5504  5504 I BackgroundDexOp: type=1400 audit(0.0:379): avc: denied { getattr } for path="/data/dalvik-cache/arm64/system@app@OmniJaws@OmniJaws.apk@classes.dex" dev="mmcblk0p66" ino=2507608 scontext=u:r:system_server:s0 tcontext=u:object_r:install_data_file:s0 tclass=file permissive=1
04-28 16:56:31.883  5504  5504 I BackgroundDexOp: type=1400 audit(0.0:380): avc: denied { read } for name="system@app@OmniJaws@OmniJaws.apk@classes.dex" dev="mmcblk0p66" ino=2507608 scontext=u:r:system_server:s0 tcontext=u:object_r:install_data_file:s0 tclass=file permissive=1
04-28 16:56:31.883  5504  5504 I BackgroundDexOp: type=1400 audit(0.0:381): avc: denied { open } for path="/data/dalvik-cache/arm64/system@app@OmniJaws@OmniJaws.apk@classes.dex" dev="mmcblk0p66" ino=2507608 scontext=u:r:system_server:s0 tcontext=u:object_r:install_data_file:s0 tclass=file permissive=1
04-28 16:56:31.896  3399  3399 I Finsky  : [1] com.google.android.finsky.scheduler.JobSchedulerEngine$PhoneskyJobSchedulerJobService.onStartJob(3): onJobSchedulerWakeup with jobId 9003
04-28 16:56:31.902  3399  3399 I Finsky  : [1] ped.a(5): Scheduling fallback in 43199995 (absolute: 43278439)
04-28 16:56:31.906  3399  3399 I Finsky  : [1] ped.a(5): Scheduling fallback in 64799997 (absolute: 64878445)
04-28 16:56:31.941   649   649 I chatty  : uid=9999(nobody) /system/bin/msm_irqbalance expire 24 lines
04-28 16:56:32.033  3399  3399 I Finsky  : [1] pen.handleMessage(10): DeviceState: DeviceState{currentTime=1556459792030, isCharging=true, isIdle=false, netAny=true, netNotRoaming=true, netUnmetered=true}
04-28 16:56:32.040  3399  5505 I Finsky  : [92] pfx.b(7): Jobs in database: 1-1337 26-1414141414 29-29 
04-28 16:56:32.045  3399  3399 I Finsky  : [1] pek.a(46): Running job: 29-29
04-28 16:56:32.058  3399  3399 I Finsky  : [1] pen.handleMessage(81): RunningQueue size: 1, PendingQueue size: 0
04-28 16:56:32.058  3399  3399 I Finsky  : [1] pen.handleMessage(90): Running queue: 29-29 
04-28 16:56:32.062  3399  5506 I Finsky  : [93] tmr.a(13): ProcessRecoveryLogsUtil: No files in recovery directory
04-28 16:56:32.063  3399  5506 I Finsky  : [93] pfu.a(11): jobFinished: 29-29. TimeElapsed: 18ms
04-28 16:56:32.064  3399  3399 I Finsky  : [1] pek.a(10): Job 29-29 finished
04-28 16:56:32.066  3399  3399 I Finsky  : [1] pen.handleMessage(81): RunningQueue size: 0, PendingQueue size: 0
