04-28 16:58:09.513  2371  2371 D wpa_supplicant: nl80211: Scan extra IEs - hexdump(len=7): 7f 05 00 00 0a 02 01
04-28 16:58:09.513  2371  2371 D wpa_supplicant: Scan requested (ret=0) - scan timeout 30 seconds
04-28 16:58:09.513  2371  2371 D wpa_supplicant: nl80211: Event message available
04-28 16:58:09.513  2371  2371 D wpa_supplicant: nl80211: Drv Event 33 (NL80211_CMD_TRIGGER_SCAN) received for wlan0
04-28 16:58:09.513  2371  2371 D wpa_supplicant: wlan0: nl80211: Scan trigger
04-28 16:58:09.513  2371  2371 D wpa_supplicant: wlan0: Event SCAN_STARTED (46) received
04-28 16:58:09.513  2371  2371 D wpa_supplicant: wlan0: Own scan request started a scan in 0.000115 seconds
04-28 16:58:09.513  2371  2371 D wpa_supplicant: CTRL-DEBUG: ctrl_sock-sendmsg: sock=8 sndbuf=212992 outq=768 send_len=24
04-28 16:58:09.513  2371  2371 D wpa_supplicant: CTRL_IFACE monitor sent successfully to /data/misc/wifi/sockets/wpa_ctrl_568-2\x00
04-28 16:58:09.513  2371  2371 D wpa_supplicant: CTRL-DEBUG: ctrl_sock-sendmsg: sock=8 sndbuf=212992 outq=1536 send_len=24
04-28 16:58:09.513  2371  2371 D wpa_supplicant: CTRL_IFACE monitor sent successfully to /data/misc/wifi/sockets/wpa_ctrl_1795-2\x00
04-28 16:58:09.514  2371  2371 D wpa_supplicant: nl80211: Event message available
04-28 16:58:09.514  2371  2371 D wpa_supplicant: nl80211: Drv Event 34 (NL80211_CMD_NEW_SCAN_RESULTS) received for wlan0
04-28 16:58:09.514  2371  2371 D wpa_supplicant: wlan0: nl80211: New scan results available
04-28 16:58:09.514  2371  2371 D wpa_supplicant: nl80211: Scan included frequencies: 2412 2417 2422 2427 2432 2437 2442 2447 2452 2457 2462 2467 2472 5180 5200 5220 5240 5260 5280 5300 5320 5500 5520 5540 5560 5580 5600 5620 5640 5660 5680 5700 5720 5745 5765 5785 5805 5825
04-28 16:58:09.514  2371  2371 D wpa_supplicant: wlan0: Event SCAN_RESULTS (3) received
04-28 16:58:09.514  2371  2371 D wpa_supplicant: wlan0: Scan completed in 0.000319 seconds
04-28 16:58:09.514  2371  2371 D wpa_supplicant: nl80211: Associated on 5180 MHz
04-28 16:58:09.514  2371  2371 D wpa_supplicant: nl80211: Associated with 10:62:eb:8e:d5:e3
04-28 16:58:09.514  2371  2371 D wpa_supplicant: nl80211: Received scan results (11 BSSes)
04-28 16:58:09.514  2371  2371 D wpa_supplicant: nl80211: Scan results indicate BSS status with 10:62:eb:8e:d5:e3 as associated
04-28 16:58:09.514  2371  2371 D wpa_supplicant: wlan0: BSS: Start scan result update 7
04-28 16:58:09.514  2371  2371 D wpa_supplicant: wlan0: BSS: Remove id 7 BSSID 60:e3:27:bc:8f:9b SSID 'MGTS_GPON_2042' due to no match in scan
04-28 16:58:09.514  2371  2371 D wpa_supplicant: CTRL-DEBUG: ctrl_sock-sendmsg: sock=8 sndbuf=212992 outq=1536 send_len=42
04-28 16:58:09.514  2371  2371 D wpa_supplicant: CTRL_IFACE monitor sent successfully to /data/misc/wifi/sockets/wpa_ctrl_568-2\x00
04-28 16:58:09.514  2371  2371 D wpa_supplicant: CTRL-DEBUG: ctrl_sock-sendmsg: sock=8 sndbuf=212992 outq=2304 send_len=42
04-28 16:58:09.514  2371  2371 D wpa_supplicant: CTRL_IFACE monitor sent successfully to /data/misc/wifi/sockets/wpa_ctrl_1795-2\x00
04-28 16:58:09.514  2371  2371 D wpa_supplicant: BSS: last_scan_res_used=11/32
04-28 16:58:09.514  2371  2371 D wpa_supplicant: wlan0: Scan-only results received
04-28 16:58:09.514  2371  2371 D wpa_supplicant: CTRL-DEBUG: ctrl_sock-sendmsg: sock=8 sndbuf=212992 outq=768 send_len=24
04-28 16:58:09.514  2371  2371 D wpa_supplicant: CTRL_IFACE monitor sent successfully to /data/misc/wifi/sockets/wpa_ctrl_568-2\x00
04-28 16:58:09.514  2371  2371 D wpa_supplicant: CTRL-DEBUG: ctrl_sock-sendmsg: sock=8 sndbuf=212992 outq=1536 send_len=24
04-28 16:58:09.514  2371  2371 D wpa_supplicant: CTRL_IFACE monitor sent successfully to /data/misc/wifi/sockets/wpa_ctrl_1795-2\x00
04-28 16:58:09.514  2371  2371 D wpa_supplicant: wlan0: Radio work 'scan'@0x7594e2e300 done in 0.001497 seconds
04-28 16:58:09.514  2371  2371 D wpa_supplicant: wlan0: radio_work_free('scan'@0x7594e2e300: num_active_works --> 0
04-28 16:58:09.514  2371  2371 D wpa_supplicant: wlan0: Control interface command 'SCAN_RESULTS'
04-28 16:58:09.515  2371  2371 D wpa_supplicant: CTRL-DEBUG: global_ctrl_sock-sendto: sock=8 sndbuf=212992 outq=768 send_len=804
04-28 16:58:09.516  2371  2371 D wpa_supplicant: wlan0: Control interface command 'SCAN_RESULTS'
04-28 16:58:09.516  2371  2371 D wpa_supplicant: CTRL-DEBUG: global_ctrl_sock-sendto: sock=8 sndbuf=212992 outq=768 send_len=804
04-28 16:58:09.518  1795  2374 E IzatSvc_Wiper: W/Num of elements returned by LOWI 11
04-28 16:58:09.518  1795  2374 E LocSvc_api_v02: I/---> locClientSendReq line 2069 QMI_LOC_INJECT_WIFI_POSITION_REQ_V02
04-28 16:58:09.520  2371  2371 D wpa_supplicant: CTRL-DEBUG: global_ctrl_sock-sendto: sock=8 sndbuf=212992 outq=0 send_len=4050
04-28 16:58:09.521  1795  2381 E LocSvc_ApiV02: I/<--- void globalRespCb(locClientHandleType, uint32_t, const locClientRespIndUnionType, uint32_t, void *) line 140 QMI_LOC_INJECT_WIFI_POSITION_REQ_V02
04-28 16:58:09.522  2371  2371 D wpa_supplicant: CTRL-DEBUG: global_ctrl_sock-sendto: sock=8 sndbuf=212992 outq=0 send_len=4050
04-28 16:58:09.525  2371  2371 D wpa_supplicant: CTRL-DEBUG: global_ctrl_sock-sendto: sock=8 sndbuf=212992 outq=0 send_len=3518
04-28 16:58:09.527  2371  2371 D wpa_supplicant: CTRL-DEBUG: global_ctrl_sock-sendto: sock=8 sndbuf=212992 outq=0 send_len=3518
04-28 16:58:09.529  2371  2371 D wpa_supplicant: CTRL-DEBUG: global_ctrl_sock-sendto: sock=8 sndbuf=212992 outq=0 send_len=622
04-28 16:58:09.530  2371  2371 D wpa_supplicant: CTRL-DEBUG: global_ctrl_sock-sendto: sock=8 sndbuf=212992 outq=0 send_len=622
04-28 16:58:09.530  2371  2371 D wpa_supplicant: CTRL-DEBUG: global_ctrl_sock-sendto: sock=8 sndbuf=212992 outq=0 send_len=0
04-28 16:58:09.530  2371  2371 D wpa_supplicant: CTRL-DEBUG: global_ctrl_sock-sendto: sock=8 sndbuf=212992 outq=0 send_len=0
04-28 16:58:09.558  1641  1696 D audio_hw_primary: start_output_stream: exit
04-28 16:58:09.738  2380  5526 W Uploader: anonymous no longer exists, so no auth token.
04-28 16:58:10.108  2380  5526 W Uploader: anonymous no longer exists, so no auth token.
04-28 16:58:10.676  2380  5526 W Conscrypt: Could not set socket write timeout: java.net.SocketException: Socket closed
04-28 16:58:10.676  2380  5526 W Conscrypt: 	at com.google.android.gms.org.conscrypt.Platform.setSocketWriteTimeout(:com.google.android.gms@16091021@16.0.91 (040408-244116403):2)
04-28 16:58:10.676  2380  5526 W Conscrypt: 	at com.google.android.gms.org.conscrypt.ConscryptFileDescriptorSocket.setSoWriteTimeout(:com.google.android.gms@16091021@16.0.91 (040408-244116403):2)
04-28 16:58:10.702  2380  5526 W Conscrypt: Could not set socket write timeout: java.net.SocketException: Socket closed
04-28 16:58:10.702  2380  5526 W Conscrypt: 	at com.google.android.gms.org.conscrypt.Platform.setSocketWriteTimeout(:com.google.android.gms@16091021@16.0.91 (040408-244116403):2)
04-28 16:58:10.702  2380  5526 W Conscrypt: 	at com.google.android.gms.org.conscrypt.ConscryptFileDescriptorSocket.setSoWriteTimeout(:com.google.android.gms@16091021@16.0.91 (040408-244116403):2)
04-28 16:58:11.021  2380  3549 W Conscrypt: Could not set socket write timeout: java.net.SocketException: Socket closed
04-28 16:58:11.021  2380  3549 W Conscrypt: 	at com.google.android.gms.org.conscrypt.Platform.setSocketWriteTimeout(:com.google.android.gms@16091021@16.0.91 (040408-244116403):2)
04-28 16:58:11.021  2380  3549 W Conscrypt: 	at com.google.android.gms.org.conscrypt.ConscryptFileDescriptorSocket.setSoWriteTimeout(:com.google.android.gms@16091021@16.0.91 (040408-244116403):2)
04-28 16:58:11.154  2380  3549 W Conscrypt: Could not set socket write timeout: java.net.SocketException: Socket closed
04-28 16:58:11.154  2380  3549 W Conscrypt: 	at com.google.android.gms.org.conscrypt.Platform.setSocketWriteTimeout(:com.google.android.gms@16091021@16.0.91 (040408-244116403):2)
04-28 16:58:11.154  2380  3549 W Conscrypt: 	at com.google.android.gms.org.conscrypt.ConscryptFileDescriptorSocket.setSoWriteTimeout(:com.google.android.gms@16091021@16.0.91 (040408-244116403):2)
04-28 16:58:13.042  1641  1696 D audio_hw_primary: out_standby: enter: stream (0xe6772800) usecase(1: low-latency-playback)
04-28 16:58:13.176  1641  1696 D audio_hw_primary: disable_audio_route: reset and update mixer path: low-latency-playback speaker
04-28 16:58:13.177  1641  1696 D soundtrigger: audio_extn_sound_trigger_update_stream_status: uc_id 1 of type 0 for Event 2, with Raise=0
04-28 16:58:13.177  1641  1696 D hardware_info: hw_info_append_hw_type : device_name = speaker
04-28 16:58:13.177  1641  1696 D audio_hw_primary: disable_snd_device: snd_device(2: speaker)
04-28 16:58:13.177  1641  1696 D msm8916_platform: platform_can_split_snd_device: snd_device(2) num devices(0) new_snd_devices(0)
04-28 16:58:13.180  1641  1696 D aud_dev_arbi: releaseOneDevice: not sending command, device argument (2) does not match any registered device
04-28 16:58:13.180  1641  1696 D aud_dev_arbi: releaseOneDevice: device 2 owner is 0
04-28 16:58:13.180  1641  1696 I soundtrigger: audio_extn_sound_trigger_update_device_status: device 0x2 of type 0 for Event 0, with Raise=0
04-28 16:58:13.180  1641  1696 D audio_hw_primary: out_standby: exit
04-28 16:58:17.169   649   649 I chatty  : uid=9999(nobody) /system/bin/msm_irqbalance expire 161 lines
04-28 16:58:22.604  2397  2460 W QCNEJ   : |CORE| CNE received unexpected action: android.intent.action.BATTERY_CHANGED
04-28 16:58:53.081  1795  2154 W SettingsProvider: You shouldn't keep your settings in the secure settings. This will soon become an error.
04-28 16:59:17.184   649   649 I MSM-irqbalance: Decided to move IRQ186 from CPU0 [P:0] to CPU6 [P:1] (banned)
04-28 16:59:17.185   649   649 I MSM-irqbalance: Decided to move IRQ5 from CPU0 [P:0] to CPU4 [P:1] (banned)
04-28 16:59:17.186   649   649 I MSM-irqbalance: Decided to move IRQ3 from CPU0 [P:0] to CPU5 [P:1] (banned)
04-28 16:59:17.186   649   649 I MSM-irqbalance: Decided to move IRQ164 from CPU0 [P:0] to CPU7 [P:1] (banned)
04-28 16:59:17.187   649   649 I MSM-irqbalance: Decided to move IRQ3 from CPU3 [P:0] to CPU6 [P:1] (banned)
04-28 16:59:17.187   649   649 I MSM-irqbalance: Decided to move IRQ5 from CPU3 [P:0] to CPU4 [P:1] (banned)
04-28 16:59:22.179   649   649 I MSM-irqbalance: Decided to move IRQ5 from CPU1 [P:0] to CPU5 [P:1] (banned)
04-28 16:59:22.180   649   649 I MSM-irqbalance: Decided to move IRQ3 from CPU1 [P:0] to CPU7 [P:1] (banned)
04-28 16:59:22.181   649   649 I MSM-irqbalance: Decided to move IRQ186 from CPU1 [P:0] to CPU6 [P:1] (banned)
04-28 16:59:22.181   649   649 I MSM-irqbalance: Decided to move IRQ164 from CPU1 [P:0] to CPU4 [P:1] (banned)
04-28 16:59:22.182   649   649 I MSM-irqbalance: Decided to move IRQ186 from CPU0 [P:0] to CPU5 [P:1] (banned)
04-28 16:59:22.182   649   649 I MSM-irqbalance: Decided to move IRQ5 from CPU0 [P:0] to CPU7 [P:1] (banned)
04-28 16:59:22.183   649   649 I MSM-irqbalance: Decided to move IRQ3 from CPU0 [P:0] to CPU6 [P:1] (banned)
04-28 16:59:22.183   649   649 I MSM-irqbalance: Decided to move IRQ5 from CPU2 [P:0] to CPU4 [P:1] (banned)
04-28 16:59:22.184   649   649 I MSM-irqbalance: Decided to move IRQ186 from CPU2 [P:0] to CPU5 [P:1] (banned)
04-28 16:59:22.184   649   649 I MSM-irqbalance: Decided to move IRQ3 from CPU2 [P:0] to CPU7 [P:1] (banned)
04-28 16:59:22.185   649   649 I MSM-irqbalance: Decided to move IRQ164 from CPU2 [P:0] to CPU6 [P:1] (banned)
04-28 16:59:22.185   649   649 I MSM-irqbalance: Decided to move IRQ186 from CPU3 [P:0] to CPU4 [P:1] (banned)
04-28 16:59:22.186   649   649 I MSM-irqbalance: Decided to move IRQ5 from CPU3 [P:0] to CPU5 [P:1] (banned)
04-28 16:59:22.604  2397  2460 W QCNEJ   : |CORE| CNE received unexpected action: android.intent.action.BATTERY_CHANGED
04-28 16:59:24.546  2759  3305 I CastDatabase: Saving the database
04-28 16:59:24.558  2759  3305 I SQLiteCastStore: [CastNetworkInfo] saved: 0, skipped: 0, [CastDeviceInfo]: saved 0, skipped 0, [Paired Guest Mode DeviceInfo] saved: 0, skipped: 0. [ProbedNetworks]: saved 0, skipped: 0, [ProbedSocketAddress]: saved 0, skipped: 0, [Network-Device pairs]: saved: 0
04-28 16:59:27.178   649   649 I MSM-irqbalance: Decided to move IRQ5 from CPU1 [P:0] to CPU5 [P:1] (banned)
04-28 16:59:27.180   649   649 I MSM-irqbalance: Decided to move IRQ186 from CPU1 [P:0] to CPU7 [P:1] (banned)
04-28 16:59:27.180   649   649 I MSM-irqbalance: Decided to move IRQ3 from CPU1 [P:0] to CPU6 [P:1] (banned)
04-28 16:59:27.181   649   649 I MSM-irqbalance: Decided to move IRQ164 from CPU1 [P:0] to CPU4 [P:1] (banned)
04-28 16:59:27.182   649   649 I MSM-irqbalance: Decided to move IRQ186 from CPU2 [P:0] to CPU5 [P:1] (banned)
04-28 16:59:27.182   649   649 I MSM-irqbalance: Decided to move IRQ5 from CPU2 [P:0] to CPU7 [P:1] (banned)
04-28 16:59:27.183   649   649 I MSM-irqbalance: Decided to move IRQ3 from CPU2 [P:0] to CPU6 [P:1] (banned)
04-28 16:59:27.183   649   649 I MSM-irqbalance: Decided to move IRQ164 from CPU2 [P:0] to CPU4 [P:1] (banned)
04-28 16:59:27.184   649   649 I MSM-irqbalance: Decided to move IRQ5 from CPU0 [P:0] to CPU5 [P:1] (banned)
04-28 16:59:27.184   649   649 I MSM-irqbalance: Decided to move IRQ186 from CPU0 [P:0] to CPU7 [P:1] (banned)
04-28 16:59:27.185   649   649 I MSM-irqbalance: Decided to move IRQ3 from CPU0 [P:0] to CPU6 [P:1] (banned)
04-28 16:59:27.186   649   649 I MSM-irqbalance: Decided to move IRQ5 from CPU3 [P:0] to CPU4 [P:1] (banned)
04-28 16:59:27.186   649   649 I MSM-irqbalance: Decided to move IRQ3 from CPU3 [P:0] to CPU5 [P:1] (banned)
04-28 16:59:27.187   649   649 I MSM-irqbalance: Decided to move IRQ186 from CPU3 [P:0] to CPU7 [P:1] (banned)
04-28 16:59:32.179   649   649 I MSM-irqbalance: Decided to move IRQ186 from CPU1 [P:0] to CPU5 [P:1] (banned)
04-28 16:59:32.180   649   649 I MSM-irqbalance: Decided to move IRQ5 from CPU1 [P:0] to CPU7 [P:1] (banned)
04-28 16:59:32.181   649   649 I MSM-irqbalance: Decided to move IRQ3 from CPU1 [P:0] to CPU6 [P:1] (banned)
04-28 16:59:32.181   649   649 I MSM-irqbalance: Decided to move IRQ5 from CPU2 [P:0] to CPU4 [P:1] (banned)
04-28 16:59:32.182   649   649 I MSM-irqbalance: Decided to move IRQ3 from CPU2 [P:0] to CPU5 [P:1] (banned)
04-28 16:59:32.182   649   649 I MSM-irqbalance: Decided to move IRQ186 from CPU2 [P:0] to CPU7 [P:1] (banned)
04-28 16:59:32.183   649   649 I MSM-irqbalance: Decided to move IRQ186 from CPU0 [P:0] to CPU6 [P:1] (banned)
04-28 16:59:32.184   649   649 I MSM-irqbalance: Decided to move IRQ5 from CPU0 [P:0] to CPU4 [P:1] (banned)
04-28 16:59:32.184   649   649 I MSM-irqbalance: Decided to move IRQ3 from CPU0 [P:0] to CPU5 [P:1] (banned)
04-28 16:59:32.185   649   649 I MSM-irqbalance: Decided to move IRQ164 from CPU0 [P:0] to CPU7 [P:1] (banned)
04-28 16:59:32.185   649   649 I MSM-irqbalance: Decided to move IRQ5 from CPU3 [P:0] to CPU6 [P:1] (banned)
04-28 16:59:32.186   649   649 I MSM-irqbalance: Decided to move IRQ3 from CPU3 [P:0] to CPU4 [P:1] (banned)
04-28 16:59:37.179   649   649 I MSM-irqbalance: Decided to move IRQ186 from CPU1 [P:0] to CPU5 [P:1] (banned)
04-28 16:59:37.180   649   649 I MSM-irqbalance: Decided to move IRQ5 from CPU1 [P:0] to CPU7 [P:1] (banned)
04-28 16:59:37.181   649   649 I MSM-irqbalance: Decided to move IRQ3 from CPU1 [P:0] to CPU6 [P:1] (banned)
04-28 16:59:37.181   649   649 I MSM-irqbalance: Decided to move IRQ164 from CPU1 [P:0] to CPU4 [P:1] (banned)
04-28 16:59:37.182   649   649 I MSM-irqbalance: Decided to move IRQ5 from CPU2 [P:0] to CPU5 [P:1] (banned)
04-28 16:59:37.182   649   649 I MSM-irqbalance: Decided to move IRQ3 from CPU2 [P:0] to CPU7 [P:1] (banned)
04-28 16:59:37.183   649   649 I MSM-irqbalance: Decided to move IRQ5 from CPU0 [P:0] to CPU6 [P:1] (banned)
04-28 16:59:37.184   649   649 I MSM-irqbalance: Decided to move IRQ186 from CPU0 [P:0] to CPU4 [P:1] (banned)
04-28 16:59:37.184   649   649 I MSM-irqbalance: Decided to move IRQ3 from CPU0 [P:0] to CPU5 [P:1] (banned)
04-28 16:59:37.185   649   649 I MSM-irqbalance: Decided to move IRQ5 from CPU3 [P:0] to CPU7 [P:1] (banned)
04-28 16:59:42.179   649   649 I MSM-irqbalance: Decided to move IRQ186 from CPU1 [P:0] to CPU5 [P:1] (banned)
04-28 16:59:42.181   649   649 I MSM-irqbalance: Decided to move IRQ5 from CPU1 [P:0] to CPU7 [P:1] (banned)
04-28 16:59:42.181   649   649 I MSM-irqbalance: Decided to move IRQ3 from CPU2 [P:0] to CPU6 [P:1] (banned)
04-28 16:59:42.182   649   649 I MSM-irqbalance: Decided to move IRQ5 from CPU2 [P:0] to CPU4 [P:1] (banned)
04-28 16:59:42.183   649   649 I MSM-irqbalance: Decided to move IRQ5 from CPU0 [P:0] to CPU5 [P:1] (banned)
04-28 16:59:42.183   649   649 I MSM-irqbalance: Decided to move IRQ186 from CPU0 [P:0] to CPU7 [P:1] (banned)
04-28 16:59:42.184   649   649 I MSM-irqbalance: Decided to move IRQ3 from CPU0 [P:0] to CPU6 [P:1] (banned)
04-28 16:59:42.184   649   649 I MSM-irqbalance: Decided to move IRQ5 from CPU3 [P:0] to CPU4 [P:1] (banned)
04-28 16:59:44.286  3399  3429 I Finsky  : [27] iet.run(3): Stats for Executor: BlockingExecutor iga@bdc843[Running, pool size = 0, active threads = 0, queued tasks = 0, completed tasks = 9]
04-28 16:59:44.289  3399  3429 I Finsky  : [27] iet.run(3): Stats for Executor: LightweightExecutor iga@aa4dec0[Running, pool size = 4, active threads = 0, queued tasks = 0, completed tasks = 62]
04-28 16:59:45.109  3399  3429 I Finsky  : [27] iet.run(3): Stats for Executor: bgExecutor iga@c9187f9[Running, pool size = 4, active threads = 0, queued tasks = 0, completed tasks = 25]
04-28 16:59:47.178   649   649 I MSM-irqbalance: Decided to move IRQ5 from CPU1 [P:0] to CPU5 [P:1] (banned)
04-28 16:59:47.180   649   649 I MSM-irqbalance: Decided to move IRQ186 from CPU1 [P:0] to CPU7 [P:1] (banned)
04-28 16:59:47.180   649   649 I MSM-irqbalance: Decided to move IRQ3 from CPU1 [P:0] to CPU6 [P:1] (banned)
04-28 16:59:47.181   649   649 I MSM-irqbalance: Decided to move IRQ164 from CPU1 [P:0] to CPU4 [P:1] (banned)
04-28 16:59:47.182   649   649 I MSM-irqbalance: Decided to move IRQ5 from CPU2 [P:0] to CPU5 [P:1] (banned)
04-28 16:59:47.182   649   649 I MSM-irqbalance: Decided to move IRQ3 from CPU2 [P:0] to CPU7 [P:1] (banned)
04-28 16:59:47.183   649   649 I MSM-irqbalance: Decided to move IRQ186 from CPU0 [P:0] to CPU6 [P:1] (banned)
04-28 16:59:47.184   649   649 I MSM-irqbalance: Decided to move IRQ5 from CPU0 [P:0] to CPU4 [P:1] (banned)
04-28 16:59:47.184   649   649 I MSM-irqbalance: Decided to move IRQ3 from CPU0 [P:0] to CPU5 [P:1] (banned)
04-28 16:59:47.185   649   649 I MSM-irqbalance: Decided to move IRQ164 from CPU0 [P:0] to CPU7 [P:1] (banned)
04-28 16:59:47.185   649   649 I MSM-irqbalance: Decided to move IRQ186 from CPU3 [P:0] to CPU6 [P:1] (banned)
04-28 16:59:47.186   649   649 I MSM-irqbalance: Decided to move IRQ5 from CPU3 [P:0] to CPU4 [P:1] (banned)
04-28 16:59:47.187   649   649 I MSM-irqbalance: Decided to move IRQ3 from CPU3 [P:0] to CPU5 [P:1] (banned)
04-28 16:59:52.179   649   649 I MSM-irqbalance: Decided to move IRQ5 from CPU2 [P:0] to CPU5 [P:1] (banned)
04-28 16:59:52.180   649   649 I MSM-irqbalance: Decided to move IRQ3 from CPU2 [P:0] to CPU7 [P:1] (banned)
04-28 16:59:52.181   649   649 I MSM-irqbalance: Decided to move IRQ186 from CPU2 [P:0] to CPU6 [P:1] (banned)
04-28 16:59:52.181   649   649 I MSM-irqbalance: Decided to move IRQ5 from CPU0 [P:0] to CPU4 [P:1] (banned)
04-28 16:59:52.182   649   649 I MSM-irqbalance: Decided to move IRQ3 from CPU0 [P:0] to CPU5 [P:1] (banned)
04-28 16:59:52.183   649   649 I MSM-irqbalance: Decided to move IRQ186 from CPU0 [P:0] to CPU7 [P:1] (banned)
04-28 16:59:52.183   649   649 I MSM-irqbalance: Decided to move IRQ5 from CPU1 [P:0] to CPU6 [P:1] (banned)
04-28 16:59:52.184   649   649 I MSM-irqbalance: Decided to move IRQ186 from CPU1 [P:0] to CPU4 [P:1] (banned)
04-28 16:59:52.184   649   649 I MSM-irqbalance: Decided to move IRQ3 from CPU1 [P:0] to CPU5 [P:1] (banned)
04-28 16:59:52.185   649   649 I MSM-irqbalance: Decided to move IRQ164 from CPU1 [P:0] to CPU7 [P:1] (banned)
04-28 16:59:52.185   649   649 I MSM-irqbalance: Decided to move IRQ5 from CPU3 [P:0] to CPU6 [P:1] (banned)
04-28 16:59:52.186   649   649 I MSM-irqbalance: Decided to move IRQ186 from CPU3 [P:0] to CPU4 [P:1] (banned)
04-28 16:59:52.186   649   649 I MSM-irqbalance: Decided to move IRQ3 from CPU3 [P:0] to CPU5 [P:1] (banned)
04-28 16:59:52.187   649   649 I MSM-irqbalance: Decided to move IRQ164 from CPU3 [P:0] to CPU7 [P:1] (banned)
04-28 16:59:53.167  1795  3182 W SettingsProvider: You shouldn't keep your settings in the secure settings. This will soon become an error.
04-28 16:59:57.178   649   649 I MSM-irqbalance: Decided to move IRQ5 from CPU2 [P:0] to CPU5 [P:1] (banned)
04-28 16:59:57.179   649   649 I MSM-irqbalance: Decided to move IRQ3 from CPU2 [P:0] to CPU7 [P:1] (banned)
04-28 16:59:57.180   649   649 I MSM-irqbalance: Decided to move IRQ186 from CPU2 [P:0] to CPU6 [P:1] (banned)
04-28 16:59:57.180   649   649 I MSM-irqbalance: Decided to move IRQ5 from CPU0 [P:0] to CPU4 [P:1] (banned)
04-28 16:59:57.181   649   649 I MSM-irqbalance: Decided to move IRQ186 from CPU0 [P:0] to CPU5 [P:1] (banned)
04-28 16:59:57.181   649   649 I MSM-irqbalance: Decided to move IRQ3 from CPU0 [P:0] to CPU7 [P:1] (banned)
04-28 16:59:57.182   649   649 I MSM-irqbalance: Decided to move IRQ164 from CPU0 [P:0] to CPU6 [P:1] (banned)
04-28 16:59:57.182   649   649 I MSM-irqbalance: Decided to move IRQ186 from CPU1 [P:0] to CPU4 [P:1] (banned)
04-28 16:59:57.183   649   649 I MSM-irqbalance: Decided to move IRQ5 from CPU1 [P:0] to CPU5 [P:1] (banned)
04-28 16:59:57.183   649   649 I MSM-irqbalance: Decided to move IRQ3 from CPU1 [P:0] to CPU7 [P:1] (banned)
04-28 16:59:57.184   649   649 I MSM-irqbalance: Decided to move IRQ164 from CPU1 [P:0] to CPU6 [P:1] (banned)
04-28 16:59:57.184   649   649 I MSM-irqbalance: Decided to move IRQ5 from CPU3 [P:0] to CPU4 [P:1] (banned)
04-28 16:59:57.185   649   649 I MSM-irqbalance: Decided to move IRQ186 from CPU3 [P:0] to CPU5 [P:1] (banned)
04-28 16:59:57.186   649   649 I MSM-irqbalance: Decided to move IRQ3 from CPU3 [P:0] to CPU7 [P:1] (banned)
04-28 16:59:57.186   649   649 I MSM-irqbalance: Decided to move IRQ164 from CPU3 [P:0] to CPU6 [P:1] (banned)
04-28 17:00:02.179   649   649 I MSM-irqbalance: Decided to move IRQ5 from CPU2 [P:0] to CPU5 [P:1] (banned)
04-28 17:00:02.180   649   649 I MSM-irqbalance: Decided to move IRQ3 from CPU2 [P:0] to CPU7 [P:1] (banned)
04-28 17:00:02.181   649   649 I MSM-irqbalance: Decided to move IRQ186 from CPU2 [P:0] to CPU6 [P:1] (banned)
04-28 17:00:02.181   649   649 I MSM-irqbalance: Decided to move IRQ186 from CPU0 [P:0] to CPU4 [P:1] (banned)
04-28 17:00:02.182   649   649 I MSM-irqbalance: Decided to move IRQ5 from CPU0 [P:0] to CPU5 [P:1] (banned)
04-28 17:00:02.182   649   649 I MSM-irqbalance: Decided to move IRQ3 from CPU0 [P:0] to CPU7 [P:1] (banned)
04-28 17:00:02.183   649   649 I MSM-irqbalance: Decided to move IRQ5 from CPU1 [P:0] to CPU6 [P:1] (banned)
04-28 17:00:02.183   649   649 I MSM-irqbalance: Decided to move IRQ186 from CPU1 [P:0] to CPU4 [P:1] (banned)
04-28 17:00:02.184   649   649 I MSM-irqbalance: Decided to move IRQ186 from CPU3 [P:0] to CPU5 [P:1] (banned)
04-28 17:00:02.184   649   649 I MSM-irqbalance: Decided to move IRQ5 from CPU3 [P:0] to CPU7 [P:1] (banned)
04-28 17:00:02.185   649   649 I MSM-irqbalance: Decided to move IRQ3 from CPU3 [P:0] to CPU6 [P:1] (banned)
04-28 17:00:02.185   649   649 I MSM-irqbalance: Decided to move IRQ164 from CPU3 [P:0] to CPU4 [P:1] (banned)
04-28 17:00:07.179   649   649 I MSM-irqbalance: Decided to move IRQ5 from CPU2 [P:0] to CPU5 [P:1] (banned)
04-28 17:00:07.180   649   649 I MSM-irqbalance: Decided to move IRQ3 from CPU2 [P:0] to CPU7 [P:1] (banned)
04-28 17:00:07.180   649   649 I MSM-irqbalance: Decided to move IRQ5 from CPU0 [P:0] to CPU6 [P:1] (banned)
04-28 17:00:07.181   649   649 I MSM-irqbalance: Decided to move IRQ186 from CPU0 [P:0] to CPU4 [P:1] (banned)
04-28 17:00:07.182   649   649 I MSM-irqbalance: Decided to move IRQ186 from CPU1 [P:0] to CPU5 [P:1] (banned)
04-28 17:00:07.182   649   649 I MSM-irqbalance: Decided to move IRQ5 from CPU1 [P:0] to CPU7 [P:1] (banned)
04-28 17:00:07.183   649   649 I MSM-irqbalance: Decided to move IRQ186 from CPU3 [P:0] to CPU6 [P:1] (banned)
04-28 17:00:07.183   649   649 I MSM-irqbalance: Decided to move IRQ5 from CPU3 [P:0] to CPU4 [P:1] (banned)
04-28 17:00:07.184   649   649 I MSM-irqbalance: Decided to move IRQ3 from CPU3 [P:0] to CPU5 [P:1] (banned)
04-28 17:00:07.184   649   649 I MSM-irqbalance: Decided to move IRQ164 from CPU3 [P:0] to CPU7 [P:1] (banned)
04-28 17:00:12.179   649   649 I MSM-irqbalance: Decided to move IRQ5 from CPU2 [P:0] to CPU5 [P:1] (banned)
04-28 17:00:12.180   649   649 I MSM-irqbalance: Decided to move IRQ3 from CPU2 [P:0] to CPU7 [P:1] (banned)
04-28 17:00:12.181   649   649 I MSM-irqbalance: Decided to move IRQ186 from CPU2 [P:0] to CPU6 [P:1] (banned)
04-28 17:00:12.182   649   649 I MSM-irqbalance: Decided to move IRQ186 from CPU0 [P:0] to CPU4 [P:1] (banned)
04-28 17:00:12.182   649   649 I MSM-irqbalance: Decided to move IRQ5 from CPU0 [P:0] to CPU5 [P:1] (banned)
04-28 17:00:12.183   649   649 I MSM-irqbalance: Decided to move IRQ3 from CPU0 [P:0] to CPU7 [P:1] (banned)
04-28 17:00:12.183   649   649 I MSM-irqbalance: Decided to move IRQ164 from CPU0 [P:0] to CPU6 [P:1] (banned)
04-28 17:00:12.184   649   649 I MSM-irqbalance: Decided to move IRQ5 from CPU1 [P:0] to CPU4 [P:1] (banned)
04-28 17:00:12.185   649   649 I MSM-irqbalance: Decided to move IRQ186 from CPU1 [P:0] to CPU5 [P:1] (banned)
04-28 17:00:12.185   649   649 I MSM-irqbalance: Decided to move IRQ186 from CPU3 [P:0] to CPU7 [P:1] (banned)
04-28 17:00:12.186   649   649 I MSM-irqbalance: Decided to move IRQ5 from CPU3 [P:0] to CPU6 [P:1] (banned)
04-28 17:00:12.186   649   649 I MSM-irqbalance: Decided to move IRQ3 from CPU3 [P:0] to CPU4 [P:1] (banned)
04-28 17:00:17.179   649   649 I MSM-irqbalance: Decided to move IRQ186 from CPU2 [P:0] to CPU5 [P:1] (banned)
04-28 17:00:17.180   649   649 I MSM-irqbalance: Decided to move IRQ5 from CPU2 [P:0] to CPU7 [P:1] (banned)
04-28 17:00:17.180   649   649 I MSM-irqbalance: Decided to move IRQ3 from CPU2 [P:0] to CPU4 [P:1] (banned)
04-28 17:00:17.181   649   649 I MSM-irqbalance: Decided to move IRQ186 from CPU0 [P:0] to CPU6 [P:1] (banned)
04-28 17:00:17.182   649   649 I MSM-irqbalance: Decided to move IRQ5 from CPU0 [P:0] to CPU5 [P:1] (banned)
04-28 17:00:17.182   649   649 I MSM-irqbalance: Decided to move IRQ3 from CPU0 [P:0] to CPU7 [P:1] (banned)
04-28 17:00:17.183   649   649 I MSM-irqbalance: Decided to move IRQ164 from CPU0 [P:0] to CPU4 [P:1] (banned)
04-28 17:00:17.183   649   649 I MSM-irqbalance: Decided to move IRQ5 from CPU1 [P:0] to CPU6 [P:1] (banned)
04-28 17:00:17.184   649   649 I MSM-irqbalance: Decided to move IRQ186 from CPU1 [P:0] to CPU5 [P:1] (banned)
04-28 17:00:17.184   649   649 I MSM-irqbalance: Decided to move IRQ3 from CPU1 [P:0] to CPU7 [P:1] (banned)
04-28 17:00:17.185   649   649 I MSM-irqbalance: Decided to move IRQ5 from CPU3 [P:0] to CPU4 [P:1] (banned)
04-28 17:00:17.185   649   649 I MSM-irqbalance: Decided to move IRQ3 from CPU3 [P:0] to CPU6 [P:1] (banned)
04-28 17:00:17.186   649   649 I MSM-irqbalance: Decided to move IRQ186 from CPU3 [P:0] to CPU5 [P:1] (banned)
04-28 17:00:22.179   649   649 I MSM-irqbalance: Decided to move IRQ5 from CPU2 [P:0] to CPU5 [P:1] (banned)
04-28 17:00:22.180   649   649 I MSM-irqbalance: Decided to move IRQ3 from CPU0 [P:0] to CPU7 [P:1] (banned)
04-28 17:00:22.181   649   649 I MSM-irqbalance: Decided to move IRQ5 from CPU0 [P:0] to CPU4 [P:1] (banned)
04-28 17:00:22.182   649   649 I MSM-irqbalance: Decided to move IRQ186 from CPU1 [P:0] to CPU6 [P:1] (banned)
04-28 17:00:22.182   649   649 I MSM-irqbalance: Decided to move IRQ5 from CPU1 [P:0] to CPU5 [P:1] (banned)
04-28 17:00:22.183   649   649 I MSM-irqbalance: Decided to move IRQ164 from CPU1 [P:0] to CPU7 [P:1] (banned)
04-28 17:00:22.183   649   649 I MSM-irqbalance: Decided to move IRQ186 from CPU3 [P:0] to CPU4 [P:1] (banned)
04-28 17:00:22.184   649   649 I MSM-irqbalance: Decided to move IRQ5 from CPU3 [P:0] to CPU6 [P:1] (banned)
04-28 17:00:22.184   649   649 I MSM-irqbalance: Decided to move IRQ3 from CPU3 [P:0] to CPU5 [P:1] (banned)
04-28 17:00:22.603  2397  2460 W QCNEJ   : |CORE| CNE received unexpected action: android.intent.action.BATTERY_CHANGED
04-28 17:00:27.178   649   649 I MSM-irqbalance: Decided to move IRQ5 from CPU2 [P:0] to CPU5 [P:1] (banned)
04-28 17:00:27.179   649   649 I MSM-irqbalance: Decided to move IRQ186 from CPU2 [P:0] to CPU7 [P:1] (banned)
04-28 17:00:27.180   649   649 I MSM-irqbalance: Decided to move IRQ3 from CPU2 [P:0] to CPU4 [P:1] (banned)
04-28 17:00:27.180   649   649 I MSM-irqbalance: Decided to move IRQ186 from CPU0 [P:0] to CPU6 [P:1] (banned)
04-28 17:00:27.181   649   649 I MSM-irqbalance: Decided to move IRQ5 from CPU0 [P:0] to CPU5 [P:1] (banned)
04-28 17:00:27.181   649   649 I MSM-irqbalance: Decided to move IRQ3 from CPU0 [P:0] to CPU7 [P:1] (banned)
04-28 17:00:27.182   649   649 I MSM-irqbalance: Decided to move IRQ164 from CPU0 [P:0] to CPU4 [P:1] (banned)
04-28 17:00:27.182   649   649 I MSM-irqbalance: Decided to move IRQ5 from CPU1 [P:0] to CPU6 [P:1] (banned)
04-28 17:00:27.183   649   649 I MSM-irqbalance: Decided to move IRQ186 from CPU1 [P:0] to CPU5 [P:1] (banned)
04-28 17:00:27.183   649   649 I MSM-irqbalance: Decided to move IRQ164 from CPU1 [P:0] to CPU7 [P:1] (banned)
04-28 17:00:27.184   649   649 I MSM-irqbalance: Decided to move IRQ3 from CPU1 [P:0] to CPU4 [P:1] (banned)
04-28 17:00:27.184   649   649 I MSM-irqbalance: Decided to move IRQ5 from CPU3 [P:0] to CPU6 [P:1] (banned)
04-28 17:00:27.185   649   649 I MSM-irqbalance: Decided to move IRQ3 from CPU3 [P:0] to CPU5 [P:1] (banned)
04-28 17:00:32.179   649   649 I MSM-irqbalance: Decided to move IRQ186 from CPU2 [P:0] to CPU5 [P:1] (banned)
04-28 17:00:32.180   649   649 I MSM-irqbalance: Decided to move IRQ5 from CPU2 [P:0] to CPU7 [P:1] (banned)
04-28 17:00:32.181   649   649 I MSM-irqbalance: Decided to move IRQ3 from CPU2 [P:0] to CPU4 [P:1] (banned)
04-28 17:00:32.181   649   649 I MSM-irqbalance: Decided to move IRQ5 from CPU0 [P:0] to CPU6 [P:1] (banned)
04-28 17:00:32.182   649   649 I MSM-irqbalance: Decided to move IRQ186 from CPU0 [P:0] to CPU5 [P:1] (banned)
04-28 17:00:32.182   649   649 I MSM-irqbalance: Decided to move IRQ3 from CPU0 [P:0] to CPU7 [P:1] (banned)
04-28 17:00:32.183   649   649 I MSM-irqbalance: Decided to move IRQ5 from CPU1 [P:0] to CPU4 [P:1] (banned)
04-28 17:00:32.183   649   649 I MSM-irqbalance: Decided to move IRQ3 from CPU1 [P:0] to CPU6 [P:1] (banned)
04-28 17:00:32.184   649   649 I MSM-irqbalance: Decided to move IRQ186 from CPU1 [P:0] to CPU5 [P:1] (banned)
04-28 17:00:32.184   649   649 I MSM-irqbalance: Decided to move IRQ5 from CPU3 [P:0] to CPU7 [P:1] (banned)
04-28 17:00:32.185   649   649 I MSM-irqbalance: Decided to move IRQ3 from CPU3 [P:0] to CPU4 [P:1] (banned)
04-28 17:00:37.178   649   649 I MSM-irqbalance: Decided to move IRQ186 from CPU2 [P:0] to CPU5 [P:1] (banned)
04-28 17:00:37.180   649   649 I MSM-irqbalance: Decided to move IRQ5 from CPU2 [P:0] to CPU7 [P:1] (banned)
04-28 17:00:37.180   649   649 I MSM-irqbalance: Decided to move IRQ3 from CPU2 [P:0] to CPU4 [P:1] (banned)
04-28 17:00:37.181   649   649 I MSM-irqbalance: Decided to move IRQ186 from CPU0 [P:0] to CPU6 [P:1] (banned)
04-28 17:00:37.181   649   649 I MSM-irqbalance: Decided to move IRQ5 from CPU0 [P:0] to CPU5 [P:1] (banned)
04-28 17:00:37.182   649   649 I MSM-irqbalance: Decided to move IRQ3 from CPU0 [P:0] to CPU7 [P:1] (banned)
04-28 17:00:37.182   649   649 I MSM-irqbalance: Decided to move IRQ164 from CPU0 [P:0] to CPU4 [P:1] (banned)
04-28 17:00:37.183   649   649 I MSM-irqbalance: Decided to move IRQ5 from CPU1 [P:0] to CPU6 [P:1] (banned)
04-28 17:00:37.183   649   649 I MSM-irqbalance: Decided to move IRQ186 from CPU1 [P:0] to CPU5 [P:1] (banned)
04-28 17:00:37.184   649   649 I MSM-irqbalance: Decided to move IRQ3 from CPU1 [P:0] to CPU7 [P:1] (banned)
04-28 17:00:37.184   649   649 I MSM-irqbalance: Decided to move IRQ164 from CPU1 [P:0] to CPU4 [P:1] (banned)
04-28 17:00:37.185   649   649 I MSM-irqbalance: Decided to move IRQ5 from CPU3 [P:0] to CPU6 [P:1] (banned)
04-28 17:00:37.185   649   649 I MSM-irqbalance: Decided to move IRQ186 from CPU3 [P:0] to CPU5 [P:1] (banned)
04-28 17:00:37.186   649   649 I MSM-irqbalance: Decided to move IRQ3 from CPU3 [P:0] to CPU7 [P:1] (banned)
04-28 17:00:42.179   649   649 I MSM-irqbalance: Decided to move IRQ5 from CPU1 [P:0] to CPU5 [P:1] (banned)
04-28 17:00:42.180   649   649 I MSM-irqbalance: Decided to move IRQ186 from CPU1 [P:0] to CPU7 [P:1] (banned)
04-28 17:00:42.181   649   649 I MSM-irqbalance: Decided to move IRQ3 from CPU1 [P:0] to CPU4 [P:1] (banned)
04-28 17:00:42.182   649   649 I MSM-irqbalance: Decided to move IRQ186 from CPU2 [P:0] to CPU6 [P:1] (banned)
04-28 17:00:42.182   649   649 I MSM-irqbalance: Decided to move IRQ5 from CPU2 [P:0] to CPU5 [P:1] (banned)
04-28 17:00:42.183   649   649 I MSM-irqbalance: Decided to move IRQ3 from CPU2 [P:0] to CPU7 [P:1] (banned)
04-28 17:00:42.183   649   649 I MSM-irqbalance: Decided to move IRQ5 from CPU0 [P:0] to CPU4 [P:1] (banned)
04-28 17:00:42.184   649   649 I MSM-irqbalance: Decided to move IRQ186 from CPU0 [P:0] to CPU6 [P:1] (banned)
04-28 17:00:42.185   649   649 I MSM-irqbalance: Decided to move IRQ3 from CPU0 [P:0] to CPU5 [P:1] (banned)
04-28 17:00:42.185   649   649 I MSM-irqbalance: Decided to move IRQ164 from CPU0 [P:0] to CPU7 [P:1] (banned)
04-28 17:00:42.186   649   649 I MSM-irqbalance: Decided to move IRQ5 from CPU3 [P:0] to CPU4 [P:1] (banned)
04-28 17:00:42.186   649   649 I MSM-irqbalance: Decided to move IRQ186 from CPU3 [P:0] to CPU6 [P:1] (banned)
04-28 17:00:42.187   649   649 I MSM-irqbalance: Decided to move IRQ3 from CPU3 [P:0] to CPU5 [P:1] (banned)
04-28 17:00:47.178   649   649 I MSM-irqbalance: Decided to move IRQ5 from CPU1 [P:0] to CPU5 [P:1] (banned)
04-28 17:00:47.179   649   649 I MSM-irqbalance: Decided to move IRQ186 from CPU1 [P:0] to CPU7 [P:1] (banned)
04-28 17:00:47.180   649   649 I MSM-irqbalance: Decided to move IRQ3 from CPU1 [P:0] to CPU4 [P:1] (banned)
04-28 17:00:47.180   649   649 I MSM-irqbalance: Decided to move IRQ164 from CPU1 [P:0] to CPU6 [P:1] (banned)
04-28 17:00:47.181   649   649 I MSM-irqbalance: Decided to move IRQ5 from CPU0 [P:0] to CPU5 [P:1] (banned)
04-28 17:00:47.182   649   649 I MSM-irqbalance: Decided to move IRQ186 from CPU0 [P:0] to CPU7 [P:1] (banned)
04-28 17:00:47.182   649   649 I MSM-irqbalance: Decided to move IRQ3 from CPU0 [P:0] to CPU4 [P:1] (banned)
04-28 17:00:47.183   649   649 I MSM-irqbalance: Decided to move IRQ5 from CPU2 [P:0] to CPU6 [P:1] (banned)
04-28 17:00:47.183   649   649 I MSM-irqbalance: Decided to move IRQ3 from CPU2 [P:0] to CPU5 [P:1] (banned)
04-28 17:00:47.184   649   649 I MSM-irqbalance: Decided to move IRQ186 from CPU2 [P:0] to CPU7 [P:1] (banned)
04-28 17:00:47.184   649   649 I MSM-irqbalance: Decided to move IRQ5 from CPU3 [P:0] to CPU4 [P:1] (banned)
04-28 17:00:47.185   649   649 I MSM-irqbalance: Decided to move IRQ3 from CPU3 [P:0] to CPU6 [P:1] (banned)
04-28 17:00:47.185   649   649 I MSM-irqbalance: Decided to move IRQ186 from CPU3 [P:0] to CPU5 [P:1] (banned)
04-28 17:00:50.077  4083  5654 I System.out: ActionOnTimeLucky
04-28 17:00:50.102  2759  5655 I Authzen : [DeviceStateSyncManager] The server is in sync with current state. Nothing to do
04-28 17:00:50.106  4083  4083 I System.out: LuckyPatcher: Create service
04-28 17:00:50.106  4083  4083 I System.out: LuckyPatcher: Start thread patch!
04-28 17:00:50.110  4083  5658 I System.out: Block root thread1
04-28 17:00:50.110  4083  5658 I System.out: UNBlock root thread N1
04-28 17:00:50.113  4083  5658 I System.out: Input a string within 3 minuten: 
04-28 17:00:50.136  4083  5658 I System.out: you have entered: 
04-28 17:00:50.136  4083  5658 I System.out: LuckyApcther root errors: ls: /data/user/0/ru.UWqkxknu.lmHZgpWUY/files/ClearDalvik.on: No such file or directory
04-28 17:00:50.136  4083  5657 I System.out: ~
04-28 17:00:50.139  4083  5657 I System.out: LuckyPatcher (count patches to boot): 1
04-28 17:00:50.142  4083  5657 I System.out: LuckyPatcher (RAW): length = 5027
04-28 17:00:50.144  4083  5661 I System.out: Block root thread1
04-28 17:00:50.144  4083  5661 I System.out: UNBlock root thread N1
04-28 17:00:50.146  4083  5661 I System.out: Input a string within 3 minuten: 
04-28 17:00:50.161  4083  5661 I System.out: you have entered: 
04-28 17:00:50.161  4083  5661 I System.out: LuckyApcther root errors: ls: /system/bin/failsafe/toolbox: No such file or directory
04-28 17:00:50.161  4083  5657 I System.out: ~
04-28 17:00:50.162  4083  5664 I System.out: Block root thread1
04-28 17:00:50.162  4083  5664 I System.out: UNBlock root thread N1
04-28 17:00:50.163  4083  5664 I System.out: Input a string within 3 minuten: 
04-28 17:00:50.198  4083  5664 I System.out: you have entered: 
04-28 17:00:50.199  4083  5668 I System.out: Block root thread1
04-28 17:00:50.199  4083  5668 I System.out: UNBlock root thread N1
04-28 17:00:50.200  4083  5668 I System.out: Input a string within 3 minuten: 
04-28 17:00:50.215  4083  5668 I System.out: you have entered: chmod: no such tool
04-28 17:00:50.217  4083  5672 I System.out: Block root thread1
04-28 17:00:50.217  4083  5672 I System.out: UNBlock root thread N1
04-28 17:00:50.218  4083  5672 I System.out: Input a string within 3 minuten: 
04-28 17:00:50.303  4083  5672 I System.out: you have entered: chmod: no such tool
04-28 17:00:50.304  4083  5678 I System.out: Block root thread1
04-28 17:00:50.305  4083  5678 I System.out: UNBlock root thread N1
04-28 17:00:50.305  4083  5678 I System.out: Input a string within 3 minuten: 
04-28 17:00:50.357  4083  5678 I System.out: you have entered: chown: no such tool
04-28 17:00:50.359  4083  5684 I System.out: Block root thread1
04-28 17:00:50.359  4083  5684 I System.out: UNBlock root thread N1
04-28 17:00:50.360  4083  5684 I System.out: Input a string within 3 minuten: 
04-28 17:00:50.405  4083  5684 I System.out: you have entered: chmod: no such tool
04-28 17:00:50.406  4083  5684 I System.out: LuckyApcther root errors: chmod: bad mode '0:0'
04-28 17:00:50.406  4083  5684 I System.out: chmod: invalid mode '0:0'
04-28 17:00:50.406  4083  5684 I System.out: chmod: invalid mode '0:0'
04-28 17:00:50.406  4083  5657 I System.out: LuckyPatcher (Apply Patch on Boot): dkc.video.hdbox index:0
04-28 17:00:50.406  4083  5657 I System.out: LuckyPatcher (Boot - PackageManager): android.content.pm.PackageManager$NameNotFoundException: dkc.video.hdbox
04-28 17:00:50.406  4083  5657 I System.out: LuckyPatcher (AppDir to patch): empty
04-28 17:00:50.409  4083  5657 I System.out: dkc.video.hdbox
04-28 17:00:50.409  4083  5657 I System.out: LuckyPatcher (BootPatchError3): android.content.pm.PackageManager$NameNotFoundException: package scan error
04-28 17:00:50.410  4083  5657 I System.out: AppDisablers 0
04-28 17:00:50.403  5657  5657 I Thread-11: type=1400 audit(0.0:385): avc: denied { read } for name="lp_utils" dev="mmcblk0p66" ino=1433808 scontext=u:r:untrusted_app:s0:c512,c768 tcontext=u:object_r:system_data_file:s0 tclass=file permissive=1
04-28 17:00:50.411  4083  5657 I System.out: Enf: permissive
04-28 17:00:50.411  4083  5657 I System.out: LP - exit.
04-28 17:00:50.412  4083  5657 I System.out: LuckyPatcher: exit root.
04-28 17:00:50.414  4083  5657 I art     : System.exit called, status: 0
04-28 17:00:50.414  4083  5657 I AndroidRuntime: VM exiting with result code 0, cleanup skipped.
04-28 17:00:50.426  1795  2154 I ActivityManager: Process ru.UWqkxknu.lmHZgpWUY (pid 4083) has died
04-28 17:00:50.426  1795  2154 D ActivityManager: cleanUpApplicationRecord -- 4083
04-28 17:00:50.426  1795  2154 W ActivityManager: Scheduling restart of crashed service ru.UWqkxknu.lmHZgpWUY/com.lp.PatchService in 1000ms
04-28 17:00:52.178   649   649 I MSM-irqbalance: Decided to move IRQ5 from CPU1 [P:0] to CPU5 [P:1] (banned)
04-28 17:00:52.179   649   649 I MSM-irqbalance: Decided to move IRQ3 from CPU1 [P:0] to CPU7 [P:1] (banned)
04-28 17:00:52.180   649   649 I MSM-irqbalance: Decided to move IRQ186 from CPU1 [P:0] to CPU4 [P:1] (banned)
04-28 17:00:52.180   649   649 I MSM-irqbalance: Decided to move IRQ164 from CPU1 [P:0] to CPU6 [P:1] (banned)
04-28 17:00:52.181   649   649 I MSM-irqbalance: Decided to move IRQ3 from CPU0 [P:0] to CPU5 [P:1] (banned)
04-28 17:00:52.181   649   649 I MSM-irqbalance: Decided to move IRQ186 from CPU0 [P:0] to CPU7 [P:1] (banned)
04-28 17:00:52.182   649   649 I MSM-irqbalance: Decided to move IRQ5 from CPU0 [P:0] to CPU4 [P:1] (banned)
04-28 17:00:52.182   649   649 I MSM-irqbalance: Decided to move IRQ164 from CPU0 [P:0] to CPU6 [P:1] (banned)
04-28 17:00:52.183   649   649 I MSM-irqbalance: Decided to move IRQ3 from CPU2 [P:0] to CPU5 [P:1] (banned)
04-28 17:00:52.183   649   649 I MSM-irqbalance: Decided to move IRQ5 from CPU2 [P:0] to CPU7 [P:1] (banned)
04-28 17:00:52.183   649   649 I MSM-irqbalance: Decided to move IRQ186 from CPU2 [P:0] to CPU4 [P:1] (banned)
04-28 17:00:52.184   649   649 I MSM-irqbalance: Decided to move IRQ186 from CPU3 [P:0] to CPU6 [P:1] (banned)
04-28 17:00:52.184   649   649 I MSM-irqbalance: Decided to move IRQ5 from CPU3 [P:0] to CPU5 [P:1] (banned)
04-28 17:00:52.185   649   649 I MSM-irqbalance: Decided to move IRQ3 from CPU3 [P:0] to CPU7 [P:1] (banned)
04-28 17:00:52.185   649   649 I MSM-irqbalance: Decided to move IRQ164 from CPU3 [P:0] to CPU4 [P:1] (banned)
04-28 17:00:53.256  1795  2828 W SettingsProvider: You shouldn't keep your settings in the secure settings. This will soon become an error.
04-28 17:00:57.176   649   649 I MSM-irqbalance: Decided to move IRQ186 from CPU1 [P:0] to CPU5 [P:1] (banned)
04-28 17:00:57.177   649   649 I MSM-irqbalance: Decided to move IRQ5 from CPU1 [P:0] to CPU7 [P:1] (banned)
04-28 17:00:57.178   649   649 I MSM-irqbalance: Decided to move IRQ3 from CPU1 [P:0] to CPU4 [P:1] (banned)
04-28 17:00:57.179   649   649 I MSM-irqbalance: Decided to move IRQ5 from CPU0 [P:0] to CPU6 [P:1] (banned)
04-28 17:00:57.179   649   649 I MSM-irqbalance: Decided to move IRQ186 from CPU0 [P:0] to CPU5 [P:1] (banned)
04-28 17:00:57.180   649   649 I MSM-irqbalance: Decided to move IRQ3 from CPU0 [P:0] to CPU7 [P:1] (banned)
04-28 17:00:57.180   649   649 I MSM-irqbalance: Decided to move IRQ5 from CPU2 [P:0] to CPU4 [P:1] (banned)
04-28 17:00:57.181   649   649 I MSM-irqbalance: Decided to move IRQ186 from CPU2 [P:0] to CPU6 [P:1] (banned)
04-28 17:00:57.181   649   649 I MSM-irqbalance: Decided to move IRQ3 from CPU2 [P:0] to CPU5 [P:1] (banned)
04-28 17:00:57.182   649   649 I MSM-irqbalance: Decided to move IRQ164 from CPU2 [P:0] to CPU7 [P:1] (banned)
04-28 17:00:57.182   649   649 I MSM-irqbalance: Decided to move IRQ5 from CPU3 [P:0] to CPU4 [P:1] (banned)
04-28 17:00:57.183   649   649 I MSM-irqbalance: Decided to move IRQ3 from CPU3 [P:0] to CPU6 [P:1] (banned)
04-28 17:00:57.183   649   649 I MSM-irqbalance: Decided to move IRQ186 from CPU3 [P:0] to CPU5 [P:1] (banned)
04-28 17:01:02.199   649   649 I MSM-irqbalance: Decided to move IRQ5 from CPU1 [P:0] to CPU5 [P:1] (banned)
04-28 17:01:02.200   649   649 I MSM-irqbalance: Decided to move IRQ186 from CPU1 [P:0] to CPU7 [P:1] (banned)
04-28 17:01:02.201   649   649 I MSM-irqbalance: Decided to move IRQ3 from CPU1 [P:0] to CPU4 [P:1] (banned)
04-28 17:01:02.202   649   649 I MSM-irqbalance: Decided to move IRQ164 from CPU1 [P:0] to CPU6 [P:1] (banned)
04-28 17:01:02.202   649   649 I MSM-irqbalance: Decided to move IRQ186 from CPU0 [P:0] to CPU5 [P:1] (banned)
04-28 17:01:02.202   649   649 I MSM-irqbalance: Decided to move IRQ5 from CPU0 [P:0] to CPU7 [P:1] (banned)
04-28 17:01:02.203   649   649 I MSM-irqbalance: Decided to move IRQ3 from CPU0 [P:0] to CPU4 [P:1] (banned)
04-28 17:01:02.204   649   649 I MSM-irqbalance: Decided to move IRQ164 from CPU0 [P:0] to CPU6 [P:1] (banned)
04-28 17:01:02.204   649   649 I MSM-irqbalance: Decided to move IRQ186 from CPU2 [P:0] to CPU5 [P:1] (banned)
04-28 17:01:02.205   649   649 I MSM-irqbalance: Decided to move IRQ5 from CPU2 [P:0] to CPU7 [P:1] (banned)
04-28 17:01:02.205   649   649 I MSM-irqbalance: Decided to move IRQ3 from CPU2 [P:0] to CPU4 [P:1] (banned)
04-28 17:01:02.206   649   649 I MSM-irqbalance: Decided to move IRQ164 from CPU2 [P:0] to CPU6 [P:1] (banned)
04-28 17:01:02.206   649   649 I MSM-irqbalance: Decided to move IRQ5 from CPU3 [P:0] to CPU5 [P:1] (banned)
04-28 17:01:02.207   649   649 I MSM-irqbalance: Decided to move IRQ186 from CPU3 [P:0] to CPU7 [P:1] (banned)
04-28 17:01:02.207   649   649 I MSM-irqbalance: Decided to move IRQ3 from CPU3 [P:0] to CPU4 [P:1] (banned)
04-28 17:01:02.208   649   649 I MSM-irqbalance: Decided to move IRQ164 from CPU3 [P:0] to CPU6 [P:1] (banned)
04-28 17:01:07.198   649   649 I MSM-irqbalance: Decided to move IRQ5 from CPU2 [P:0] to CPU5 [P:1] (banned)
04-28 17:01:07.200   649   649 I MSM-irqbalance: Decided to move IRQ3 from CPU2 [P:0] to CPU7 [P:1] (banned)
04-28 17:01:07.200   649   649 I MSM-irqbalance: Decided to move IRQ186 from CPU2 [P:0] to CPU4 [P:1] (banned)
04-28 17:01:07.201   649   649 I MSM-irqbalance: Decided to move IRQ186 from CPU0 [P:0] to CPU6 [P:1] (banned)
04-28 17:01:07.201   649   649 I MSM-irqbalance: Decided to move IRQ5 from CPU0 [P:0] to CPU5 [P:1] (banned)
04-28 17:01:07.202   649   649 I MSM-irqbalance: Decided to move IRQ3 from CPU0 [P:0] to CPU7 [P:1] (banned)
04-28 17:01:07.202   649   649 I MSM-irqbalance: Decided to move IRQ186 from CPU1 [P:0] to CPU4 [P:1] (banned)
04-28 17:01:07.203   649   649 I MSM-irqbalance: Decided to move IRQ5 from CPU1 [P:0] to CPU6 [P:1] (banned)
04-28 17:01:07.203   649   649 I MSM-irqbalance: Decided to move IRQ3 from CPU1 [P:0] to CPU5 [P:1] (banned)
04-28 17:01:07.204   649   649 I MSM-irqbalance: Decided to move IRQ186 from CPU3 [P:0] to CPU7 [P:1] (banned)
04-28 17:01:07.204   649   649 I MSM-irqbalance: Decided to move IRQ5 from CPU3 [P:0] to CPU4 [P:1] (banned)
04-28 17:01:07.205   649   649 I MSM-irqbalance: Decided to move IRQ3 from CPU3 [P:0] to CPU6 [P:1] (banned)
04-28 17:01:07.205   649   649 I MSM-irqbalance: Decided to move IRQ164 from CPU3 [P:0] to CPU5 [P:1] (banned)
04-28 17:01:12.198   649   649 I MSM-irqbalance: Decided to move IRQ5 from CPU1 [P:0] to CPU5 [P:1] (banned)
04-28 17:01:12.199   649   649 I MSM-irqbalance: Decided to move IRQ186 from CPU1 [P:0] to CPU7 [P:1] (banned)
04-28 17:01:12.200   649   649 I MSM-irqbalance: Decided to move IRQ5 from CPU2 [P:0] to CPU4 [P:1] (banned)
04-28 17:01:12.201   649   649 I MSM-irqbalance: Decided to move IRQ3 from CPU2 [P:0] to CPU6 [P:1] (banned)
04-28 17:01:12.201   649   649 I MSM-irqbalance: Decided to move IRQ5 from CPU0 [P:0] to CPU5 [P:1] (banned)
04-28 17:01:12.202   649   649 I MSM-irqbalance: Decided to move IRQ186 from CPU0 [P:0] to CPU7 [P:1] (banned)
04-28 17:01:12.202   649   649 I MSM-irqbalance: Decided to move IRQ3 from CPU0 [P:0] to CPU4 [P:1] (banned)
04-28 17:01:12.203   649   649 I MSM-irqbalance: Decided to move IRQ186 from CPU3 [P:0] to CPU6 [P:1] (banned)
04-28 17:01:12.204   649   649 I MSM-irqbalance: Decided to move IRQ5 from CPU3 [P:0] to CPU5 [P:1] (banned)
04-28 17:01:12.204   649   649 I MSM-irqbalance: Decided to move IRQ3 from CPU3 [P:0] to CPU7 [P:1] (banned)
04-28 17:01:12.205   649   649 I MSM-irqbalance: Decided to move IRQ164 from CPU3 [P:0] to CPU4 [P:1] (banned)
04-28 17:01:14.230  2371  2371 D wpa_supplicant: wlan0: BSS: Remove id 1 BSSID 10:62:eb:8e:d5:e5 SSID 'Onlime213' due to wpa_bss_flush_by_age
04-28 17:01:14.230  2371  2371 D wpa_supplicant: CTRL-DEBUG: ctrl_sock-sendmsg: sock=8 sndbuf=212992 outq=0 send_len=42
04-28 17:01:14.231  2371  2371 D wpa_supplicant: CTRL_IFACE monitor sent successfully to /data/misc/wifi/sockets/wpa_ctrl_568-2\x00
04-28 17:01:14.231  2371  2371 D wpa_supplicant: CTRL-DEBUG: ctrl_sock-sendmsg: sock=8 sndbuf=212992 outq=768 send_len=42
04-28 17:01:14.231  2371  2371 D wpa_supplicant: CTRL_IFACE monitor sent successfully to /data/misc/wifi/sockets/wpa_ctrl_1795-2\x00
04-28 17:01:14.231  2371  2371 D wpa_supplicant: wlan0: BSS: Remove id 2 BSSID 00:0e:8f:4a:24:40 SSID 'MGTS_GPON_2197' due to wpa_bss_flush_by_age
04-28 17:01:14.231  2371  2371 D wpa_supplicant: CTRL-DEBUG: ctrl_sock-sendmsg: sock=8 sndbuf=212992 outq=1536 send_len=42
04-28 17:01:14.231  2371  2371 D wpa_supplicant: CTRL_IFACE monitor sent successfully to /data/misc/wifi/sockets/wpa_ctrl_568-2\x00
04-28 17:01:14.231  2371  2371 D wpa_supplicant: CTRL-DEBUG: ctrl_sock-sendmsg: sock=8 sndbuf=212992 outq=1536 send_len=42
04-28 17:01:14.231  2371  2371 D wpa_supplicant: CTRL_IFACE monitor sent successfully to /data/misc/wifi/sockets/wpa_ctrl_1795-2\x00
04-28 17:01:14.231  2371  2371 D wpa_supplicant: wlan0: BSS: Remove id 3 BSSID f8:bf:09:8b:28:10 SSID 'Mgts_56' due to wpa_bss_flush_by_age
04-28 17:01:14.231  2371  2371 D wpa_supplicant: CTRL-DEBUG: ctrl_sock-sendmsg: sock=8 sndbuf=212992 outq=1536 send_len=42
04-28 17:01:14.231  2371  2371 D wpa_supplicant: CTRL_IFACE monitor sent successfully to /data/misc/wifi/sockets/wpa_ctrl_568-2\x00
04-28 17:01:14.231  2371  2371 D wpa_supplicant: CTRL-DEBUG: ctrl_sock-sendmsg: sock=8 sndbuf=212992 outq=2304 send_len=42
04-28 17:01:14.232  2371  2371 D wpa_supplicant: CTRL_IFACE monitor sent successfully to /data/misc/wifi/sockets/wpa_ctrl_1795-2\x00
04-28 17:01:14.232  2371  2371 D wpa_supplicant: wlan0: BSS: Remove id 6 BSSID 0e:84:dc:6b:24:e7 SSID 'DIRECT-Hp-BRAVIA' due to wpa_bss_flush_by_age
