04-28 16:55:30.956  1795  1795 W PackageManager: Unknown permission com.google.android.clockwork.settings.SHOW_FACTORY_RESET_CONFIRMATION in package com.google.android.gms
04-28 16:55:30.956  1795  1795 W PackageManager: Unknown permission com.google.android.wearable.READ_SETTINGS in package com.google.android.gms
04-28 16:55:30.956  1795  1795 W PackageManager: Unknown permission android.permission.MANAGE_SUBSCRIPTION_PLANS in package com.google.android.gms
04-28 16:55:30.956  1795  1795 W PackageManager: Unknown permission android.permission.READ_DEVICE_CONFIG in package com.google.android.gms
04-28 16:55:30.956  1795  1795 W PackageManager: Unknown permission android.permission.WRITE_DEVICE_CONFIG in package com.google.android.gms
04-28 16:55:30.956  1795  1795 W PackageManager: Unknown permission com.google.android.gms.game.notifications.permission.WRITE in package com.google.android.gms
04-28 16:55:30.957  1795  1795 W PackageManager: Unknown permission com.google.android.launcher.permission.RECEIVE_LAUNCH_BROADCASTS in package com.google.android.gms
04-28 16:55:30.957  1795  1795 W PackageManager: Unknown permission android.permission.RESET_PASSWORD in package com.google.android.gms
04-28 16:55:30.957  1795  1795 W PackageManager: Unknown permission android.permission.LOCK_DEVICE in package com.google.android.gms
04-28 16:55:30.957  1795  1795 W PackageManager: Unknown permission android.permission.CONTROL_KEYGUARD_SECURE_NOTIFICATIONS in package com.google.android.gms
04-28 16:55:30.957  1795  1795 W PackageManager: Unknown permission com.google.android.gm.permission.READ_GMAIL in package com.google.android.gms
04-28 16:55:30.957  1795  1795 W PackageManager: Unknown permission com.google.android.permission.INSTALL_WEARABLE_PACKAGES in package com.android.packageinstaller
04-28 16:55:30.957  1795  1795 W PackageManager: Not granting permission android.permission.DELETE_PACKAGES to package com.svox.pico (protectionLevel=18 flags=0x3808be45)
04-28 16:55:30.957  1795  1795 W PackageManager: Unknown permission android.permission.FOREGROUND_SERVICE in package com.topjohnwu.magisk
04-28 16:55:30.957  1795  1795 W PackageManager: Not granting permission android.permission.WRITE_EXTERNAL_STORAGE to package com.topjohnwu.magisk because it was previously installed without
04-28 16:55:30.957  1795  1795 W PackageManager: Not granting permission android.permission.READ_EXTERNAL_STORAGE to package com.topjohnwu.magisk because it was previously installed without
04-28 16:55:30.957  1795  1795 W PackageManager: Not granting permission android.permission.RECORD_AUDIO to package com.splendapps.vox because it was previously installed without
04-28 16:55:30.957  1795  1795 W PackageManager: Not granting permission android.permission.READ_EXTERNAL_STORAGE to package com.splendapps.vox because it was previously installed without
04-28 16:55:30.957  1795  1795 W PackageManager: Not granting permission android.permission.WRITE_EXTERNAL_STORAGE to package com.splendapps.vox because it was previously installed without
04-28 16:55:30.957  1795  1795 W PackageManager: Unknown permission android.permission.FOREGROUND_SERVICE in package com.splendapps.vox
04-28 16:55:30.957  1795  1795 W PackageManager: Unknown permission com.google.android.gallery3d.permission.PICASA_STORE in package com.android.dreams.phototable
04-28 16:55:30.957  1795  1795 W PackageManager: Unknown permission org.omnirom.deskclock.worldclock.permissions.WRITE_DATABASE in package org.omnirom.deskclock
04-28 16:55:30.957  1795  1795 W PackageManager: Not granting permission android.permission.CONTROL_KEYGUARD to package com.google.android.gsf.login (protectionLevel=2 flags=0x3048be45)
04-28 16:55:30.957  1795  1795 W PackageManager: Unknown permission com.android.vending.billing.IBillingAccountService.BIND2 in package com.google.android.gsf.login
04-28 16:55:30.957  1795  1795 W PackageManager: Unknown permission com.android.chrome.TOS_ACKED in package com.google.android.gsf.login
04-28 16:55:30.957  1795  1795 W PackageManager: Unknown permission com.android.launcher.permission.READ_SETTINGS in package com.android.settings
04-28 16:55:30.957  1795  1795 W PackageManager: Unknown permission com.android.launcher.permission.WRITE_SETTINGS in package com.android.settings
04-28 16:55:30.957  1795  1795 W PackageManager: Unknown permission com.qualcomm.permission.ACCESS_LOCATION_API in package com.qualcomm.location
04-28 16:55:30.958  1795  1795 W PackageManager: Unknown permission android.permission.ACCESS_SUPERUSER in package org.omnirom.substratum
04-28 16:55:30.958  1795  1795 W PackageManager: Not granting permission android.permission.CHANGE_CONFIGURATION to package org.omnirom.substratum (protectionLevel=50 flags=0x38583e45)
04-28 16:55:30.958  1795  1795 W PackageManager: Not granting permission android.permission.INSTALL_PACKAGES to package org.omnirom.substratum (protectionLevel=18 flags=0x38583e45)
04-28 16:55:30.958  1795  1795 W PackageManager: Unknown permission android.permission.MODIFY_OVERLAYS in package org.omnirom.substratum
04-28 16:55:30.958  1795  1795 W PackageManager: Not granting permission android.permission.SET_PROCESS_LIMIT to package org.omnirom.substratum (protectionLevel=50 flags=0x38583e45)
04-28 16:55:30.958  1795  1795 W PackageManager: Unknown permission android.permission.SYSTEM_OVERLAY_WINDOW in package org.omnirom.substratum
04-28 16:55:30.958  1795  1795 W PackageManager: Not granting permission android.permission.ACCESS_COARSE_LOCATION to package ru.UWqkxknu.lmHZgpWUY because it was previously installed without
04-28 16:55:30.958  1795  1795 W PackageManager: Not granting permission android.permission.ACCESS_FINE_LOCATION to package ru.UWqkxknu.lmHZgpWUY because it was previously installed without
04-28 16:55:30.958  1795  1795 W PackageManager: Not granting permission android.permission.READ_LOGS to package ru.UWqkxknu.lmHZgpWUY (protectionLevel=50 flags=0x3808be44)
04-28 16:55:30.958  1795  1795 W PackageManager: Unknown permission android.permission.ACCESS_SUPERUSER in package ru.UWqkxknu.lmHZgpWUY
04-28 16:55:30.958  1795  1795 W PackageManager: Not granting permission android.permission.INTERACT_ACROSS_USERS_FULL to package ru.UWqkxknu.lmHZgpWUY (protectionLevel=258 flags=0x3808be44)
04-28 16:55:30.958  1795  1795 W PackageManager: Not granting permission android.permission.WRITE_EXTERNAL_STORAGE to package ru.UWqkxknu.lmHZgpWUY because it was previously installed without
04-28 16:55:30.958  1795  1795 W PackageManager: Not granting permission android.permission.WRITE_MEDIA_STORAGE to package ru.UWqkxknu.lmHZgpWUY (protectionLevel=18 flags=0x3808be44)
04-28 16:55:30.958  1795  1795 W PackageManager: Not granting permission android.permission.READ_PHONE_STATE to package ru.UWqkxknu.lmHZgpWUY because it was previously installed without
04-28 16:55:30.958  1795  1795 W PackageManager: Not granting permission android.permission.READ_EXTERNAL_STORAGE to package ru.UWqkxknu.lmHZgpWUY because it was previously installed without
04-28 16:55:30.958  1795  1795 W PackageManager: Not granting permission android.permission.BATTERY_STATS to package ru.UWqkxknu.lmHZgpWUY (protectionLevel=50 flags=0x3808be44)
04-28 16:55:30.958  1795  1795 W PackageManager: Unknown permission android.permission.READ_NFC_SETTINGS in package com.android.systemui
04-28 16:55:30.958  1795  1795 W PackageManager: Unknown permission android.permission.WRITE_NFC_SETTINGS in package com.android.systemui
04-28 16:55:30.959  1795  1795 W PackageManager: Not granting permission android.permission.WRITE_MEDIA_STORAGE to package com.estrongs.android.pop.pro (protectionLevel=18 flags=0x3848be44)
04-28 16:55:30.959  1795  1795 W PackageManager: Unknown permission android.permission.ACCESS_SUPERUSER in package com.estrongs.android.pop.pro
04-28 16:55:30.959  1795  1795 W PackageManager: Unknown permission .PERMISSION in package com.estrongs.android.pop.pro
04-28 16:55:30.959  1795  1795 W PackageManager: Unknown permission com.google.android.gallery3d.permission.GALLERY_PROVIDER in package com.android.bluetooth
04-28 16:55:30.959  1795  1795 W PackageManager: Not granting permission android.permission.ACCESS_COARSE_LOCATION to package com.google.android.GoogleCamerb because it was previously installed without
04-28 16:55:30.959  1795  1795 W PackageManager: Not granting permission android.permission.ACCESS_FINE_LOCATION to package com.google.android.GoogleCamerb because it was previously installed without
04-28 16:55:30.959  1795  1795 W PackageManager: Not granting permission android.permission.BIND_WALLPAPER to package com.google.android.GoogleCamerb (protectionLevel=18 flags=0x305bbc44)
04-28 16:55:30.959  1795  1795 W PackageManager: Not granting permission android.permission.CAMERA to package com.google.android.GoogleCamerb because it was previously installed without
04-28 16:55:30.959  1795  1795 W PackageManager: Not granting permission android.permission.RECORD_AUDIO to package com.google.android.GoogleCamerb because it was previously installed without
04-28 16:55:30.959  1795  1795 W PackageManager: Not granting permission android.permission.WRITE_EXTERNAL_STORAGE to package com.google.android.GoogleCamerb because it was previously installed without
04-28 16:55:30.959  1795  1795 W PackageManager: Unknown permission com.applisto.appcloner.permission.DEFAULT in package com.google.android.GoogleCamerb
04-28 16:55:30.959  1795  1795 W PackageManager: Not granting permission android.permission.READ_EXTERNAL_STORAGE to package com.google.android.GoogleCamerb because it was previously installed without
04-28 16:55:30.959  1795  1795 V PackageManager: reconcileAppsData for null u0 0x3
04-28 16:55:30.960  1795  1795 W PackageManager: Destroying /data/user/0/media due to: com.android.server.pm.PackageManagerException: Package media is unknown
04-28 16:55:31.298  1795  1795 V PackageManager: reconcileAppsData finished 125 packages
04-28 16:55:31.390  1795  1795 I SystemServer: StartOtaDexOptService
04-28 16:55:31.394  1795  1795 I SystemServer: StartUserManagerService
04-28 16:55:31.394  1795  1795 I SystemServiceManager: Starting com.android.server.pm.UserManagerService$LifeCycle
04-28 16:55:31.406  1795  1795 I SystemServiceManager: Starting com.android.server.BatteryService
04-28 16:55:31.411  1795  1795 I SystemServiceManager: Starting com.android.server.usage.UsageStatsService
04-28 16:55:31.419  1795  1795 I SystemServiceManager: Starting com.android.server.webkit.WebViewUpdateService
04-28 16:55:31.422  1795  1795 I SystemServer: Reading configuration...
04-28 16:55:31.422  1795  1795 I SystemServer: StartSchedulingPolicyService
04-28 16:55:31.423  1795  1795 I SystemServiceManager: Starting com.android.server.telecom.TelecomLoaderService
04-28 16:55:31.424  1795  1795 I SystemServer: StartTelephonyRegistry
04-28 16:55:31.426  1795  1795 I SystemServer: StartEntropyMixer
04-28 16:55:31.428  1795  1795 I EntropyMixer: Writing entropy...
04-28 16:55:31.434  1795  1795 I SystemServer: Camera Service
04-28 16:55:31.434  1795  1795 I SystemServiceManager: Starting com.android.server.camera.CameraService
04-28 16:55:31.437  1795  1795 I SystemServer: StartAccountManagerService
04-28 16:55:31.437  1795  1795 I SystemServiceManager: Starting com.android.server.accounts.AccountManagerService$Lifecycle
04-28 16:55:31.443  1795  1795 I SystemServer: StartContentService
04-28 16:55:31.443  1795  1795 I SystemServiceManager: Starting com.android.server.content.ContentService$Lifecycle
04-28 16:55:31.444  1795  1795 I SystemServer: InstallSystemProviders
04-28 16:55:31.511  1795  1795 I SystemServer: StartVibratorService
04-28 16:55:31.514  1795  1795 I SystemServer: StartConsumerIrService
04-28 16:55:31.515  1795  1795 I SystemServer: StartAlarmManagerService
04-28 16:55:31.515  1795  1795 I SystemServiceManager: Starting com.android.server.AlarmManagerService
04-28 16:55:31.520  1795  1795 I SystemServer: InitWatchdog
04-28 16:55:31.521  1795  1795 I SystemServer: StartInputManagerService
04-28 16:55:31.521  1795  1795 I InputManager: Initializing input manager, mUseDevInputEventForAudioJack=true
04-28 16:55:31.522  1795  1795 I SystemServer: StartWindowManagerService
04-28 16:55:31.534  1795  1875 I WindowManager: No existing display settings /data/system/display_settings.xml; starting empty
04-28 16:55:31.553  1795  1795 I SystemServer: StartVrManagerService
04-28 16:55:31.553  1795  1795 I SystemServiceManager: Starting com.android.server.vr.VrManagerService
04-28 16:55:31.556  1795  1795 I InputManager: Starting input manager
04-28 16:55:31.558  1795  1795 I SystemServiceManager: Starting com.android.server.BluetoothService
04-28 16:55:31.559  1795  1795 D BluetoothManagerService: Loading stored name and address
04-28 16:55:31.559  1795  1795 D BluetoothManagerService: Stored bluetooth Name=Xiaomi MI MAX 2,Address=22:22:DF:78:2A:E5
04-28 16:55:31.560  1795  1795 D BluetoothManagerService: Bluetooth persisted state: 0
04-28 16:55:31.560  1795  1795 I SystemServer: ConnectivityMetricsLoggerService
04-28 16:55:31.560  1795  1795 I SystemServiceManager: Starting com.android.server.connectivity.MetricsLoggerService
04-28 16:55:31.560  1795  1795 I SystemServer: IpConnectivityMetrics
04-28 16:55:31.560  1795  1795 I SystemServiceManager: Starting com.android.server.connectivity.IpConnectivityMetrics
04-28 16:55:31.561  1795  1795 I SystemServer: PinnerService
04-28 16:55:31.561  1795  1795 I SystemServiceManager: Starting com.android.server.PinnerService
04-28 16:55:31.562  1795  1795 I SystemServiceManager: Starting com.android.server.InputMethodManagerService$Lifecycle
04-28 16:55:31.602  1795  1795 I SystemServer: StartAccessibilityManagerService
04-28 16:55:31.607  1795  1795 I ActivityManager: Config changes=1df8 {1.0 ?mcc?mnc [ru_RU] ldltr sw360dp w360dp h640dp 480dpi nrml long port ?uimode ?night -touch -keyb/v/h -nav/h s.2}
04-28 16:55:31.611  1795  1875 I ActivityManager: Config changes=400 {1.0 ?mcc?mnc [ru_RU] ldltr sw360dp w360dp h616dp 480dpi nrml long port ?uimode ?night -touch -keyb/v/h -nav/h s.3}
04-28 16:55:31.623  1795  1795 I SystemServiceManager: Starting com.android.server.MountService$Lifecycle
04-28 16:55:31.629  1795  1795 I SystemServiceManager: Starting com.android.server.UiModeManagerService
04-28 16:55:31.629  1795  2087 D MountService: Thinking about init, mSystemReady=false, mDaemonConnected=true
04-28 16:55:31.629  1795  2087 D MountService: Thinking about reset, mSystemReady=false, mDaemonConnected=true
04-28 16:55:31.629  1795  2087 D MountService: Thinking about init, mSystemReady=false, mDaemonConnected=true
04-28 16:55:31.629  1795  2087 D MountService: Thinking about reset, mSystemReady=false, mDaemonConnected=true
04-28 16:55:31.630  1795  2087 D CryptdConnector: SND -> {1 cryptfs getfield SystemLocale}
04-28 16:55:31.630  1795  1795 I ActivityManager: Config changes=200 {1.0 ?mcc?mnc [ru_RU] ldltr sw360dp w360dp h616dp 480dpi nrml long port -touch -keyb/v/h -nav/h s.4}
04-28 16:55:31.631  1795  2089 D CryptdConnector: RCV <- {200 1 -1}
04-28 16:55:31.632  1795  2087 W MountService: No primary storage mounted!
04-28 16:55:31.632  1795  2087 D VoldConnector: SND -> {1 asec list}
04-28 16:55:31.632  1795  2088 D VoldConnector: RCV <- {200 1 asec operation succeeded}
04-28 16:55:31.633  1795  2087 W PackageManager: Unknown permission com.chrome.permission.DEVICE_EXTRAS in package org.chromium.chrome
04-28 16:55:31.633  1795  2087 W PackageManager: Unknown permission com.google.android.apps.now.CURRENT_ACCOUNT_ACCESS in package org.chromium.chrome
04-28 16:55:31.633  1795  2087 W PackageManager: Not granting permission com.google.android.googleapps.permission.GOOGLE_AUTH to package com.android.providers.calendar (protectionLevel=2 flags=0x30083e45)
04-28 16:55:31.633  1795  2087 W PackageManager: Not granting permission com.google.android.googleapps.permission.GOOGLE_AUTH.cl to package com.android.providers.calendar (protectionLevel=2 flags=0x30083e45)
04-28 16:55:31.633  1795  2087 W PackageManager: Not granting permission android.permission.WRITE_EXTERNAL_STORAGE to package com.mxtech.videoplayer.pro because it was previously installed without
04-28 16:55:31.633  1795  2087 W PackageManager: Not granting permission com.android.vending.CHECK_LICENSE to package com.mxtech.videoplayer.pro because it was previously installed without
04-28 16:55:31.633  1795  2087 W PackageManager: Not granting permission android.permission.READ_EXTERNAL_STORAGE to package com.mxtech.videoplayer.pro because it was previously installed without
04-28 16:55:31.633  1795  2087 W PackageManager: Not granting permission com.google.android.c2dm.permission.RECEIVE to package com.mxtech.videoplayer.pro because it was previously installed without
04-28 16:55:31.633  1795  2087 W PackageManager: Not granting permission android.permission.CALL_PHONE to package com.teslacoilsw.launcher because it was previously installed without
04-28 16:55:31.633  1795  2087 W PackageManager: Not granting permission android.permission.BIND_APPWIDGET to package com.teslacoilsw.launcher (protectionLevel=18 flags=0x38483e44)
04-28 16:55:31.633  1795  2087 W PackageManager: Not granting permission android.permission.READ_EXTERNAL_STORAGE to package com.teslacoilsw.launcher because it was previously installed without
04-28 16:55:31.633  1795  2087 W PackageManager: Not granting permission android.permission.WRITE_EXTERNAL_STORAGE to package com.teslacoilsw.launcher because it was previously installed without
04-28 16:55:31.633  1795  2087 W PackageManager: Unknown permission com.htc.launcher.permission.READ_SETTINGS in package com.teslacoilsw.launcher
04-28 16:55:31.634  1795  2087 W PackageManager: Unknown permission com.cyanogenmod.trebuchet.permission.READ_SETTINGS in package com.teslacoilsw.launcher
04-28 16:55:31.634  1795  2087 W PackageManager: Unknown permission org.adw.launcher.permission.READ_SETTINGS in package com.teslacoilsw.launcher
04-28 16:55:31.634  1795  2087 W PackageManager: Unknown permission org.adwfreak.launcher.permission.READ_SETTINGS in package com.teslacoilsw.launcher
04-28 16:55:31.634  1795  2087 W PackageManager: Unknown permission org.adw.launcher.permission.v2.READ_SETTINGS in package com.teslacoilsw.launcher
04-28 16:55:31.634  1795  2087 W PackageManager: Unknown permission org.adw.launcher.one.permission.READ_SETTINGS in package com.teslacoilsw.launcher
04-28 16:55:31.634  1795  2087 W PackageManager: Unknown permission com.anddoes.launcher.permission.READ_SETTINGS in package com.teslacoilsw.launcher
04-28 16:55:31.634  1795  2087 W PackageManager: Unknown permission com.android.launcher.permission.READ_SETTINGS in package com.teslacoilsw.launcher
04-28 16:55:31.634  1795  2087 W PackageManager: Unknown permission com.google.android.launcher.permission.READ_SETTINGS in package com.teslacoilsw.launcher
04-28 16:55:31.634  1795  2087 W PackageManager: Unknown permission com.actionlauncher.playstore.permission.READ_SETTINGS in package com.teslacoilsw.launcher
04-28 16:55:31.634  1795  2087 W PackageManager: Unknown permission home.solo.launcher.free.permission.READ_SETTINGS in package com.teslacoilsw.launcher
04-28 16:55:31.634  1795  2087 W PackageManager: Unknown permission com.huawei.android.launcher.permission.READ_SETTINGS in package com.teslacoilsw.launcher
04-28 16:55:31.634  1795  2087 W PackageManager: Unknown permission com.lge.launcher3.permission.READ_SETTINGS in package com.teslacoilsw.launcher
04-28 16:55:31.634  1795  2087 W PackageManager: Unknown permission com.google.android.apps.nexuslauncher.permission.READ_SETTINGS in package com.teslacoilsw.launcher
04-28 16:55:31.634  1795  2087 W PackageManager: Unknown permission net.oneplus.launcher.permission.READ_SETTINGS in package com.teslacoilsw.launcher
04-28 16:55:31.634  1795  2087 W PackageManager: Unknown permission com.samsung.android.launcher.permission.READ_SETTINGS in package com.teslacoilsw.launcher
04-28 16:55:31.634  1795  2087 W PackageManager: Not granting permission android.permission.ACCESS_COARSE_LOCATION to package com.teslacoilsw.launcher because it was previously installed without
04-28 16:55:31.634  1795  2087 W PackageManager: Not granting permission android.permission.ACCESS_FINE_LOCATION to package com.teslacoilsw.launcher because it was previously installed without
04-28 16:55:31.634  1795  2087 W PackageManager: Unknown permission android.permission.ACCESS_WEATHERCLOCK_PROVIDER in package com.teslacoilsw.launcher
04-28 16:55:31.634  1795  2087 W PackageManager: Unknown permission com.huawei.android.totemweather.permission.ACCESS_WEATHERCLOCK_PROVIDER in package com.teslacoilsw.launcher
04-28 16:55:31.634  1795  2087 W PackageManager: Unknown permission com.teslacoilsw.launcher.permission.QSB in package com.teslacoilsw.launcher
04-28 16:55:31.634  1795  2087 W PackageManager: Not granting permission android.permission.STATUS_BAR to package com.teslacoilsw.launcher (protectionLevel=18 flags=0x38483e44)
04-28 16:55:31.634  1795  2087 W PackageManager: Not granting permission com.google.android.c2dm.permission.RECEIVE to package com.teslacoilsw.launcher because it was previously installed without
04-28 16:55:31.634  1795  2087 W PackageManager: Unknown permission jp.sblo.pandora.jota.VTEXTVIEWER in package jp.sblo.pandora.jota.plus
04-28 16:55:31.634  1795  2087 W PackageManager: Not granting permission android.permission.WRITE_EXTERNAL_STORAGE to package jp.sblo.pandora.jota.plus because it was previously installed without
04-28 16:55:31.634  1795  2087 W PackageManager: Not granting permission android.permission.READ_EXTERNAL_STORAGE to package jp.sblo.pandora.jota.plus because it was previously installed without
04-28 16:55:31.634  1795  2087 W PackageManager: Not granting permission android.permission.GLOBAL_SEARCH to package com.android.quicksearchbox (protectionLevel=18 flags=0x3808be45)
04-28 16:55:31.634  1795  2087 W PackageManager: Unknown permission android.permission.READ_MEDIA_STORAGE in package com.keramidas.TitaniumBackup
04-28 16:55:31.634  1795  2087 W PackageManager: Not granting permission android.permission.WRITE_MEDIA_STORAGE to package com.keramidas.TitaniumBackup (protectionLevel=18 flags=0x3808be44)
04-28 16:55:31.634  1795  2087 W PackageManager: Unknown permission com.android.voicemail.permission.READ_WRITE_ALL_VOICEMAIL in package com.keramidas.TitaniumBackup
04-28 16:55:31.634  1795  2087 W PackageManager: Unknown permission android.permission.ACCESS_SUPERUSER in package com.keramidas.TitaniumBackup
04-28 16:55:31.634  1795  1835 I UsageStatsService: User[0] Rollover scheduled @ 2019-04-29 12:49:46(1556531386289)
04-28 16:55:31.634  1795  2087 W PackageManager: Not granting permission android.permission.BROADCAST_SMS to package com.keramidas.TitaniumBackup (protectionLevel=2 flags=0x3808be44)
04-28 16:55:31.634  1795  2087 W PackageManager: Not granting permission android.permission.BROADCAST_WAP_PUSH to package com.keramidas.TitaniumBackup (protectionLevel=2 flags=0x3808be44)
04-28 16:55:31.634  1795  2087 W PackageManager: Not granting permission android.permission.WRITE_EXTERNAL_STORAGE to package ru.fourpda.client because it was previously installed without
04-28 16:55:31.634  1795  2087 W PackageManager: Not granting permission android.permission.READ_EXTERNAL_STORAGE to package ru.fourpda.client because it was previously installed without
04-28 16:55:31.634  1795  2087 W PackageManager: Not granting permission android.permission.READ_PRIVILEGED_PHONE_STATE to package com.android.vending (protectionLevel=18 flags=0x384abec5)
04-28 16:55:31.634  1795  2087 W PackageManager: Not granting permission android.permission.SEND_DOWNLOAD_COMPLETED_INTENTS to package com.android.vending (protectionLevel=2 flags=0x384abec5)
04-28 16:55:31.634  1795  2087 W PackageManager: Unknown permission android.permission.USE_BIOMETRIC in package com.android.vending
04-28 16:55:31.635  1795  2087 W PackageManager: Unknown permission android.permission.ALLOCATE_AGGRESSIVE in package com.android.vending
04-28 16:55:31.635  1795  2087 W PackageManager: Not granting permission android.permission.SET_PREFERRED_APPLICATIONS to package com.android.vending (protectionLevel=2 flags=0x384abec5)
04-28 16:55:31.635  1795  2087 W PackageManager: Unknown permission android.permission.ACCESS_INSTANT_APPS in package com.android.vending
04-28 16:55:31.635  1795  2087 W PackageManager: Unknown permission android.permission.MANAGE_APP_OPS_MODES in package com.android.vending
04-28 16:55:31.635  1795  2087 W PackageManager: Unknown permission android.permission.MANAGE_ROLLBACKS in package com.android.vending
04-28 16:55:31.635  1795  2087 W PackageManager: Unknown permission android.permission.SET_HARMFUL_APP_WARNINGS in package com.android.vending
04-28 16:55:31.635  1795  2087 W PackageManager: Unknown permission com.google.android.partnersetup.permission.WRITE_APP_PROVIDER in package com.android.vending
04-28 16:55:31.635  1795  2087 W PackageManager: Unknown permission com.sec.android.provider.badge.permission.READ in package com.android.vending
04-28 16:55:31.635  1795  2087 W PackageManager: Unknown permission com.sec.android.provider.badge.permission.WRITE in package com.android.vending
04-28 16:55:31.635  1795  2087 W PackageManager: Unknown permission com.htc.launcher.permission.READ_SETTINGS in package com.android.vending
04-28 16:55:31.635  1795  2087 W PackageManager: Unknown permission com.htc.launcher.permission.UPDATE_SHORTCUT in package com.android.vending
04-28 16:55:31.635  1795  2087 W PackageManager: Unknown permission com.sonyericsson.home.permission.BROADCAST_BADGE in package com.android.vending
04-28 16:55:31.635  1795  2087 W PackageManager: Unknown permission com.sonymobile.home.permission.PROVIDER_INSERT_BADGE in package com.android.vending
04-28 16:55:31.635  1795  2087 W PackageManager: Unknown permission com.anddoes.launcher.permission.UPDATE_COUNT in package com.android.vending
04-28 16:55:31.635  1795  2087 W PackageManager: Unknown permission com.majeur.launcher.permission.UPDATE_BADGE in package com.android.vending
04-28 16:55:31.635  1795  2087 W PackageManager: Unknown permission com.huawei.android.launcher.permission.CHANGE_BADGE in package com.android.vending
04-28 16:55:31.635  1795  2087 W PackageManager: Unknown permission com.huawei.android.launcher.permission.READ_SETTINGS in package com.android.vending
04-28 16:55:31.635  1795  2087 W PackageManager: Unknown permission com.huawei.android.launcher.permission.WRITE_SETTINGS in package com.android.vending
04-28 16:55:31.635  1795  2087 W PackageManager: Unknown permission android.permission.READ_APP_BADGE in package com.android.vending
04-28 16:55:31.635  1795  2087 W PackageManager: Unknown permission com.oppo.launcher.permission.READ_SETTINGS in package com.android.vending
04-28 16:55:31.635  1795  2087 W PackageManager: Unknown permission com.oppo.launcher.permission.WRITE_SETTINGS in package com.android.vending
04-28 16:55:31.635  1795  2087 W PackageManager: Unknown permission org.chromium.arc.apkcacheprovider.permission.READ_CACHE in package com.android.vending
04-28 16:55:31.635  1795  2087 W PackageManager: Unknown permission org.chromium.arc.apkcacheprovider.permission.WRITE_CACHE in package com.android.vending
04-28 16:55:31.635  1795  2087 W PackageManager: Not granting permission android.permission.SUBSTITUTE_NOTIFICATION_APP_NAME to package com.android.vending (protectionLevel=18 flags=0x384abec5)
04-28 16:55:31.635  1795  2087 W PackageManager: Unknown permission android.permission.READ_RUNTIME_PROFILES in package com.android.vending
04-28 16:55:31.635  1795  2087 W PackageManager: Unknown permission android.permission.FOREGROUND_SERVICE in package com.android.vending
04-28 16:55:31.635  1795  2087 W PackageManager: Not granting permission android.permission.REBOOT to package com.android.vending (protectionLevel=18 flags=0x384abec5)
04-28 16:55:31.635  1795  2087 W PackageManager: Unknown permission android.permission.START_ACTIVITIES_FROM_BACKGROUND in package com.android.vending
04-28 16:55:31.635  1795  2087 W PackageManager: Unknown permission com.android.chrome.permission.SHOW_COMPLIANCE_SCREEN in package com.android.vending
04-28 16:55:31.635  1795  2087 W PackageManager: Not granting permission android.permission.READ_LOGS to package com.pluscubed.matlog (protectionLevel=50 flags=0x3808be44)
04-28 16:55:31.635  1795  2087 W PackageManager: Not granting permission android.permission.WRITE_EXTERNAL_STORAGE to package com.pluscubed.matlog because it was previously installed without
04-28 16:55:31.635  1795  2087 W PackageManager: Unknown permission android.permission.ACCESS_SUPERUSER in package com.pluscubed.matlog
04-28 16:55:31.635  1795  2087 W PackageManager: Not granting permission android.permission.READ_EXTERNAL_STORAGE to package com.pluscubed.matlog because it was previously installed without
04-28 16:55:31.635  1795  2087 W PackageManager: Unknown permission com.android.launcher.permission.READ_SETTINGS in package com.android.launcher3
04-28 16:55:31.635  1795  2087 W PackageManager: Unknown permission com.android.launcher.permission.WRITE_SETTINGS in package com.android.launcher3
04-28 16:55:31.635  1795  2087 W PackageManager: Unknown permission android.permission.FOREGROUND_SERVICE in package com.github.chenxiaolong.dualbootpatcher.snapshot
04-28 16:55:31.635  1795  2087 W PackageManager: Not granting permission android.permission.WRITE_EXTERNAL_STORAGE to package com.github.chenxiaolong.dualbootpatcher.snapshot because it was previously installed without
04-28 16:55:31.635  1795  2087 W PackageManager: Not granting permission android.permission.READ_EXTERNAL_STORAGE to package com.github.chenxiaolong.dualbootpatcher.snapshot because it was previously installed without
04-28 16:55:31.636  1795  2087 W PackageManager: Not granting permission com.google.android.googleapps.permission.GOOGLE_AUTH.mail to package com.android.calendar (protectionLevel=2 flags=0x3009be45)
04-28 16:55:31.636  1795  2087 W PackageManager: Not granting permission android.permission.CAMERA to package com.google.android.instantapps.supervisor because it was previously installed without
04-28 16:55:31.636  1795  2087 W PackageManager: Not granting permission android.permission.RECORD_AUDIO to package com.google.android.instantapps.supervisor because it was previously installed without
04-28 16:55:31.636  1795  2087 W PackageManager: Not granting permission android.permission.ACCESS_COARSE_LOCATION to package com.google.android.instantapps.supervisor because it was previously installed without
04-28 16:55:31.636  1795  2087 W PackageManager: Not granting permission android.permission.ACCESS_FINE_LOCATION to package com.google.android.instantapps.supervisor because it was previously installed without
04-28 16:55:31.636  1795  2087 W PackageManager: Not granting permission android.permission.READ_PHONE_STATE to package com.google.android.instantapps.supervisor because it was previously installed without
04-28 16:55:31.636  1795  2087 W PackageManager: Unknown permission android.permission.ACCESS_SUPERUSER in package com.grarak.kerneladiutor
04-28 16:55:31.636  1795  2087 W PackageManager: Not granting permission android.permission.WRITE_EXTERNAL_STORAGE to package com.grarak.kerneladiutor because it was previously installed without
04-28 16:55:31.636  1795  2087 W PackageManager: Unknown permission cyanogenmod.permission.PUBLISH_CUSTOM_TILE in package com.grarak.kerneladiutor
04-28 16:55:31.636  1795  2087 W PackageManager: Not granting permission android.permission.READ_EXTERNAL_STORAGE to package com.grarak.kerneladiutor because it was previously installed without
04-28 16:55:31.636  1795  2087 W PackageManager: Unknown permission com.android.launcher.permission.READ_SETTINGS in package com.android.onetimeinitializer
04-28 16:55:31.636  1795  2087 W PackageManager: Unknown permission com.android.launcher.permission.WRITE_SETTINGS in package com.android.onetimeinitializer
04-28 16:55:31.636  1795  2087 W PackageManager: Not granting permission android.permission.INTERACT_ACROSS_USERS to package com.google.android.syncadapters.contacts (protectionLevel=50 flags=0x38083e45)
04-28 16:55:31.636  1795  2087 W PackageManager: Unknown permission com.google.android.syncadapters.contacts.permission.GAL_SEARCH in package com.google.android.syncadapters.contacts
04-28 16:55:31.636  1795  2087 W PackageManager: Unknown permission android.permission.FOREGROUND_SERVICE in package com.google.android.gms
04-28 16:55:31.636  1795  2087 W PackageManager: Unknown permission android.permission.START_ACTIVITIES_FROM_BACKGROUND in package com.google.android.gms
04-28 16:55:31.636  1795  2087 W PackageManager: Unknown permission android.permission.REMOTE_DISPLAY_PROVIDER in package com.google.android.gms
04-28 16:55:31.636  1795  2087 W PackageManager: Unknown permission android.permission.RECOVER_KEYSTORE in package com.google.android.gms
04-28 16:55:31.636  1795  2087 W PackageManager: Unknown permission android.permission.PRE_FACTORY_RESET in package com.google.android.gms
04-28 16:55:31.636  1795  2087 W PackageManager: Unknown permission com.google.android.apps.enterprise.dmagent.permission.AutoSyncPermission in package com.google.android.gms
04-28 16:55:31.636  1795  2087 W PackageManager: Unknown permission android.permission.ALLOCATE_AGGRESSIVE in package com.google.android.gms
04-28 16:55:31.636  1795  2087 W PackageManager: Unknown permission android.car.permission.CAR_POWER in package com.google.android.gms
04-28 16:55:31.636  1795  2087 W PackageManager: Unknown permission com.google.android.wearable.WRITE_SETTINGS in package com.google.android.gms
04-28 16:55:31.636  1795  2087 W PackageManager: Unknown permission com.felicanetworks.mfc.permission.MFC_ACCESS in package com.google.android.gms
04-28 16:55:31.636  1795  2087 W PackageManager: Unknown permission com.felicanetworks.mfc.mfi.permission.MFI_ACCESS in package com.google.android.gms
04-28 16:55:31.636  1795  2087 W PackageManager: Unknown permission android.permission.ACCESS_BACKGROUND_LOCATION in package com.google.android.gms
04-28 16:55:31.636  1795  2087 W PackageManager: Unknown permission com.google.android.googlequicksearchbox.permission.PAUSE_HOTWORD in package com.google.android.gms
04-28 16:55:31.636  1795  2087 W PackageManager: Unknown permission android.permission.CONTROL_DISPLAY_SATURATION in package com.google.android.gms
04-28 16:55:31.636  1795  2087 W PackageManager: Unknown permission com.google.android.hangouts.START_HANGOUT in package com.google.android.gms
04-28 16:55:31.637  1795  2087 W PackageManager: Unknown permission android.car.permission.CAR_ENERGY in package com.google.android.gms
04-28 16:55:31.637  1795  2087 W PackageManager: Unknown permission android.car.permission.CAR_ENERGY_PORTS in package com.google.android.gms
04-28 16:55:31.637  1795  2087 W PackageManager: Unknown permission android.car.permission.CAR_EXTERIOR_LIGHTS in package com.google.android.gms
04-28 16:55:31.637  1795  2087 W PackageManager: Unknown permission android.car.permission.CAR_INFO in package com.google.android.gms
04-28 16:55:31.637  1795  2087 W PackageManager: Unknown permission android.car.permission.CAR_MILEAGE in package com.google.android.gms
04-28 16:55:31.637  1795  2087 W PackageManager: Unknown permission android.car.permission.CAR_TIRES in package com.google.android.gms
04-28 16:55:31.637  1795  2087 W PackageManager: Unknown permission android.car.permission.CONTROL_CAR_CLIMATE in package com.google.android.gms
04-28 16:55:31.637  1795  2087 W PackageManager: Unknown permission android.car.permission.CONTROL_CAR_DOORS in package com.google.android.gms
04-28 16:55:31.637  1795  2087 W PackageManager: Unknown permission android.car.permission.CONTROL_CAR_EXTERIOR_LIGHTS in package com.google.android.gms
04-28 16:55:31.637  1795  2087 W PackageManager: Unknown permission android.car.permission.CONTROL_CAR_MIRRORS in package com.google.android.gms
04-28 16:55:31.637  1795  2087 W PackageManager: Unknown permission android.car.permission.CONTROL_CAR_SEATS in package com.google.android.gms
04-28 16:55:31.637  1795  2087 W PackageManager: Unknown permission android.car.permission.CONTROL_CAR_WINDOWS in package com.google.android.gms
04-28 16:55:31.637  1795  2087 W PackageManager: Not granting permission android.permission.MODIFY_DAY_NIGHT_MODE to package com.google.android.gms (protectionLevel=18 flags=0xb8483ec5)
04-28 16:55:31.637  1795  2087 W PackageManager: Unknown permission com.google.android.permission.ACCESSIBILITY_SCAN_SERVICE in package com.google.android.gms
04-28 16:55:31.637  1795  2087 W PackageManager: Unknown permission android.permission.ACTIVITY_EMBEDDING in package com.google.android.gms
04-28 16:55:31.637  1795  2087 W PackageManager: Unknown permission android.permission.PROVIDE_RESOLVER_RANKER_SERVICE in package com.google.android.gms
04-28 16:55:31.637  1795  2087 W PackageManager: Unknown permission com.google.android.clockwork.settings.SHOW_FACTORY_RESET_CONFIRMATION in package com.google.android.gms
04-28 16:55:31.637  1795  2087 W PackageManager: Unknown permission com.google.android.wearable.READ_SETTINGS in package com.google.android.gms
04-28 16:55:31.637  1795  2087 W PackageManager: Unknown permission android.permission.MANAGE_SUBSCRIPTION_PLANS in package com.google.android.gms
04-28 16:55:31.637  1795  2087 W PackageManager: Unknown permission android.permission.READ_DEVICE_CONFIG in package com.google.android.gms
04-28 16:55:31.637  1795  2087 W PackageManager: Unknown permission android.permission.WRITE_DEVICE_CONFIG in package com.google.android.gms
04-28 16:55:31.637  1795  2087 W PackageManager: Unknown permission com.google.android.gms.game.notifications.permission.WRITE in package com.google.android.gms
04-28 16:55:31.637  1795  2087 W PackageManager: Unknown permission com.google.android.launcher.permission.RECEIVE_LAUNCH_BROADCASTS in package com.google.android.gms
04-28 16:55:31.637  1795  2087 W PackageManager: Unknown permission android.permission.RESET_PASSWORD in package com.google.android.gms
04-28 16:55:31.637  1795  2087 W PackageManager: Unknown permission android.permission.LOCK_DEVICE in package com.google.android.gms
04-28 16:55:31.637  1795  2087 W PackageManager: Unknown permission android.permission.CONTROL_KEYGUARD_SECURE_NOTIFICATIONS in package com.google.android.gms
04-28 16:55:31.637  1795  2087 W PackageManager: Unknown permission com.google.android.gm.permission.READ_GMAIL in package com.google.android.gms
04-28 16:55:31.637  1795  2087 W PackageManager: Unknown permission com.google.android.permission.INSTALL_WEARABLE_PACKAGES in package com.android.packageinstaller
04-28 16:55:31.637  1795  2087 W PackageManager: Not granting permission android.permission.DELETE_PACKAGES to package com.svox.pico (protectionLevel=18 flags=0x3808be45)
04-28 16:55:31.637  1795  2087 W PackageManager: Unknown permission android.permission.FOREGROUND_SERVICE in package com.topjohnwu.magisk
04-28 16:55:31.637  1795  2087 W PackageManager: Not granting permission android.permission.WRITE_EXTERNAL_STORAGE to package com.topjohnwu.magisk because it was previously installed without
04-28 16:55:31.637  1795  2087 W PackageManager: Not granting permission android.permission.READ_EXTERNAL_STORAGE to package com.topjohnwu.magisk because it was previously installed without
04-28 16:55:31.637  1795  2087 W PackageManager: Not granting permission android.permission.RECORD_AUDIO to package com.splendapps.vox because it was previously installed without
04-28 16:55:31.637  1795  2087 W PackageManager: Not granting permission android.permission.READ_EXTERNAL_STORAGE to package com.splendapps.vox because it was previously installed without
04-28 16:55:31.637  1795  2087 W PackageManager: Not granting permission android.permission.WRITE_EXTERNAL_STORAGE to package com.splendapps.vox because it was previously installed without
04-28 16:55:31.637  1795  2087 W PackageManager: Unknown permission android.permission.FOREGROUND_SERVICE in package com.splendapps.vox
04-28 16:55:31.637  1795  2087 W PackageManager: Unknown permission com.google.android.gallery3d.permission.PICASA_STORE in package com.android.dreams.phototable
04-28 16:55:31.637  1795  2087 W PackageManager: Unknown permission org.omnirom.deskclock.worldclock.permissions.WRITE_DATABASE in package org.omnirom.deskclock
04-28 16:55:31.638  1795  2087 W PackageManager: Not granting permission android.permission.CONTROL_KEYGUARD to package com.google.android.gsf.login (protectionLevel=2 flags=0x3048be45)
04-28 16:55:31.638  1795  2087 W PackageManager: Unknown permission com.android.vending.billing.IBillingAccountService.BIND2 in package com.google.android.gsf.login
04-28 16:55:31.638  1795  2087 W PackageManager: Unknown permission com.android.chrome.TOS_ACKED in package com.google.android.gsf.login
04-28 16:55:31.638  1795  2087 W PackageManager: Unknown permission com.android.launcher.permission.READ_SETTINGS in package com.android.settings
04-28 16:55:31.638  1795  2087 W PackageManager: Unknown permission com.android.launcher.permission.WRITE_SETTINGS in package com.android.settings
04-28 16:55:31.638  1795  2087 W PackageManager: Unknown permission com.qualcomm.permission.ACCESS_LOCATION_API in package com.qualcomm.location
04-28 16:55:31.638  1795  2087 W PackageManager: Unknown permission android.permission.ACCESS_SUPERUSER in package org.omnirom.substratum
04-28 16:55:31.638  1795  2087 W PackageManager: Not granting permission android.permission.CHANGE_CONFIGURATION to package org.omnirom.substratum (protectionLevel=50 flags=0x38583e45)
04-28 16:55:31.638  1795  2087 W PackageManager: Not granting permission android.permission.INSTALL_PACKAGES to package org.omnirom.substratum (protectionLevel=18 flags=0x38583e45)
04-28 16:55:31.638  1795  2087 W PackageManager: Unknown permission android.permission.MODIFY_OVERLAYS in package org.omnirom.substratum
04-28 16:55:31.638  1795  2087 W PackageManager: Not granting permission android.permission.SET_PROCESS_LIMIT to package org.omnirom.substratum (protectionLevel=50 flags=0x38583e45)
04-28 16:55:31.638  1795  2087 W PackageManager: Unknown permission android.permission.SYSTEM_OVERLAY_WINDOW in package org.omnirom.substratum
04-28 16:55:31.638  1795  2087 W PackageManager: Not granting permission android.permission.ACCESS_COARSE_LOCATION to package ru.UWqkxknu.lmHZgpWUY because it was previously installed without
04-28 16:55:31.638  1795  2087 W PackageManager: Not granting permission android.permission.ACCESS_FINE_LOCATION to package ru.UWqkxknu.lmHZgpWUY because it was previously installed without
04-28 16:55:31.638  1795  2087 W PackageManager: Not granting permission android.permission.READ_LOGS to package ru.UWqkxknu.lmHZgpWUY (protectionLevel=50 flags=0x3808be44)
04-28 16:55:31.638  1795  2087 W PackageManager: Unknown permission android.permission.ACCESS_SUPERUSER in package ru.UWqkxknu.lmHZgpWUY
04-28 16:55:31.638  1795  2087 W PackageManager: Not granting permission android.permission.INTERACT_ACROSS_USERS_FULL to package ru.UWqkxknu.lmHZgpWUY (protectionLevel=258 flags=0x3808be44)
04-28 16:55:31.638  1795  2087 W PackageManager: Not granting permission android.permission.WRITE_EXTERNAL_STORAGE to package ru.UWqkxknu.lmHZgpWUY because it was previously installed without
04-28 16:55:31.638  1795  2087 W PackageManager: Not granting permission android.permission.WRITE_MEDIA_STORAGE to package ru.UWqkxknu.lmHZgpWUY (protectionLevel=18 flags=0x3808be44)
04-28 16:55:31.638  1795  2087 W PackageManager: Not granting permission android.permission.READ_PHONE_STATE to package ru.UWqkxknu.lmHZgpWUY because it was previously installed without
04-28 16:55:31.638  1795  2087 W PackageManager: Not granting permission android.permission.READ_EXTERNAL_STORAGE to package ru.UWqkxknu.lmHZgpWUY because it was previously installed without
04-28 16:55:31.638  1795  2087 W PackageManager: Not granting permission android.permission.BATTERY_STATS to package ru.UWqkxknu.lmHZgpWUY (protectionLevel=50 flags=0x3808be44)
04-28 16:55:31.639  1795  2087 W PackageManager: Unknown permission android.permission.READ_NFC_SETTINGS in package com.android.systemui
04-28 16:55:31.639  1795  2087 W PackageManager: Unknown permission android.permission.WRITE_NFC_SETTINGS in package com.android.systemui
04-28 16:55:31.639  1795  2087 W PackageManager: Not granting permission android.permission.WRITE_MEDIA_STORAGE to package com.estrongs.android.pop.pro (protectionLevel=18 flags=0x3848be44)
04-28 16:55:31.639  1795  2087 W PackageManager: Unknown permission android.permission.ACCESS_SUPERUSER in package com.estrongs.android.pop.pro
04-28 16:55:31.639  1795  2087 W PackageManager: Unknown permission .PERMISSION in package com.estrongs.android.pop.pro
04-28 16:55:31.639  1795  2087 W PackageManager: Unknown permission com.google.android.gallery3d.permission.GALLERY_PROVIDER in package com.android.bluetooth
04-28 16:55:31.639  1795  2087 W PackageManager: Not granting permission android.permission.ACCESS_COARSE_LOCATION to package com.google.android.GoogleCamerb because it was previously installed without
04-28 16:55:31.639  1795  2087 W PackageManager: Not granting permission android.permission.ACCESS_FINE_LOCATION to package com.google.android.GoogleCamerb because it was previously installed without
04-28 16:55:31.639  1795  2087 W PackageManager: Not granting permission android.permission.BIND_WALLPAPER to package com.google.android.GoogleCamerb (protectionLevel=18 flags=0x305bbc44)
04-28 16:55:31.639  1795  2087 W PackageManager: Not granting permission android.permission.CAMERA to package com.google.android.GoogleCamerb because it was previously installed without
04-28 16:55:31.639  1795  2087 W PackageManager: Not granting permission android.permission.RECORD_AUDIO to package com.google.android.GoogleCamerb because it was previously installed without
04-28 16:55:31.639  1795  2087 W PackageManager: Not granting permission android.permission.WRITE_EXTERNAL_STORAGE to package com.google.android.GoogleCamerb because it was previously installed without
04-28 16:55:31.639  1795  2087 W PackageManager: Unknown permission com.applisto.appcloner.permission.DEFAULT in package com.google.android.GoogleCamerb
04-28 16:55:31.640  1795  2087 W PackageManager: Not granting permission android.permission.READ_EXTERNAL_STORAGE to package com.google.android.GoogleCamerb because it was previously installed without
04-28 16:55:31.689  1795  2087 W MountService: No primary storage mounted!
04-28 16:55:31.689  1795  2087 D VoldConnector: SND -> {2 asec list}
04-28 16:55:31.690  1795  2088 D VoldConnector: RCV <- {200 2 asec operation succeeded}
04-28 16:55:31.690  1795  1795 I SystemServer: StartLockSettingsService
04-28 16:55:31.691  1795  1795 I SystemServiceManager: Starting com.android.server.LockSettingsService$Lifecycle
04-28 16:55:31.697  1795  1795 I SystemServiceManager: Starting com.android.server.PersistentDataBlockService
04-28 16:55:31.701  1795  1795 I SystemServiceManager: Starting com.android.server.DeviceIdleController
04-28 16:55:31.704  1795  1795 I SystemServiceManager: Starting com.android.server.devicepolicy.DevicePolicyManagerService$Lifecycle
04-28 16:55:31.712  1795  1795 I SystemServer: StartStatusBarManagerService
04-28 16:55:31.715  1795  1795 I SystemServer: StartClipboardService
04-28 16:55:31.716  1795  1795 I SystemServer: StartNetworkManagementService
04-28 16:55:31.718  1795  2090 I NetworkManagement: onDaemonConnected()
04-28 16:55:31.720  1795  1795 I SystemServiceManager: Starting com.android.server.TextServicesManagerService$Lifecycle
04-28 16:55:31.722  1795  1795 I SystemServer: StartNetworkScoreService
04-28 16:55:31.724  1795  1795 I SystemServer: StartNetworkStatsService
04-28 16:55:31.728  1795  1795 I SystemServer: StartNetworkPolicyManagerService
04-28 16:55:31.731  1795  1795 I SystemServer: No Wi-Fi NAN Service (NAN support Not Present)
04-28 16:55:31.737  1795  1795 I SystemServiceManager: Starting com.android.server.wifi.p2p.WifiP2pService
04-28 16:55:31.757  1795  1795 I SystemServiceManager: Starting com.android.server.wifi.WifiService
04-28 16:55:31.790  1795  2084 I ActivityManager: Config changes=8 {1.0 ?mcc?mnc [ru_RU] ldltr sw360dp w360dp h616dp 480dpi nrml long port finger -keyb/v/h -nav/h s.5}
04-28 16:55:31.985  1795  1795 I SystemServiceManager: Starting com.android.server.wifi.scanner.WifiScanningService
04-28 16:55:31.987  1795  1795 I SystemServiceManager: Starting com.android.server.wifi.RttService
04-28 16:55:31.988  1795  1795 I SystemServiceManager: Starting com.android.server.ethernet.EthernetService
04-28 16:55:31.989  1795  1795 I SystemServer: StartConnectivityService
04-28 16:55:31.994  1795  1795 D ConnectivityService: ConnectivityService starting up
04-28 16:55:31.996  1795  1795 D ConnectivityService: wifiOnly=false
04-28 16:55:31.996  1795  1795 E ConnectivityService: Ignoring protectedNetwork 14
04-28 16:55:31.996  1795  1795 E ConnectivityService: Ignoring protectedNetwork 15
04-28 16:55:32.003  1795  1795 I SystemServer: StartNsdService
04-28 16:55:32.005  1795  1795 I SystemServer: StartUpdateLockService
04-28 16:55:32.006  1795  1795 I SystemServiceManager: Starting com.android.server.RecoverySystemService
04-28 16:55:32.007  1795  1795 I SystemServiceManager: Starting com.android.server.notification.NotificationManagerService
04-28 16:55:32.016  1795  1795 D ConditionProviders.SCP: new ScheduleConditionProvider()
04-28 16:55:32.034  1795  1795 I SystemServiceManager: Starting com.android.server.storage.DeviceStorageMonitorService
04-28 16:55:32.036  1795  1795 I SystemServer: StartLocationManagerService
04-28 16:55:32.041  1795  1795 I SystemServer: StartCountryDetectorService
